Component: ARM Compiler 5.06 update 7 (build 960) Tool: armlink [4d3601]

==============================================================================

Section Cross References

    main.o(i.advertising_init) refers to memseta.o(.text) for __aeabi_memclr4
    main.o(i.advertising_init) refers to ble_advertising.o(i.ble_advertising_init) for ble_advertising_init
    main.o(i.advertising_init) refers to app_error.o(i.app_error_handler_bare) for app_error_handler_bare
    main.o(i.advertising_init) refers to ble_advertising.o(i.ble_advertising_conn_cfg_tag_set) for ble_advertising_conn_cfg_tag_set
    main.o(i.advertising_init) refers to main.o(.data) for .data
    main.o(i.advertising_init) refers to main.o(i.on_adv_evt) for on_adv_evt
    main.o(i.advertising_init) refers to main.o(.bss) for .bss
    main.o(i.advertising_start) refers to nrf_log_frontend.o(i.nrf_log_frontend_std_0) for nrf_log_frontend_std_0
    main.o(i.advertising_start) refers to peer_manager.o(i.pm_peers_delete) for pm_peers_delete
    main.o(i.advertising_start) refers to ble_advertising.o(i.ble_advertising_start) for ble_advertising_start
    main.o(i.advertising_start) refers to app_error.o(i.app_error_handler_bare) for app_error_handler_bare
    main.o(i.advertising_start) refers to nrf_log_frontend.o(log_const_data) for m_nrf_log_app_logs_data_const
    main.o(i.advertising_start) refers to main.o(.bss) for .bss
    main.o(i.assert_nrf_callback) refers to app_error_handler_keil.o(.emb_text) for app_error_handler
    main.o(i.ble_evt_handler) refers to nrf_log_frontend.o(i.nrf_log_frontend_std_0) for nrf_log_frontend_std_0
    main.o(i.ble_evt_handler) refers to bsp.o(i.bsp_indication_set) for bsp_indication_set
    main.o(i.ble_evt_handler) refers to app_error.o(i.app_error_handler_bare) for app_error_handler_bare
    main.o(i.ble_evt_handler) refers to nrf_ble_qwr.o(i.nrf_ble_qwr_conn_handle_assign) for nrf_ble_qwr_conn_handle_assign
    main.o(i.ble_evt_handler) refers to nrf_log_frontend.o(log_const_data) for m_nrf_log_app_logs_data_const
    main.o(i.ble_evt_handler) refers to main.o(.data) for .data
    main.o(i.ble_evt_handler) refers to main.o(.bss) for .bss
    main.o(i.bsp_event_handler) refers to nrf_log_frontend.o(i.nrf_log_frontend_std_0) for nrf_log_frontend_std_0
    main.o(i.bsp_event_handler) refers to main.o(i.sleep_mode_enter) for sleep_mode_enter
    main.o(i.bsp_event_handler) refers to app_error.o(i.app_error_handler_bare) for app_error_handler_bare
    main.o(i.bsp_event_handler) refers to ble_advertising.o(i.ble_advertising_restart_without_whitelist) for ble_advertising_restart_without_whitelist
    main.o(i.bsp_event_handler) refers to main.o(i.advertising_init) for advertising_init
    main.o(i.bsp_event_handler) refers to main.o(i.advertising_start) for advertising_start
    main.o(i.bsp_event_handler) refers to main.o(.data) for .data
    main.o(i.bsp_event_handler) refers to nrf_log_frontend.o(log_const_data) for m_nrf_log_app_logs_data_const
    main.o(i.bsp_event_handler) refers to main.o(.bss) for .bss
    main.o(i.conn_params_error_handler) refers to app_error.o(i.app_error_handler_bare) for app_error_handler_bare
    main.o(i.main) refers to nrf_log_frontend.o(i.nrf_log_init) for nrf_log_init
    main.o(i.main) refers to app_error.o(i.app_error_handler_bare) for app_error_handler_bare
    main.o(i.main) refers to nrf_log_default_backends.o(i.nrf_log_default_backends_init) for nrf_log_default_backends_init
    main.o(i.main) refers to app_timer2.o(i.app_timer_init) for app_timer_init
    main.o(i.main) refers to bsp.o(i.bsp_init) for bsp_init
    main.o(i.main) refers to bsp_btn_ble.o(i.bsp_btn_ble_init) for bsp_btn_ble_init
    main.o(i.main) refers to bsp.o(i.bsp_indication_set) for bsp_indication_set
    main.o(i.main) refers to nrf_log_frontend.o(i.nrf_log_frontend_std_0) for nrf_log_frontend_std_0
    main.o(i.main) refers to bsp.o(i.bsp_button_is_pressed) for bsp_button_is_pressed
    main.o(i.main) refers to main.o(i.sleepmode) for sleepmode
    main.o(i.main) refers to nrf_pwr_mgmt.o(i.nrf_pwr_mgmt_init) for nrf_pwr_mgmt_init
    main.o(i.main) refers to nrf_sdh.o(i.nrf_sdh_enable_request) for nrf_sdh_enable_request
    main.o(i.main) refers to nrf_sdh_ble.o(i.nrf_sdh_ble_default_cfg_set) for nrf_sdh_ble_default_cfg_set
    main.o(i.main) refers to nrf_sdh_ble.o(i.nrf_sdh_ble_enable) for nrf_sdh_ble_enable
    main.o(i.main) refers to nrf_ble_gatt.o(i.nrf_ble_gatt_init) for nrf_ble_gatt_init
    main.o(i.main) refers to main.o(i.advertising_init) for advertising_init
    main.o(i.main) refers to nrf_ble_qwr.o(i.nrf_ble_qwr_init) for nrf_ble_qwr_init
    main.o(i.main) refers to memseta.o(.text) for __aeabi_memclr4
    main.o(i.main) refers to ble_conn_params.o(i.ble_conn_params_init) for ble_conn_params_init
    main.o(i.main) refers to main.o(i.peer_manager_init) for peer_manager_init
    main.o(i.main) refers to main.o(i.advertising_start) for advertising_start
[...]
    m_req_obs                                0x000322d8   Data           8  nrf_fstorage_sd.o(sdh_req_observers0)
    sdh_ble_observers3$$Limit                0x000322d8   Number         0  main.o(sdh_ble_observers3)
    sdh_req_observers0$$Base                 0x000322d8   Number         0  nrf_fstorage_sd.o(sdh_req_observers0)
    sdh_req_observers0$$Limit                0x000322e0   Number         0  nrf_fstorage_sd.o(sdh_req_observers0)
    sdh_soc_observers0$$Base                 0x000322e0   Number         0  nrf_drv_clock.o(sdh_soc_observers0)
    sdh_soc_observers0$$Limit                0x000322f0   Number         0  nrf_fstorage_sd.o(sdh_soc_observers0)
    sdh_stack_observers0$$Base               0x000322f0   Number         0  nrf_sdh_ble.o(sdh_stack_observers0)
    sdh_stack_observers0$$Limit              0x00032300   Number         0  nrf_sdh_soc.o(sdh_stack_observers0)
    sdh_state_observers0$$Base               0x00032300   Number         0  nrf_drv_clock.o(sdh_state_observers0)
    sdh_state_observers0$$Limit              0x00032310   Number         0  nrf_fstorage_sd.o(sdh_state_observers0)
    Image$$RW_IRAM1$$Base                    0x20002250   Number         0  anon$$obj.o ABSOLUTE
    nrf_drv_uart_use_easy_dma                0x2000233c   Data           1  nrf_drv_uart.o(.data)
    m_uart                                   0x200023e4   Data          20  nrf_log_backend_uart.o(.data)
    SystemCoreClock                          0x20002458   Data           4  system_nrf52.o(.data)
    fs_data$$Base                            0x2000245c   Number         0  fds.o(fs_data)
    m_fs                                     0x2000245c   Data          20  fds.o(fs_data)
    fs_data$$Limit                           0x20002470   Number         0  fds.o(fs_data)
    nrf_nvic_state                           0x20002e40   Data          12  app_util_platform.o(.bss)
    __initial_sp                             0x200055b0   Data           0  arm_startup_nrf52.o(STACK)



==============================================================================

Memory Map of the image

  Image Entry point : 0x00026201

  Load Region LR_IROM1 (Base: 0x00026000, Size: 0x0000c530, Max: 0x0005a000, ABSOLUTE, COMPRESSED[0x0000c3b0])

    Execution Region ER_IROM1 (Exec base: 0x00026000, Load base: 0x00026000, Size: 0x0000c310, Max: 0x0005a000, ABSOLUTE)

    Exec Addr    Load Addr    Size         Type   Attr      Idx    E Section Name        Object

    0x00026000   0x00026000   0x00000200   Data   RO         7352    RESET               arm_startup_nrf52.o
    0x00026200   0x00026200   0x00000000   Code   RO         7418  * .ARM.Collect$$$$00000000  mc_w.l(entry.o)
    0x00026200   0x00026200   0x00000004   Code   RO         7472    .ARM.Collect$$$$00000001  mc_w.l(entry2.o)
    0x00026204   0x00026204   0x00000004   Code   RO         7475    .ARM.Collect$$$$00000004  mc_w.l(entry5.o)
    0x00026208   0x00026208   0x00000000   Code   RO         7477    .ARM.Collect$$$$00000008  mc_w.l(entry7b.o)
    0x00026208   0x00026208   0x00000000   Code   RO         7479    .ARM.Collect$$$$0000000A  mc_w.l(entry8b.o)
    0x00026208   0x00026208   0x00000008   Code   RO         7480    .ARM.Collect$$$$0000000B  mc_w.l(entry9a.o)
    0x00026210   0x00026210   0x00000004   Code   RO         7487    .ARM.Collect$$$$0000000E  mc_w.l(entry12b.o)
    0x00026214   0x00026214   0x00000000   Code   RO         7482    .ARM.Collect$$$$0000000F  mc_w.l(entry10a.o)
    0x00026214   0x00026214   0x00000000   Code   RO         7484    .ARM.Collect$$$$00000011  mc_w.l(entry11a.o)
    0x00026214   0x00026214   0x00000004   Code   RO         7473    .ARM.Collect$$$$00002712  mc_w.l(entry2.o)
    0x00026218   0x00026218   0x000000c8   Code   RO         5415    .emb_text           nrf_atfifo.o
    0x000262e0   0x000262e0   0x000000e2   Code   RO         5551    .emb_text           nrf_atomic.o
    0x000263c2   0x000263c2   0x00000002   PAD
    0x000263c4   0x000263c4   0x00000024   Code   RO         7353    .text               arm_startup_nrf52.o
    0x000263e8   0x000263e8   0x00000062   Code   RO         7426    .text               mc_w.l(uldiv.o)
    0x0002644a   0x0002644a   0x0000001e   Code   RO         7428    .text               mc_w.l(llshl.o)
    0x00026468   0x00026468   0x00000008   Code   RO         7430    .text               mc_w.l(ctype_o.o)
    0x00026470   0x00026470   0x00000024   Code   RO         7458    .text               mc_w.l(memcpya.o)
    0x00026494   0x00026494   0x00000024   Code   RO         7460    .text               mc_w.l(memseta.o)
    0x000264b8   0x000264b8   0x0000000e   Code   RO         7462    .text               mc_w.l(strlen.o)
    0x000264c6   0x000264c6   0x0000001a   Code   RO         7466    .text               mc_w.l(memcmp.o)
    0x000264e0   0x000264e0   0x00000020   Code   RO         7489    .text               mc_w.l(llushr.o)
    0x00026500   0x00026500   0x00000024   Code   RO         7492    .text               mc_w.l(init.o)
    0x00026524   0x00026524   0x00000056   Code   RO         7502    .text               mc_w.l(__dczerorl2.o)
    0x0002657a   0x0002657a   0x00000002   PAD
    0x0002657c   0x0002657c   0x000000a4   Code   RO         3676    i.GPIOTE_IRQHandler  nrfx_gpiote.o
    0x00026620   0x00026620   0x00000058   Code   RO         3537    i.POWER_CLOCK_IRQHandler  nrfx_clock.o
    0x00026678   0x00026678   0x00000010   Code   RO         4879    i.RTC1_IRQHandler   drv_rtc.o
    0x00026688   0x00026688   0x00000004   Code   RO         7143    i.SWI2_EGU2_IRQHandler  nrf_sdh.o
    0x0002668c   0x0002668c   0x00000084   Code   RO         7361    i.SystemInit        system_nrf52.o
    0x00026710   0x00026710   0x0000000c   Code   RO         3981    i.UARTE0_UART0_IRQHandler  nrfx_prs.o
    0x0002671c   0x0002671c   0x0000000e   Code   RO         7496    i.__scatterload_copy  mc_w.l(handlers.o)
    0x0002672a   0x0002672a   0x00000002   Code   RO         7497    i.__scatterload_null  mc_w.l(handlers.o)
    0x0002672c   0x0002672c   0x0000000e   Code   RO         7498    i.__scatterload_zeroinit  mc_w.l(handlers.o)
    0x0002673a   0x0002673a   0x00000002   PAD
    0x0002673c   0x0002673c   0x00000024   Code   RO         7144    i.__sd_nvic_app_accessible_irq  nrf_sdh.o
    0x00026760   0x00026760   0x0000013c   Code   RO         2681    i._conn_secure      peer_manager_handler.o
    0x0002689c   0x0002689c   0x00000026   Code   RO         1702    i.addr_compare      id_manager.o
    0x000268c2   0x000268c2   0x0000000c   Code   RO         5803    i.addr_is_aligned32  nrf_fstorage.o
    0x000268ce   0x000268ce   0x00000018   Code   RO         5804    i.addr_is_within_bounds  nrf_fstorage.o
    0x000268e6   0x000268e6   0x00000010   Code   RO          955    i.adv_set_data_size_max_get  ble_advertising.o
    0x000268f6   0x000268f6   0x00000036   Code   RO          654    i.advertising_buttons_configure  bsp_btn_ble.o
    0x0002692c   0x0002692c   0x00000084   Code   RO            4    i.advertising_init  main.o
    0x000269b0   0x000269b0   0x00000050   Code   RO            5    i.advertising_start  main.o
    0x00026a00   0x00026a00   0x00000052   Code   RO         1703    i.ah                id_manager.o
    0x00026a52   0x00026a52   0x00000006   Code   RO          537    i.alert_timer_handler  bsp.o
    0x00026a58   0x00026a58   0x0000000c   Code   RO         2828    i.allow_repairing   security_dispatcher.o
    0x00026a64   0x00026a64   0x00000024   Code   RO         4384    i.app_button_enable  app_button.o
    0x00026a88   0x00026a88   0x00000080   Code   RO         4385    i.app_button_init   app_button.o
    0x00026b08   0x00026b08   0x00000084   Code   RO         4548    i.app_error_fault_handler  app_error_weak.o
    0x00026b8c   0x00026b8c   0x00000016   Code   RO         4488    i.app_error_handler_bare  app_error.o
    0x00026ba2   0x00026ba2   0x00000002   PAD
    0x00026ba4   0x00026ba4   0x0000000c   Code   RO         4643    i.app_timer_cnt_get  app_timer2.o
    0x00026bb0   0x00026bb0   0x00000016   Code   RO         4644    i.app_timer_create  app_timer2.o
    0x00026bc6   0x00026bc6   0x00000002   PAD
    0x00026bc8   0x00026bc8   0x0000005c   Code   RO         4645    i.app_timer_init    app_timer2.o
    0x00026c24   0x00026c24   0x00000030   Code   RO         4648    i.app_timer_start   app_timer2.o
    0x00026c54   0x00026c54   0x0000000c   Code   RO         4649    i.app_timer_stop    app_timer2.o
    0x00026c60   0x00026c60   0x00000048   Code   RO         4784    i.app_util_critical_region_enter  app_util_platform.o
    0x00026ca8   0x00026ca8   0x00000034   Code   RO         4785    i.app_util_critical_region_exit  app_util_platform.o
    0x00026cdc   0x00026cdc   0x00000088   Code   RO         4035    i.apply_config      nrfx_uart.o
    0x00026d64   0x00026d64   0x00000088   Code   RO         4223    i.apply_config      nrfx_uarte.o
    0x00026dec   0x00026dec   0x00000004   Code   RO         1419    i.apply_pending_handle  gatt_cache_manager.o
    0x00026df0   0x00026df0   0x00000180   Code   RO         2829    i.auth_status_success_process  security_dispatcher.o
    0x00026f70   0x00026f70   0x00000182   Code   RO          816    i.ble_advdata_encode  ble_advdata.o
    0x000270f2   0x000270f2   0x00000020   Code   RO          818    i.ble_advdata_parse  ble_advdata.o
    0x00027112   0x00027112   0x00000046   Code   RO          819    i.ble_advdata_search  ble_advdata.o
    0x00027158   0x00027158   0x00000006   Code   RO          957    i.ble_advertising_conn_cfg_tag_set  ble_advertising.o
    0x0002715e   0x0002715e   0x000000f8   Code   RO          958    i.ble_advertising_init  ble_advertising.o
    0x00027256   0x00027256   0x0000006a   Code   RO          960    i.ble_advertising_on_ble_evt  ble_advertising.o
    0x000272c0   0x000272c0   0x0000003a   Code   RO          962    i.ble_advertising_restart_without_whitelist  ble_advertising.o
    0x000272fa   0x000272fa   0x00000230   Code   RO          963    i.ble_advertising_start  ble_advertising.o
    0x0002752a   0x0002752a   0x00000002   PAD
    0x0002752c   0x0002752c   0x00000068   Code   RO         1086    i.ble_conn_params_init  ble_conn_params.o
    0x00027594   0x00027594   0x00000020   Code   RO         1183    i.ble_conn_state_encrypted  ble_conn_state.o
    0x000275b4   0x000275b4   0x0000002c   Code   RO         1185    i.ble_conn_state_for_each_set_user_flag  ble_conn_state.o
    0x000275e0   0x000275e0   0x00000020   Code   RO         1187    i.ble_conn_state_lesc  ble_conn_state.o
    0x00027600   0x00027600   0x00000020   Code   RO         1188    i.ble_conn_state_mitm_protected  ble_conn_state.o
    0x00027620   0x00027620   0x00000024   Code   RO         1191    i.ble_conn_state_role  ble_conn_state.o
    0x00027644   0x00027644   0x00000024   Code   RO         1192    i.ble_conn_state_status  ble_conn_state.o
    0x00027668   0x00027668   0x00000018   Code   RO         1193    i.ble_conn_state_user_flag_acquire  ble_conn_state.o
    0x00027680   0x00027680   0x00000030   Code   RO         1194    i.ble_conn_state_user_flag_get  ble_conn_state.o
    0x000276b0   0x000276b0   0x00000038   Code   RO         1195    i.ble_conn_state_user_flag_set  ble_conn_state.o
    0x000276e8   0x000276e8   0x00000014   Code   RO         1196    i.ble_conn_state_valid  ble_conn_state.o
    0x000276fc   0x000276fc   0x00000060   Code   RO          822    i.ble_device_addr_encode  ble_advdata.o
    0x0002775c   0x0002775c   0x000000b4   Code   RO            7    i.ble_evt_handler   main.o
    0x00027810   0x00027810   0x00000070   Code   RO          655    i.ble_evt_handler   bsp_btn_ble.o
    0x00027880   0x00027880   0x000000fc   Code   RO         1088    i.ble_evt_handler   ble_conn_params.o
    0x0002797c   0x0002797c   0x00000118   Code   RO         1197    i.ble_evt_handler   ble_conn_state.o
    0x00027a94   0x00027a94   0x00000028   Code   RO         2372    i.ble_evt_handler   peer_manager.o
    0x00027abc   0x00027abc   0x00000008   Code   RO         1359    i.ble_srv_is_notification_enabled  ble_srv_common.o
    0x00027ac4   0x00027ac4   0x0000000c   Code   RO          421    i.bsp_board_button_idx_to_pin  boards.o
    0x00027ad0   0x00027ad0   0x00000020   Code   RO          422    i.bsp_board_button_state_get  boards.o
    0x00027af0   0x00027af0   0x00000054   Code   RO          423    i.bsp_board_init    boards.o
    0x00027b44   0x00027b44   0x00000024   Code   RO          425    i.bsp_board_led_invert  boards.o
    0x00027b68   0x00027b68   0x00000010   Code   RO          426    i.bsp_board_led_off  boards.o
    0x00027b78   0x00027b78   0x00000010   Code   RO          427    i.bsp_board_led_on  boards.o
    0x00027b88   0x00027b88   0x00000020   Code   RO          428    i.bsp_board_led_state_get  boards.o
    0x00027ba8   0x00027ba8   0x00000012   Code   RO          429    i.bsp_board_leds_off  boards.o
    0x00027bba   0x00027bba   0x00000012   Code   RO          430    i.bsp_board_leds_on  boards.o
    0x00027bcc   0x00027bcc   0x00000024   Code   RO          431    i.bsp_board_pin_to_button_idx  boards.o
    0x00027bf0   0x00027bf0   0x00000038   Code   RO          656    i.bsp_btn_ble_init  bsp_btn_ble.o
    0x00027c28   0x00027c28   0x0000001e   Code   RO          657    i.bsp_btn_ble_sleep_mode_prepare  bsp_btn_ble.o
    0x00027c46   0x00027c46   0x00000002   PAD
    0x00027c48   0x00027c48   0x00000090   Code   RO          538    i.bsp_button_event_handler  bsp.o
    0x00027cd8   0x00027cd8   0x0000000c   Code   RO          539    i.bsp_button_is_pressed  bsp.o
    0x00027ce4   0x00027ce4   0x000000e0   Code   RO            8    i.bsp_event_handler  main.o
    0x00027dc4   0x00027dc4   0x00000044   Code   RO          542    i.bsp_event_to_button_action_assign  bsp.o
    0x00027e08   0x00027e08   0x00000018   Code   RO          543    i.bsp_indication_set  bsp.o
    0x00027e20   0x00027e20   0x00000094   Code   RO          544    i.bsp_init          bsp.o
    0x00027eb4   0x00027eb4   0x000001d0   Code   RO          545    i.bsp_led_indication  bsp.o
    0x00028084   0x00028084   0x00000006   Code   RO          546    i.bsp_wakeup_button_disable  bsp.o
    0x0002808a   0x0002808a   0x00000006   Code   RO          547    i.bsp_wakeup_button_enable  bsp.o
    0x00028090   0x00028090   0x00000094   Code   RO         6542    i.buf_prealloc      nrf_log_frontend.o
    0x00028124   0x00028124   0x0000002e   Code   RO         5763    i.buffer_add        nrf_fprintf_format.o
    0x00028152   0x00028152   0x00000002   PAD
    0x00028154   0x00028154   0x00000018   Code   RO         6543    i.buffer_is_empty   nrf_log_frontend.o
    0x0002816c   0x0002816c   0x00000028   Code   RO         4387    i.button_get        app_button.o
    0x00028194   0x00028194   0x00000008   Code   RO          548    i.button_timer_handler  bsp.o
    0x0002819c   0x0002819c   0x00000028   Code   RO         1420    i.car_update_needed  gatt_cache_manager.o
    0x000281c4   0x000281c4   0x00000040   Code   RO         1421    i.car_update_pending_handle  gatt_cache_manager.o
    0x00028204   0x00028204   0x0000001c   Code   RO         3677    i.channel_free      nrfx_gpiote.o
    0x00028220   0x00028220   0x00000048   Code   RO         3678    i.channel_port_alloc  nrfx_gpiote.o
    0x00028268   0x00028268   0x00000010   Code   RO         3679    i.channel_port_get  nrfx_gpiote.o
    0x00028278   0x00028278   0x0000003e   Code   RO         2282    i.claim             peer_id.o
    0x000282b6   0x000282b6   0x00000002   PAD
    0x000282b8   0x000282b8   0x00000028   Code   RO         3144    i.clock_clk_started_notify  nrf_drv_clock.o
    0x000282e0   0x000282e0   0x0000001c   Code   RO         3145    i.clock_irq_handler  nrf_drv_clock.o
    0x000282fc   0x000282fc   0x00000018   Code   RO         4651    i.compare_func      app_timer2.o
    0x00028314   0x00028314   0x0000003e   Code   RO         1198    i.conn_handle_list_get  ble_conn_state.o
    0x00028352   0x00028352   0x00000088   Code   RO          823    i.conn_int_encode   ble_advdata.o
    0x000283da   0x000283da   0x00000004   Code   RO            9    i.conn_params_error_handler  main.o
    0x000283de   0x000283de   0x00000002   PAD
    0x000283e0   0x000283e0   0x00000048   Code   RO         1089    i.conn_params_negotiation  ble_conn_params.o
    0x00028428   0x00028428   0x00000044   Code   RO         2830    i.conn_sec_failure  security_dispatcher.o
    0x0002846c   0x0002846c   0x00000004   Code   RO         2682    i.conn_secure       peer_manager_handler.o
    0x00028470   0x00028470   0x000000c0   Code   RO         1874    i.data_length_update  nrf_ble_gatt.o
    0x00028530   0x00028530   0x00000030   Code   RO         1422    i.db_update_pending_handle  gatt_cache_manager.o
    0x00028560   0x00028560   0x0000008c   Code   RO         5048    i.delete_execute    fds.o
    0x000285ec   0x000285ec   0x00000048   Code   RO         4388    i.detection_delay_timeout_handler  app_button.o
    0x00028634   0x00028634   0x00000014   Code   RO         6544    i.dropped_sat16_get  nrf_log_frontend.o
    0x00028648   0x00028648   0x00000014   Code   RO         4880    i.drv_rtc_compare_disable  drv_rtc.o
    0x0002865c   0x0002865c   0x0000000e   Code   RO         4883    i.drv_rtc_compare_pending  drv_rtc.o
    0x0002866a   0x0002866a   0x00000050   Code   RO         4884    i.drv_rtc_compare_set  drv_rtc.o
    0x000286ba   0x000286ba   0x00000008   Code   RO         4885    i.drv_rtc_counter_get  drv_rtc.o
    0x000286c2   0x000286c2   0x00000002   PAD
    0x000286c4   0x000286c4   0x000000d8   Code   RO         4886    i.drv_rtc_init      drv_rtc.o
    0x0002879c   0x0002879c   0x0000001e   Code   RO         4887    i.drv_rtc_irq_trigger  drv_rtc.o
    0x000287ba   0x000287ba   0x00000008   Code   RO         4889    i.drv_rtc_overflow_enable  drv_rtc.o
    0x000287c2   0x000287c2   0x00000008   Code   RO         4890    i.drv_rtc_overflow_pending  drv_rtc.o
    0x000287ca   0x000287ca   0x00000008   Code   RO         4891    i.drv_rtc_start     drv_rtc.o
    0x000287d2   0x000287d2   0x00000008   Code   RO         4892    i.drv_rtc_stop      drv_rtc.o
    0x000287da   0x000287da   0x000000de   Code   RO         4897    i.drv_rtc_windowed_compare_set  drv_rtc.o
    0x000288b8   0x000288b8   0x0000000a   Code   RO         2831    i.encryption_failure  security_dispatcher.o
    0x000288c2   0x000288c2   0x00000002   PAD
    0x000288c4   0x000288c4   0x0000004c   Code   RO         5890    i.erase             nrf_fstorage_sd.o
    0x00028910   0x00028910   0x00000074   Code   RO         5049    i.event_prepare     fds.o
    0x00028984   0x00028984   0x00000020   Code   RO         5050    i.event_send        fds.o
    0x000289a4   0x000289a4   0x00000054   Code   RO         5891    i.event_send        nrf_fstorage_sd.o
    0x000289f8   0x000289f8   0x00000098   Code   RO         2969    i.events_send_from_err_code  security_manager.o
    0x00028a90   0x00028a90   0x00000012   Code   RO         4898    i.evt_enable        drv_rtc.o
    0x00028aa2   0x00028aa2   0x00000002   PAD
    0x00028aa4   0x00028aa4   0x000000e0   Code   RO         4389    i.evt_handle        app_button.o
    0x00028b84   0x00028b84   0x00000014   Code   RO         4899    i.evt_pending       drv_rtc.o
    0x00028b98   0x00028b98   0x0000001c   Code   RO         1423    i.evt_send          gatt_cache_manager.o
    0x00028bb4   0x00028bb4   0x0000001c   Code   RO         1607    i.evt_send          gatts_cache_manager.o
    0x00028bd0   0x00028bd0   0x0000002c   Code   RO         2373    i.evt_send          peer_manager.o
    0x00028bfc   0x00028bfc   0x0000001c   Code   RO         2832    i.evt_send          security_dispatcher.o
    0x00028c18   0x00028c18   0x0000000c   Code   RO         2970    i.evt_send          security_manager.o
    0x00028c24   0x00028c24   0x000000e0   Code   RO         2020    i.fds_evt_handler   peer_data_storage.o
    0x00028d04   0x00028d04   0x00000048   Code   RO         5052    i.fds_file_delete   fds.o
    0x00028d4c   0x00028d4c   0x00000040   Code   RO         5053    i.fds_gc            fds.o
    0x00028d8c   0x00028d8c   0x000000e4   Code   RO         5054    i.fds_init          fds.o
    0x00028e70   0x00028e70   0x00000048   Code   RO         5055    i.fds_record_close  fds.o
    0x00028eb8   0x00028eb8   0x0000000e   Code   RO         5057    i.fds_record_find   fds.o
    0x00028ec6   0x00028ec6   0x00000010   Code   RO         5058    i.fds_record_find_by_key  fds.o
    0x00028ed6   0x00028ed6   0x00000010   Code   RO         5059    i.fds_record_find_in_file  fds.o
    0x00028ee6   0x00028ee6   0x00000012   Code   RO         5060    i.fds_record_id_from_desc  fds.o
    0x00028ef8   0x00028ef8   0x0000004c   Code   RO         5062    i.fds_record_open   fds.o
    0x00028f44   0x00028f44   0x00000010   Code   RO         5063    i.fds_record_update  fds.o
    0x00028f54   0x00028f54   0x00000008   Code   RO         5064    i.fds_record_write  fds.o
    0x00028f5c   0x00028f5c   0x00000030   Code   RO         5066    i.fds_register      fds.o
    0x00028f8c   0x00028f8c   0x000000a0   Code   RO         5069    i.fds_stat          fds.o
    0x0002902c   0x0002902c   0x00000014   Code   RO         2021    i.file_id_within_pm_range  peer_data_storage.o
    0x00029040   0x00029040   0x00000012   Code   RO         2833    i.flag_id_init      security_dispatcher.o
    0x00029052   0x00029052   0x00000012   Code   RO         2971    i.flag_id_init      security_manager.o
    0x00029064   0x00029064   0x0000000a   Code   RO         1199    i.flag_toggle       ble_conn_state.o
    0x0002906e   0x0002906e   0x00000028   Code   RO          965    i.flags_set         ble_advertising.o
    0x00029096   0x00029096   0x00000002   PAD
    0x00029098   0x00029098   0x00000030   Code   RO         2972    i.flags_set_from_err_code  security_manager.o
    0x000290c8   0x000290c8   0x00000030   Code   RO         1200    i.for_each_set_flag  ble_conn_state.o
    0x000290f8   0x000290f8   0x00000006   Code   RO         5070    i.fs_event_handler  fds.o
    0x000290fe   0x000290fe   0x00000002   PAD
    0x00029100   0x00029100   0x00000080   Code   RO         5071    i.gc_execute        fds.o
    0x00029180   0x00029180   0x0000004c   Code   RO         5072    i.gc_next_page      fds.o
    0x000291cc   0x000291cc   0x00000040   Code   RO         5073    i.gc_page_erase     fds.o
    0x0002920c   0x0002920c   0x00000034   Code   RO         5074    i.gc_record_copy    fds.o
    0x00029240   0x00029240   0x00000024   Code   RO         5075    i.gc_record_find_next  fds.o
    0x00029264   0x00029264   0x00000070   Code   RO         5076    i.gc_state_advance  fds.o
    0x000292d4   0x000292d4   0x00000030   Code   RO         5077    i.gc_swap_pages     fds.o
    0x00029304   0x00029304   0x00000230   Code   RO         1424    i.gcm_ble_evt_handler  gatt_cache_manager.o
    0x00029534   0x00029534   0x0000003c   Code   RO         1425    i.gcm_im_evt_handler  gatt_cache_manager.o
    0x00029570   0x00029570   0x00000094   Code   RO         1426    i.gcm_init          gatt_cache_manager.o
    0x00029604   0x00029604   0x00000088   Code   RO         1429    i.gcm_pdb_evt_handler  gatt_cache_manager.o
    0x0002968c   0x0002968c   0x00000034   Code   RO         4652    i.get_now           app_timer2.o
    0x000296c0   0x000296c0   0x0000003c   Code   RO         4390    i.gpiote_event_handler  app_button.o
    0x000296fc   0x000296fc   0x0000001c   Code   RO         1608    i.gscm_db_change_notification_done  gatts_cache_manager.o
    0x00029718   0x00029718   0x00000014   Code   RO         1609    i.gscm_init         gatts_cache_manager.o
    0x0002972c   0x0002972c   0x00000090   Code   RO         1611    i.gscm_local_db_cache_apply  gatts_cache_manager.o
    0x000297bc   0x000297bc   0x000000ac   Code   RO         1612    i.gscm_local_db_cache_update  gatts_cache_manager.o
    0x00029868   0x00029868   0x00000018   Code   RO         1613    i.gscm_pdb_evt_handler  gatts_cache_manager.o
    0x00029880   0x00029880   0x0000001e   Code   RO         1614    i.gscm_service_changed_ind_needed  gatts_cache_manager.o
    0x0002989e   0x0002989e   0x00000002   PAD
    0x000298a0   0x000298a0   0x0000005c   Code   RO         1615    i.gscm_service_changed_ind_send  gatts_cache_manager.o
    0x000298fc   0x000298fc   0x0000002c   Code   RO         5078    i.header_check      fds.o
    0x00029928   0x00029928   0x00000012   Code   RO         5079    i.header_has_next   fds.o
    0x0002993a   0x0002993a   0x00000046   Code   RO         1704    i.im_address_resolve  id_manager.o
    0x00029980   0x00029980   0x00000038   Code   RO         1705    i.im_ble_addr_get   id_manager.o
    0x000299b8   0x000299b8   0x000000dc   Code   RO         1706    i.im_ble_evt_handler  id_manager.o
    0x00029a94   0x00029a94   0x00000040   Code   RO         1707    i.im_conn_handle_get  id_manager.o
    0x00029ad4   0x00029ad4   0x00000038   Code   RO         1709    i.im_find_duplicate_bonding_data  id_manager.o
    0x00029b0c   0x00029b0c   0x00000072   Code   RO         1712    i.im_is_duplicate_bonding_data  id_manager.o
    0x00029b7e   0x00029b7e   0x00000018   Code   RO         1713    i.im_master_id_is_valid  id_manager.o
    0x00029b96   0x00029b96   0x0000002a   Code   RO         1714    i.im_master_ids_compare  id_manager.o
    0x00029bc0   0x00029bc0   0x00000014   Code   RO         1715    i.im_new_peer_id    id_manager.o
    0x00029bd4   0x00029bd4   0x0000002c   Code   RO         1716    i.im_peer_free      id_manager.o
    0x00029c00   0x00029c00   0x00000024   Code   RO         1717    i.im_peer_id_get_by_conn_handle  id_manager.o
    0x00029c24   0x00029c24   0x0000003c   Code   RO         1718    i.im_peer_id_get_by_master_id  id_manager.o
    0x00029c60   0x00029c60   0x00000034   Code   RO         5892    i.init              nrf_fstorage_sd.o
    0x00029c94   0x00029c94   0x000000c8   Code   RO         5080    i.init_execute      fds.o
    0x00029d5c   0x00029d5c   0x00000014   Code   RO         1090    i.instance_get      ble_conn_params.o
    0x00029d70   0x00029d70   0x000000a6   Code   RO         5764    i.int_print         nrf_fprintf_format.o
    0x00029e16   0x00029e16   0x00000002   PAD
    0x00029e18   0x00029e18   0x00000088   Code   RO         4224    i.interrupts_enable  nrfx_uarte.o
    0x00029ea0   0x00029ea0   0x00000034   Code   RO         6545    i.invalid_packets_omit  nrf_log_frontend.o
    0x00029ed4   0x00029ed4   0x00000010   Code   RO         5893    i.is_busy           nrf_fstorage_sd.o
    0x00029ee4   0x00029ee4   0x00000044   Code   RO         1091    i.is_conn_params_ok  ble_conn_params.o
    0x00029f28   0x00029f28   0x00000014   Code   RO         1723    i.is_valid_irk      id_manager.o
    0x00029f3c   0x00029f3c   0x0000000c   Code   RO         5081    i.is_word_aligned   fds.o
    0x00029f48   0x00029f48   0x00000030   Code   RO          549    i.leds_off          bsp.o
    0x00029f78   0x00029f78   0x00000014   Code   RO          550    i.leds_timer_handler  bsp.o
    0x00029f8c   0x00029f8c   0x00000014   Code   RO         1875    i.link_init         nrf_ble_gatt.o
    0x00029fa0   0x00029fa0   0x000000d0   Code   RO         2973    i.link_secure       security_manager.o
    0x0002a070   0x0002a070   0x0000003c   Code   RO         2834    i.link_secure_failure  security_dispatcher.o
    0x0002a0ac   0x0002a0ac   0x0000002c   Code   RO         2974    i.link_secure_pending_handle  security_manager.o
    0x0002a0d8   0x0002a0d8   0x000000a8   Code   RO         1430    i.local_db_apply_in_evt  gatt_cache_manager.o
    0x0002a180   0x0002a180   0x00000010   Code   RO         1431    i.local_db_update   gatt_cache_manager.o
    0x0002a190   0x0002a190   0x0000010c   Code   RO         1432    i.local_db_update_in_evt  gatt_cache_manager.o
    0x0002a29c   0x0002a29c   0x000000a4   Code   RO         6546    i.log_skip          nrf_log_frontend.o
    0x0002a340   0x0002a340   0x00000210   Code   RO           10    i.main              main.o
    0x0002a550   0x0002a550   0x00000064   Code   RO          824    i.manuf_specific_data_encode  ble_advdata.o
    0x0002a5b4   0x0002a5b4   0x0000007e   Code   RO         6002    i.memobj_op         nrf_memobj.o
    0x0002a632   0x0002a632   0x00000002   PAD
    0x0002a634   0x0002a634   0x00000030   Code   RO         6547    i.module_idx_get    nrf_log_frontend.o
    0x0002a664   0x0002a664   0x00000008   Code   RO         2781    i.mutex_lock_status_get  pm_buffer.o
    0x0002a66c   0x0002a66c   0x000000a6   Code   RO          825    i.name_encode       ble_advdata.o
    0x0002a712   0x0002a712   0x00000002   PAD
    0x0002a714   0x0002a714   0x00000014   Code   RO         2975    i.new_context_get   security_manager.o
    0x0002a728   0x0002a728   0x00000032   Code   RO         2976    i.new_evt           security_manager.o
    0x0002a75a   0x0002a75a   0x00000030   Code   RO         2283    i.next_id_get       peer_id.o
    0x0002a78a   0x0002a78a   0x00000010   Code   RO         5417    i.nrf_atfifo_clear  nrf_atfifo.o
    0x0002a79a   0x0002a79a   0x00000026   Code   RO         5419    i.nrf_atfifo_init   nrf_atfifo.o
    0x0002a7c0   0x0002a7c0   0x00000016   Code   RO         5420    i.nrf_atfifo_item_alloc  nrf_atfifo.o
    0x0002a7d6   0x0002a7d6   0x00000016   Code   RO         5421    i.nrf_atfifo_item_free  nrf_atfifo.o
    0x0002a7ec   0x0002a7ec   0x00000016   Code   RO         5422    i.nrf_atfifo_item_get  nrf_atfifo.o
    0x0002a802   0x0002a802   0x00000016   Code   RO         5423    i.nrf_atfifo_item_put  nrf_atfifo.o
    0x0002a818   0x0002a818   0x00000016   Code   RO         5485    i.nrf_atflags_clear  nrf_atflags.o
    0x0002a82e   0x0002a82e   0x00000020   Code   RO         5487    i.nrf_atflags_fetch_set  nrf_atflags.o
    0x0002a84e   0x0002a84e   0x0000004a   Code   RO         5489    i.nrf_atflags_find_and_set_flag  nrf_atflags.o
    0x0002a898   0x0002a898   0x00000016   Code   RO         5490    i.nrf_atflags_get   nrf_atflags.o
    0x0002a8ae   0x0002a8ae   0x00000014   Code   RO         5492    i.nrf_atflags_set   nrf_atflags.o
    0x0002a8c2   0x0002a8c2   0x00000006   Code   RO         5553    i.nrf_atomic_flag_clear_fetch  nrf_atomic.o
    0x0002a8c8   0x0002a8c8   0x00000006   Code   RO         5554    i.nrf_atomic_flag_set  nrf_atomic.o
    0x0002a8ce   0x0002a8ce   0x00000006   Code   RO         5555    i.nrf_atomic_flag_set_fetch  nrf_atomic.o
    0x0002a8d4   0x0002a8d4   0x0000000c   Code   RO         5556    i.nrf_atomic_u32_add  nrf_atomic.o
    0x0002a8e0   0x0002a8e0   0x0000000c   Code   RO         5557    i.nrf_atomic_u32_and  nrf_atomic.o
    0x0002a8ec   0x0002a8ec   0x0000000a   Code   RO         5559    i.nrf_atomic_u32_fetch_add  nrf_atomic.o
    0x0002a8f6   0x0002a8f6   0x0000000a   Code   RO         5560    i.nrf_atomic_u32_fetch_and  nrf_atomic.o
    0x0002a900   0x0002a900   0x0000000a   Code   RO         5561    i.nrf_atomic_u32_fetch_or  nrf_atomic.o
    0x0002a90a   0x0002a90a   0x0000000a   Code   RO         5562    i.nrf_atomic_u32_fetch_store  nrf_atomic.o
    0x0002a914   0x0002a914   0x0000000c   Code   RO         5566    i.nrf_atomic_u32_or  nrf_atomic.o
    0x0002a920   0x0002a920   0x0000000c   Code   RO         5568    i.nrf_atomic_u32_sub  nrf_atomic.o
    0x0002a92c   0x0002a92c   0x00000044   Code   RO         5687    i.nrf_balloc_alloc  nrf_balloc.o
    0x0002a970   0x0002a970   0x00000030   Code   RO         5688    i.nrf_balloc_free   nrf_balloc.o
    0x0002a9a0   0x0002a9a0   0x00000030   Code   RO         5689    i.nrf_balloc_init   nrf_balloc.o
    0x0002a9d0   0x0002a9d0   0x00000010   Code   RO         3680    i.nrf_bitmask_bit_is_set  nrfx_gpiote.o
    0x0002a9e0   0x0002a9e0   0x00000022   Code   RO         1881    i.nrf_ble_gatt_init  nrf_ble_gatt.o
    0x0002aa02   0x0002aa02   0x00000002   PAD
    0x0002aa04   0x0002aa04   0x00000150   Code   RO         1882    i.nrf_ble_gatt_on_ble_evt  nrf_ble_gatt.o
    0x0002ab54   0x0002ab54   0x00000016   Code   RO         1976    i.nrf_ble_qwr_conn_handle_assign  nrf_ble_qwr.o
    0x0002ab6a   0x0002ab6a   0x00000024   Code   RO         1977    i.nrf_ble_qwr_init  nrf_ble_qwr.o
    0x0002ab8e   0x0002ab8e   0x000000b6   Code   RO         1978    i.nrf_ble_qwr_on_ble_evt  nrf_ble_qwr.o
    0x0002ac44   0x0002ac44   0x0000000e   Code   RO         3538    i.nrf_clock_event_check  nrfx_clock.o
    0x0002ac52   0x0002ac52   0x00000010   Code   RO         3539    i.nrf_clock_event_clear  nrfx_clock.o
    0x0002ac62   0x0002ac62   0x00000002   PAD
    0x0002ac64   0x0002ac64   0x00000020   Code   RO           11    i.nrf_delay_ms      main.o
    0x0002ac84   0x0002ac84   0x00000040   Code   RO         3152    i.nrf_drv_clock_init  nrf_drv_clock.o
    0x0002acc4   0x0002acc4   0x00000034   Code   RO         3156    i.nrf_drv_clock_lfclk_release  nrf_drv_clock.o
    0x0002acf8   0x0002acf8   0x00000068   Code   RO         3346    i.nrf_drv_uart_init  nrf_drv_uart.o
    0x0002ad60   0x0002ad60   0x0000001a   Code   RO         5724    i.nrf_fprintf       nrf_fprintf.o
    0x0002ad7a   0x0002ad7a   0x00000018   Code   RO         5725    i.nrf_fprintf_buffer_flush  nrf_fprintf.o
    0x0002ad92   0x0002ad92   0x000001da   Code   RO         5765    i.nrf_fprintf_fmt   nrf_fprintf_format.o
    0x0002af6c   0x0002af6c   0x00000138   Code   RO         5805    i.nrf_fstorage_erase  nrf_fstorage.o
    0x0002b0a4   0x0002b0a4   0x00000094   Code   RO         5806    i.nrf_fstorage_init  nrf_fstorage.o
    0x0002b138   0x0002b138   0x00000018   Code   RO         5894    i.nrf_fstorage_sdh_req_handler  nrf_fstorage_sd.o
    0x0002b150   0x0002b150   0x00000020   Code   RO         5895    i.nrf_fstorage_sdh_state_handler  nrf_fstorage_sd.o
    0x0002b170   0x0002b170   0x000000a4   Code   RO         5896    i.nrf_fstorage_sys_evt_handler  nrf_fstorage_sd.o
    0x0002b214   0x0002b214   0x000001dc   Code   RO         5812    i.nrf_fstorage_write  nrf_fstorage.o
    0x0002b3f0   0x0002b3f0   0x00000024   Code   RO          433    i.nrf_gpio_cfg      boards.o
    0x0002b414   0x0002b414   0x00000024   Code   RO         3681    i.nrf_gpio_cfg      nrfx_gpiote.o
    0x0002b438   0x0002b438   0x00000024   Code   RO         4036    i.nrf_gpio_cfg      nrfx_uart.o
    0x0002b45c   0x0002b45c   0x00000024   Code   RO         4225    i.nrf_gpio_cfg      nrfx_uarte.o
    0x0002b480   0x0002b480   0x00000012   Code   RO         4037    i.nrf_gpio_cfg_default  nrfx_uart.o
    0x0002b492   0x0002b492   0x00000012   Code   RO         4226    i.nrf_gpio_cfg_default  nrfx_uarte.o
    0x0002b4a4   0x0002b4a4   0x00000012   Code   RO         4038    i.nrf_gpio_cfg_input  nrfx_uart.o
    0x0002b4b6   0x0002b4b6   0x00000012   Code   RO         4227    i.nrf_gpio_cfg_input  nrfx_uarte.o
    0x0002b4c8   0x0002b4c8   0x00000014   Code   RO         4039    i.nrf_gpio_cfg_output  nrfx_uart.o
    0x0002b4dc   0x0002b4dc   0x00000014   Code   RO         4228    i.nrf_gpio_cfg_output  nrfx_uarte.o
    0x0002b4f0   0x0002b4f0   0x00000022   Code   RO         3683    i.nrf_gpio_cfg_sense_set  nrfx_gpiote.o
    0x0002b512   0x0002b512   0x00000002   PAD
    0x0002b514   0x0002b514   0x0000002c   Code   RO         3684    i.nrf_gpio_latches_read_and_clear  nrfx_gpiote.o
    0x0002b540   0x0002b540   0x0000001e   Code   RO         3685    i.nrf_gpio_pin_present_check  nrfx_gpiote.o
    0x0002b55e   0x0002b55e   0x00000016   Code   RO          434    i.nrf_gpio_pin_write  boards.o
    0x0002b574   0x0002b574   0x00000014   Code   RO         3686    i.nrf_gpiote_event_clear  nrfx_gpiote.o
    0x0002b588   0x0002b588   0x00000010   Code   RO         3687    i.nrf_gpiote_event_is_set  nrfx_gpiote.o
    0x0002b598   0x0002b598   0x0000005c   Code   RO         6548    i.nrf_log_backend_add  nrf_log_frontend.o
    0x0002b5f4   0x0002b5f4   0x000000c2   Code   RO         6390    i.nrf_log_backend_serial_put  nrf_log_backend_serial.o
    0x0002b6b6   0x0002b6b6   0x00000002   Code   RO         6430    i.nrf_log_backend_uart_flush  nrf_log_backend_uart.o
    0x0002b6b8   0x0002b6b8   0x00000006   Code   RO         6431    i.nrf_log_backend_uart_init  nrf_log_backend_uart.o
    0x0002b6be   0x0002b6be   0x00000002   PAD
    0x0002b6c0   0x0002b6c0   0x0000002c   Code   RO         6432    i.nrf_log_backend_uart_panic_set  nrf_log_backend_uart.o
    0x0002b6ec   0x0002b6ec   0x00000018   Code   RO         6433    i.nrf_log_backend_uart_put  nrf_log_backend_uart.o
    0x0002b704   0x0002b704   0x00000030   Code   RO         6550    i.nrf_log_color_id_get  nrf_log_frontend.o
    0x0002b734   0x0002b734   0x0000001c   Code   RO         6503    i.nrf_log_default_backends_init  nrf_log_default_backends.o
    0x0002b750   0x0002b750   0x00000234   Code   RO         6551    i.nrf_log_frontend_dequeue  nrf_log_frontend.o
    0x0002b984   0x0002b984   0x00000008   Code   RO         6553    i.nrf_log_frontend_std_0  nrf_log_frontend.o
    0x0002b98c   0x0002b98c   0x0000000e   Code   RO         6554    i.nrf_log_frontend_std_1  nrf_log_frontend.o
    0x0002b99a   0x0002b99a   0x00000010   Code   RO         6555    i.nrf_log_frontend_std_2  nrf_log_frontend.o
    0x0002b9aa   0x0002b9aa   0x00000012   Code   RO         6556    i.nrf_log_frontend_std_3  nrf_log_frontend.o
    0x0002b9bc   0x0002b9bc   0x00000014   Code   RO         6557    i.nrf_log_frontend_std_4  nrf_log_frontend.o
    0x0002b9d0   0x0002b9d0   0x000000b0   Code   RO         6729    i.nrf_log_hexdump_entry_process  nrf_log_str_formatter.o
    0x0002ba80   0x0002ba80   0x00000028   Code   RO         6560    i.nrf_log_init      nrf_log_frontend.o
    0x0002baa8   0x0002baa8   0x00000014   Code   RO         6561    i.nrf_log_module_cnt_get  nrf_log_frontend.o
    0x0002babc   0x0002babc   0x0000001c   Code   RO         6564    i.nrf_log_module_name_get  nrf_log_frontend.o
    0x0002bad8   0x0002bad8   0x00000028   Code   RO         6565    i.nrf_log_panic     nrf_log_frontend.o
    0x0002bb00   0x0002bb00   0x000000b6   Code   RO         6730    i.nrf_log_std_entry_process  nrf_log_str_formatter.o
    0x0002bbb6   0x0002bbb6   0x00000060   Code   RO         6003    i.nrf_memobj_alloc  nrf_memobj.o
    0x0002bc16   0x0002bc16   0x00000032   Code   RO         6004    i.nrf_memobj_free   nrf_memobj.o
    0x0002bc48   0x0002bc48   0x00000008   Code   RO         6005    i.nrf_memobj_get    nrf_memobj.o
    0x0002bc50   0x0002bc50   0x00000004   Code   RO         6006    i.nrf_memobj_pool_init  nrf_memobj.o
    0x0002bc54   0x0002bc54   0x0000001e   Code   RO         6007    i.nrf_memobj_put    nrf_memobj.o
    0x0002bc72   0x0002bc72   0x00000010   Code   RO         6008    i.nrf_memobj_read   nrf_memobj.o
    0x0002bc82   0x0002bc82   0x00000010   Code   RO         6009    i.nrf_memobj_write  nrf_memobj.o
    0x0002bc92   0x0002bc92   0x00000002   PAD
    0x0002bc94   0x0002bc94   0x00000028   Code   RO         6081    i.nrf_pwr_mgmt_init  nrf_pwr_mgmt.o
    0x0002bcbc   0x0002bcbc   0x00000044   Code   RO         6082    i.nrf_pwr_mgmt_run  nrf_pwr_mgmt.o
    0x0002bd00   0x0002bd00   0x00000004   Code   RO           12    i.nrf_qwr_error_handler  main.o
    0x0002bd04   0x0002bd04   0x0000001c   Code   RO         6158    i.nrf_ringbuf_init  nrf_ringbuf.o
    0x0002bd20   0x0002bd20   0x0000000c   Code   RO         4900    i.nrf_rtc_event_clear  drv_rtc.o
    0x0002bd2c   0x0002bd2c   0x00000014   Code   RO         7264    i.nrf_sdh_ble_app_ram_start_get  nrf_sdh_ble.o
    0x0002bd40   0x0002bd40   0x00000100   Code   RO         7265    i.nrf_sdh_ble_default_cfg_set  nrf_sdh_ble.o
    0x0002be40   0x0002be40   0x00000130   Code   RO         7266    i.nrf_sdh_ble_enable  nrf_sdh_ble.o
    0x0002bf70   0x0002bf70   0x0000005c   Code   RO         7267    i.nrf_sdh_ble_evts_poll  nrf_sdh_ble.o
    0x0002bfcc   0x0002bfcc   0x00000054   Code   RO         7145    i.nrf_sdh_disable_request  nrf_sdh.o
    0x0002c020   0x0002c020   0x00000074   Code   RO         7146    i.nrf_sdh_enable_request  nrf_sdh.o
    0x0002c094   0x0002c094   0x00000024   Code   RO         7147    i.nrf_sdh_evts_poll  nrf_sdh.o
    0x0002c0b8   0x0002c0b8   0x0000000c   Code   RO         7148    i.nrf_sdh_is_enabled  nrf_sdh.o
    0x0002c0c4   0x0002c0c4   0x0000001c   Code   RO         7150    i.nrf_sdh_request_continue  nrf_sdh.o
    0x0002c0e0   0x0002c0e0   0x0000003c   Code   RO         7318    i.nrf_sdh_soc_evts_poll  nrf_sdh_soc.o
    0x0002c11c   0x0002c11c   0x0000000a   Code   RO         6216    i.nrf_section_iter_init  nrf_section_iter.o
    0x0002c126   0x0002c126   0x00000024   Code   RO         6217    i.nrf_section_iter_item_set  nrf_section_iter.o
    0x0002c14a   0x0002c14a   0x00000020   Code   RO         6218    i.nrf_section_iter_next  nrf_section_iter.o
    0x0002c16a   0x0002c16a   0x00000022   Code   RO         6251    i.nrf_sortlist_add  nrf_sortlist.o
    0x0002c18c   0x0002c18c   0x00000006   Code   RO         6253    i.nrf_sortlist_peek  nrf_sortlist.o
    0x0002c192   0x0002c192   0x0000000e   Code   RO         6254    i.nrf_sortlist_pop  nrf_sortlist.o
    0x0002c1a0   0x0002c1a0   0x0000001e   Code   RO         6255    i.nrf_sortlist_remove  nrf_sortlist.o
    0x0002c1be   0x0002c1be   0x00000002   PAD
    0x0002c1c0   0x0002c1c0   0x00000038   Code   RO         6307    i.nrf_strerror_find  nrf_strerror.o
    0x0002c1f8   0x0002c1f8   0x00000014   Code   RO         6308    i.nrf_strerror_get  nrf_strerror.o
    0x0002c20c   0x0002c20c   0x0000000a   Code   RO         4040    i.nrf_uart_event_check  nrfx_uart.o
    0x0002c216   0x0002c216   0x0000000c   Code   RO         4041    i.nrf_uart_event_clear  nrfx_uart.o
    0x0002c222   0x0002c222   0x0000000c   Code   RO         4042    i.nrf_uart_int_enable_check  nrfx_uart.o
    0x0002c22e   0x0002c22e   0x0000000a   Code   RO         4229    i.nrf_uarte_event_check  nrfx_uarte.o
    0x0002c238   0x0002c238   0x0000000c   Code   RO         4230    i.nrf_uarte_event_clear  nrfx_uarte.o
    0x0002c244   0x0002c244   0x00000010   Code   RO         3159    i.nrf_wdt_started   nrf_drv_clock.o
    0x0002c254   0x0002c254   0x0000002c   Code   RO         3544    i.nrfx_clock_enable  nrfx_clock.o
    0x0002c280   0x0002c280   0x00000020   Code   RO         3547    i.nrfx_clock_init   nrfx_clock.o
    0x0002c2a0   0x0002c2a0   0x00000030   Code   RO         3550    i.nrfx_clock_lfclk_stop  nrfx_clock.o
    0x0002c2d0   0x0002c2d0   0x00000010   Code   RO         4901    i.nrfx_coredep_delay_us  drv_rtc.o
    0x0002c2e0   0x0002c2e0   0x000000a0   Code   RO         3693    i.nrfx_gpiote_in_event_enable  nrfx_gpiote.o
    0x0002c380   0x0002c380   0x000000cc   Code   RO         3695    i.nrfx_gpiote_in_init  nrfx_gpiote.o
    0x0002c44c   0x0002c44c   0x00000014   Code   RO         3696    i.nrfx_gpiote_in_is_set  nrfx_gpiote.o
    0x0002c460   0x0002c460   0x00000074   Code   RO         3698    i.nrfx_gpiote_init  nrfx_gpiote.o
    0x0002c4d4   0x0002c4d4   0x00000014   Code   RO         3699    i.nrfx_gpiote_is_init  nrfx_gpiote.o
    0x0002c4e8   0x0002c4e8   0x00000010   Code   RO         4231    i.nrfx_is_in_ram    nrfx_uarte.o
    0x0002c4f8   0x0002c4f8   0x0000003a   Code   RO         3982    i.nrfx_prs_acquire  nrfx_prs.o
    0x0002c532   0x0002c532   0x00000012   Code   RO         3983    i.nrfx_prs_release  nrfx_prs.o
    0x0002c544   0x0002c544   0x00000010   Code   RO         4043    i.nrfx_uart_0_irq_handler  nrfx_uart.o
    0x0002c554   0x0002c554   0x000000d4   Code   RO         4045    i.nrfx_uart_init    nrfx_uart.o
    0x0002c628   0x0002c628   0x000000a8   Code   RO         4051    i.nrfx_uart_tx      nrfx_uart.o
    0x0002c6d0   0x0002c6d0   0x00000020   Code   RO         4053    i.nrfx_uart_tx_in_progress  nrfx_uart.o
    0x0002c6f0   0x0002c6f0   0x000000c0   Code   RO         4054    i.nrfx_uart_uninit  nrfx_uart.o
    0x0002c7b0   0x0002c7b0   0x00000010   Code   RO         4232    i.nrfx_uarte_0_irq_handler  nrfx_uarte.o
    0x0002c7c0   0x0002c7c0   0x0000006c   Code   RO         4234    i.nrfx_uarte_init   nrfx_uarte.o
    0x0002c82c   0x0002c82c   0x000000ac   Code   RO         4238    i.nrfx_uarte_tx     nrfx_uarte.o
    0x0002c8d8   0x0002c8d8   0x0000001c   Code   RO         4240    i.nrfx_uarte_tx_in_progress  nrfx_uarte.o
    0x0002c8f4   0x0002c8f4   0x00000108   Code   RO         4241    i.nrfx_uarte_uninit  nrfx_uarte.o
    0x0002c9fc   0x0002c9fc   0x00000018   Code   RO         7362    i.nvmc_config       system_nrf52.o
    0x0002ca14   0x0002ca14   0x00000054   Code   RO           13    i.on_adv_evt        main.o
    0x0002ca68   0x0002ca68   0x0000001c   Code   RO           14    i.on_conn_params_evt  main.o
    0x0002ca84   0x0002ca84   0x000000a8   Code   RO         1883    i.on_connected_evt  nrf_ble_gatt.o
    0x0002cb2c   0x0002cb2c   0x000000ac   Code   RO         1884    i.on_exchange_mtu_request_evt  nrf_ble_gatt.o
    0x0002cbd8   0x0002cbd8   0x00000024   Code   RO         5082    i.page_identify     fds.o
    0x0002cbfc   0x0002cbfc   0x0000001c   Code   RO         5083    i.page_offsets_update  fds.o
    0x0002cc18   0x0002cc18   0x0000006c   Code   RO         5084    i.page_scan         fds.o
    0x0002cc84   0x0002cc84   0x0000001c   Code   RO         5085    i.page_tag_write_data  fds.o
    0x0002cca0   0x0002cca0   0x00000024   Code   RO         5086    i.page_tag_write_swap  fds.o
    0x0002ccc4   0x0002ccc4   0x00000130   Code   RO         5087    i.pages_init        fds.o
    0x0002cdf4   0x0002cdf4   0x0000000c   Code   RO         2835    i.pairing           security_dispatcher.o
    0x0002ce00   0x0002ce00   0x00000074   Code   RO         2836    i.pairing_failure   security_dispatcher.o
    0x0002ce74   0x0002ce74   0x0000002e   Code   RO         2837    i.pairing_success_evt_send  security_dispatcher.o
    0x0002cea2   0x0002cea2   0x00000006   Code   RO         2977    i.params_reply_pending_handle  security_manager.o
    0x0002cea8   0x0002cea8   0x00000020   Code   RO         2978    i.params_req_send   security_manager.o
    0x0002cec8   0x0002cec8   0x0000001c   Code   RO         2163    i.pdb_evt_send      peer_database.o
    0x0002cee4   0x0002cee4   0x00000090   Code   RO         2164    i.pdb_init          peer_database.o
    0x0002cf74   0x0002cf74   0x0000007c   Code   RO         2165    i.pdb_pds_evt_handler  peer_database.o
    0x0002cff0   0x0002cff0   0x00000006   Code   RO         2166    i.pdb_peer_data_ptr_get  peer_database.o
    0x0002cff6   0x0002cff6   0x00000002   PAD
    0x0002cff8   0x0002cff8   0x0000008c   Code   RO         2167    i.pdb_peer_free     peer_database.o
    0x0002d084   0x0002d084   0x000000dc   Code   RO         2168    i.pdb_write_buf_get  peer_database.o
    0x0002d160   0x0002d160   0x00000014   Code   RO         2169    i.pdb_write_buf_release  peer_database.o
    0x0002d174   0x0002d174   0x00000036   Code   RO         2170    i.pdb_write_buf_store  peer_database.o
    0x0002d1aa   0x0002d1aa   0x00000002   PAD
    0x0002d1ac   0x0002d1ac   0x00000010   Code   RO         2022    i.pds_evt_send      peer_data_storage.o
    0x0002d1bc   0x0002d1bc   0x000000dc   Code   RO         2023    i.pds_init          peer_data_storage.o
    0x0002d298   0x0002d298   0x00000004   Code   RO         2024    i.pds_next_deleted_peer_id_get  peer_data_storage.o
    0x0002d29c   0x0002d29c   0x00000004   Code   RO         2025    i.pds_next_peer_id_get  peer_data_storage.o
    0x0002d2a0   0x0002d2a0   0x00000058   Code   RO         2028    i.pds_peer_data_iterate  peer_data_storage.o
    0x0002d2f8   0x0002d2f8   0x00000010   Code   RO         2029    i.pds_peer_data_iterate_prepare  peer_data_storage.o
    0x0002d308   0x0002d308   0x00000072   Code   RO         2030    i.pds_peer_data_read  peer_data_storage.o
    0x0002d37a   0x0002d37a   0x00000002   PAD
    0x0002d37c   0x0002d37c   0x000000b4   Code   RO         2031    i.pds_peer_data_store  peer_data_storage.o
    0x0002d430   0x0002d430   0x00000008   Code   RO         2032    i.pds_peer_id_allocate  peer_data_storage.o
    0x0002d438   0x0002d438   0x00000016   Code   RO         2033    i.pds_peer_id_free  peer_data_storage.o
    0x0002d44e   0x0002d44e   0x00000004   Code   RO         2034    i.pds_peer_id_is_allocated  peer_data_storage.o
    0x0002d452   0x0002d452   0x00000002   PAD
    0x0002d454   0x0002d454   0x000000a8   Code   RO         2036    i.peer_data_delete_process  peer_data_storage.o
    0x0002d4fc   0x0002d4fc   0x00000030   Code   RO         2037    i.peer_data_find    peer_data_storage.o
    0x0002d52c   0x0002d52c   0x00000024   Code   RO         2038    i.peer_data_id_is_valid  peer_data_storage.o
    0x0002d550   0x0002d550   0x0000001a   Code   RO         2171    i.peer_data_point_to_buffer  peer_database.o
    0x0002d56a   0x0002d56a   0x00000002   PAD
    0x0002d56c   0x0002d56c   0x0000000c   Code   RO         2284    i.peer_id_allocate  peer_id.o
    0x0002d578   0x0002d578   0x00000024   Code   RO         2285    i.peer_id_delete    peer_id.o
    0x0002d59c   0x0002d59c   0x0000001c   Code   RO         2286    i.peer_id_free      peer_id.o
    0x0002d5b8   0x0002d5b8   0x0000000c   Code   RO         2287    i.peer_id_get_next_deleted  peer_id.o
    0x0002d5c4   0x0002d5c4   0x00000030   Code   RO         2288    i.peer_id_get_next_used  peer_id.o
    0x0002d5f4   0x0002d5f4   0x0000000c   Code   RO         2289    i.peer_id_init      peer_id.o
    0x0002d600   0x0002d600   0x00000014   Code   RO         2290    i.peer_id_is_allocated  peer_id.o
    0x0002d614   0x0002d614   0x00000014   Code   RO         2291    i.peer_id_is_deleted  peer_id.o
    0x0002d628   0x0002d628   0x0000006c   Code   RO           15    i.peer_manager_init  main.o
    0x0002d694   0x0002d694   0x00000012   Code   RO          966    i.phy_is_valid      ble_advertising.o
    0x0002d6a6   0x0002d6a6   0x00000002   PAD
    0x0002d6a8   0x0002d6a8   0x0000001c   Code   RO         3717    i.pin_configured_set  nrfx_gpiote.o
    0x0002d6c4   0x0002d6c4   0x00000018   Code   RO         3718    i.pin_in_use_by_port  nrfx_gpiote.o
    0x0002d6dc   0x0002d6dc   0x00000018   Code   RO         3719    i.pin_in_use_by_te  nrfx_gpiote.o
    0x0002d6f4   0x0002d6f4   0x00000064   Code   RO         2782    i.pm_buffer_block_acquire  pm_buffer.o
    0x0002d758   0x0002d758   0x00000024   Code   RO         2783    i.pm_buffer_init    pm_buffer.o
    0x0002d77c   0x0002d77c   0x00000028   Code   RO         2784    i.pm_buffer_ptr_get  pm_buffer.o
    0x0002d7a4   0x0002d7a4   0x00000032   Code   RO         2785    i.pm_buffer_release  pm_buffer.o
    0x0002d7d6   0x0002d7d6   0x00000002   PAD
    0x0002d7d8   0x0002d7d8   0x00000014   Code   RO         2378    i.pm_conn_sec_status_get  peer_manager.o
    0x0002d7ec   0x0002d7ec   0x0000001c   Code   RO         2379    i.pm_conn_secure    peer_manager.o
    0x0002d808   0x0002d808   0x00000020   Code   RO           16    i.pm_evt_handler    main.o
    0x0002d828   0x0002d828   0x00000004   Code   RO         2381    i.pm_gcm_evt_handler  peer_manager.o
    0x0002d82c   0x0002d82c   0x00000004   Code   RO         2382    i.pm_gscm_evt_handler  peer_manager.o
    0x0002d830   0x0002d830   0x00000244   Code   RO         2685    i.pm_handler_flash_clean  peer_manager_handler.o
    0x0002da74   0x0002da74   0x0000001c   Code   RO         2686    i.pm_handler_flash_clean_on_return  peer_manager_handler.o
    0x0002da90   0x0002da90   0x00000054   Code   RO         2687    i.pm_handler_on_pm_evt  peer_manager_handler.o
    0x0002dae4   0x0002dae4   0x00000310   Code   RO         2688    i.pm_handler_pm_evt_log  peer_manager_handler.o
    0x0002ddf4   0x0002ddf4   0x00000004   Code   RO         2385    i.pm_im_evt_handler  peer_manager.o
    0x0002ddf8   0x0002ddf8   0x000001bc   Code   RO         2386    i.pm_init           peer_manager.o
    0x0002dfb4   0x0002dfb4   0x00000118   Code   RO         2390    i.pm_pdb_evt_handler  peer_manager.o
    0x0002e0cc   0x0002e0cc   0x00000014   Code   RO         2401    i.pm_peer_delete    peer_manager.o
    0x0002e0e0   0x0002e0e0   0x0000011c   Code   RO         2405    i.pm_peer_rank_highest  peer_manager.o
    0x0002e1fc   0x0002e1fc   0x000000e8   Code   RO         2406    i.pm_peer_ranks_get  peer_manager.o
    0x0002e2e4   0x0002e2e4   0x00000094   Code   RO         2407    i.pm_peers_delete   peer_manager.o
    0x0002e378   0x0002e378   0x0000002c   Code   RO         2410    i.pm_register       peer_manager.o
    0x0002e3a4   0x0002e3a4   0x00000014   Code   RO         2412    i.pm_sec_params_set  peer_manager.o
    0x0002e3b8   0x0002e3b8   0x0000000a   Code   RO         2413    i.pm_sm_evt_handler  peer_manager.o
    0x0002e3c2   0x0002e3c2   0x00000002   PAD
    0x0002e3c4   0x0002e3c4   0x000000b4   Code   RO         3720    i.port_event_handle  nrfx_gpiote.o
    0x0002e478   0x0002e478   0x00000010   Code   RO         3721    i.port_handler_polarity_get  nrfx_gpiote.o
    0x0002e488   0x0002e488   0x0000003c   Code   RO         6732    i.postfix_process   nrf_log_str_formatter.o
    0x0002e4c4   0x0002e4c4   0x00000098   Code   RO         6733    i.prefix_process    nrf_log_str_formatter.o
    0x0002e55c   0x0002e55c   0x00000018   Code   RO         3984    i.prs_box_get       nrfx_prs.o
    0x0002e574   0x0002e574   0x0000001c   Code   RO         5088    i.queue_buf_get     fds.o
    0x0002e590   0x0002e590   0x00000010   Code   RO         5089    i.queue_buf_store   fds.o
    0x0002e5a0   0x0002e5a0   0x00000014   Code   RO         5897    i.queue_free        nrf_fstorage_sd.o
    0x0002e5b4   0x0002e5b4   0x000000a4   Code   RO         5090    i.queue_process     fds.o
    0x0002e658   0x0002e658   0x000000a0   Code   RO         5898    i.queue_process     nrf_fstorage_sd.o
    0x0002e6f8   0x0002e6f8   0x0000001c   Code   RO         5091    i.queue_start       fds.o
    0x0002e714   0x0002e714   0x00000024   Code   RO         5899    i.queue_start       nrf_fstorage_sd.o
    0x0002e738   0x0002e738   0x0000001c   Code   RO         2691    i.rank_highest      peer_manager_handler.o
    0x0002e754   0x0002e754   0x00000034   Code   RO         2416    i.rank_vars_update  peer_manager.o
    0x0002e788   0x0002e788   0x0000000e   Code   RO         5900    i.read              nrf_fstorage_sd.o
    0x0002e796   0x0002e796   0x00000002   PAD
    0x0002e798   0x0002e798   0x000000a8   Code   RO         2172    i.reattempt_previous_operations  peer_database.o
    0x0002e840   0x0002e840   0x00000090   Code   RO         5092    i.record_find       fds.o
    0x0002e8d0   0x0002e8d0   0x000000a0   Code   RO         5093    i.record_find_by_desc  fds.o
    0x0002e970   0x0002e970   0x0000005c   Code   RO         5094    i.record_find_next  fds.o
    0x0002e9cc   0x0002e9cc   0x0000003c   Code   RO         5095    i.record_header_flag_dirty  fds.o
    0x0002ea08   0x0002ea08   0x00000088   Code   RO         5096    i.records_stat      fds.o
    0x0002ea90   0x0002ea90   0x00000010   Code   RO         2293    i.release           peer_id.o
    0x0002eaa0   0x0002eaa0   0x00000004   Code   RO         5901    i.rmap              nrf_fstorage_sd.o
    0x0002eaa4   0x0002eaa4   0x0000005c   Code   RO         4653    i.rtc_irq           app_timer2.o
    0x0002eb00   0x0002eb00   0x00000064   Code   RO         4654    i.rtc_schedule      app_timer2.o
    0x0002eb64   0x0002eb64   0x00000074   Code   RO         4655    i.rtc_update        app_timer2.o
    0x0002ebd8   0x0002ebd8   0x00000032   Code   RO         4055    i.rx_byte           nrfx_uart.o
    0x0002ec0a   0x0002ec0a   0x00000016   Code   RO         4056    i.rx_done_event     nrfx_uart.o
    0x0002ec20   0x0002ec20   0x00000016   Code   RO         4242    i.rx_done_event     nrfx_uarte.o
    0x0002ec36   0x0002ec36   0x00000002   PAD
    0x0002ec38   0x0002ec38   0x00000024   Code   RO         1433    i.sc_send_pending_handle  gatt_cache_manager.o
    0x0002ec5c   0x0002ec5c   0x00000058   Code   RO         3160    i.sd_state_evt_handler  nrf_drv_clock.o
    0x0002ecb4   0x0002ecb4   0x00000030   Code   RO         7153    i.sdh_request_observer_notify  nrf_sdh.o
    0x0002ece4   0x0002ece4   0x0000002c   Code   RO         7154    i.sdh_state_observer_notify  nrf_sdh.o
    0x0002ed10   0x0002ed10   0x000000d8   Code   RO         2838    i.sec_info_request_process  security_dispatcher.o
    0x0002ede8   0x0002ede8   0x000000f4   Code   RO         2839    i.sec_keyset_fill   security_dispatcher.o
    0x0002eedc   0x0002eedc   0x00000076   Code   RO         2979    i.sec_params_verify  security_manager.o
    0x0002ef52   0x0002ef52   0x00000002   PAD
    0x0002ef54   0x0002ef54   0x00000060   Code   RO         2840    i.sec_proc_start    security_dispatcher.o
    0x0002efb4   0x0002efb4   0x0000005c   Code   RO         2980    i.sec_req_process   security_manager.o
    0x0002f010   0x0002f010   0x00000022   Code   RO         2841    i.send_config_req   security_dispatcher.o
    0x0002f032   0x0002f032   0x00000002   PAD
    0x0002f034   0x0002f034   0x00000010   Code   RO         1092    i.send_error_evt    ble_conn_params.o
    0x0002f044   0x0002f044   0x00000028   Code   RO         1434    i.send_unexpected_error  gatt_cache_manager.o
    0x0002f06c   0x0002f06c   0x00000028   Code   RO         2842    i.send_unexpected_error  security_dispatcher.o
    0x0002f094   0x0002f094   0x00000040   Code   RO         6434    i.serial_tx         nrf_log_backend_uart.o
    0x0002f0d4   0x0002f0d4   0x00000014   Code   RO         1435    i.service_changed_pending_flags_check  gatt_cache_manager.o
    0x0002f0e8   0x0002f0e8   0x00000094   Code   RO         1616    i.service_changed_pending_set  gatts_cache_manager.o
    0x0002f17c   0x0002f17c   0x00000168   Code   RO         1436    i.service_changed_send_in_evt  gatt_cache_manager.o
    0x0002f2e4   0x0002f2e4   0x00000088   Code   RO          826    i.service_data_encode  ble_advdata.o
    0x0002f36c   0x0002f36c   0x00000028   Code   RO           17    i.sleep_mode_enter  main.o
    0x0002f394   0x0002f394   0x00000070   Code   RO           18    i.sleepmode         main.o
    0x0002f404   0x0002f404   0x0000002c   Code   RO         2981    i.sm_ble_evt_handler  security_manager.o
    0x0002f430   0x0002f430   0x000000a2   Code   RO         2983    i.sm_conn_sec_status_get  security_manager.o
    0x0002f4d2   0x0002f4d2   0x00000002   PAD
    0x0002f4d4   0x0002f4d4   0x00000058   Code   RO         2984    i.sm_init           security_manager.o
    0x0002f52c   0x0002f52c   0x0000000a   Code   RO         2986    i.sm_link_secure    security_manager.o
    0x0002f536   0x0002f536   0x00000002   PAD
    0x0002f538   0x0002f538   0x00000044   Code   RO         2987    i.sm_pdb_evt_handler  security_manager.o
    0x0002f57c   0x0002f57c   0x00000028   Code   RO         2988    i.sm_sec_is_sufficient  security_manager.o
    0x0002f5a4   0x0002f5a4   0x00000034   Code   RO         2990    i.sm_sec_params_set  security_manager.o
    0x0002f5d8   0x0002f5d8   0x0000002c   Code   RO         2991    i.sm_smd_evt_handler  security_manager.o
    0x0002f604   0x0002f604   0x000000f4   Code   RO         2843    i.smd_ble_evt_handler  security_dispatcher.o
    0x0002f6f8   0x0002f6f8   0x00000068   Code   RO         2845    i.smd_init          security_dispatcher.o
    0x0002f760   0x0002f760   0x00000028   Code   RO         2846    i.smd_link_secure   security_dispatcher.o
    0x0002f788   0x0002f788   0x000000ac   Code   RO         2847    i.smd_params_reply  security_dispatcher.o
    0x0002f834   0x0002f834   0x00000040   Code   RO         2992    i.smd_params_reply_perform  security_manager.o
    0x0002f874   0x0002f874   0x00000018   Code   RO         3161    i.soc_evt_handler   nrf_drv_clock.o
    0x0002f88c   0x0002f88c   0x00000040   Code   RO         7155    i.softdevice_evt_irq_disable  nrf_sdh.o
    0x0002f8cc   0x0002f8cc   0x00000058   Code   RO         7156    i.softdevices_evt_irq_enable  nrf_sdh.o
    0x0002f924   0x0002f924   0x0000000c   Code   RO         4656    i.sortlist_pop      app_timer2.o
    0x0002f930   0x0002f930   0x00000030   Code   RO         4391    i.state_set         app_button.o
    0x0002f960   0x0002f960   0x00000094   Code   RO         6567    i.std_n             nrf_log_frontend.o
    0x0002f9f4   0x0002f9f4   0x0000006c   Code   RO         1437    i.store_car_value   gatt_cache_manager.o
    0x0002fa60   0x0002fa60   0x00000058   Code   RO         4657    i.timer_expire      app_timer2.o
    0x0002fab8   0x0002fab8   0x00000078   Code   RO         4658    i.timer_req_process  app_timer2.o
    0x0002fb30   0x0002fb30   0x00000038   Code   RO         4659    i.timer_req_schedule  app_timer2.o
    0x0002fb68   0x0002fb68   0x00000018   Code   RO         4392    i.timer_start       app_button.o
    0x0002fb80   0x0002fb80   0x00000020   Code   RO         4058    i.tx_byte           nrfx_uart.o
    0x0002fba0   0x0002fba0   0x0000001a   Code   RO         4059    i.tx_done_event     nrfx_uart.o
    0x0002fbba   0x0002fbba   0x0000001a   Code   RO         4243    i.tx_done_event     nrfx_uarte.o
    0x0002fbd4   0x0002fbd4   0x00000030   Code   RO         3347    i.uart_evt_handler  nrf_drv_uart.o
    0x0002fc04   0x0002fc04   0x0000000c   Code   RO         6435    i.uart_evt_handler  nrf_log_backend_uart.o
    0x0002fc10   0x0002fc10   0x00000050   Code   RO         6436    i.uart_init         nrf_log_backend_uart.o
    0x0002fc60   0x0002fc60   0x0000012a   Code   RO         4060    i.uart_irq_handler  nrfx_uart.o
    0x0002fd8a   0x0002fd8a   0x00000002   PAD
    0x0002fd8c   0x0002fd8c   0x00000030   Code   RO         3348    i.uarte_evt_handler  nrf_drv_uart.o
    0x0002fdbc   0x0002fdbc   0x00000112   Code   RO         4244    i.uarte_irq_handler  nrfx_uarte.o
    0x0002fece   0x0002fece   0x0000000a   Code   RO          827    i.uint16_encode     ble_advdata.o
    0x0002fed8   0x0002fed8   0x00000020   Code   RO         5902    i.uninit            nrf_fstorage_sd.o
    0x0002fef8   0x0002fef8   0x000000b4   Code   RO         5766    i.unsigned_print    nrf_fprintf_format.o
    0x0002ffac   0x0002ffac   0x00000030   Code   RO         1438    i.update_pending_flags_check  gatt_cache_manager.o
    0x0002ffdc   0x0002ffdc   0x00000068   Code   RO         1093    i.update_timeout_handler  ble_conn_params.o
    0x00030044   0x00030044   0x00000018   Code   RO          967    i.use_whitelist     ble_advertising.o
    0x0003005c   0x0003005c   0x0000000c   Code   RO         1201    i.user_flag_is_acquired  ble_conn_state.o
    0x00030068   0x00030068   0x00000024   Code   RO         1979    i.user_mem_reply    nrf_ble_qwr.o
    0x0003008c   0x0003008c   0x00000020   Code   RO         4393    i.usr_event         app_button.o
    0x000300ac   0x000300ac   0x00000030   Code   RO          828    i.uuid_list_encode  ble_advdata.o
    0x000300dc   0x000300dc   0x0000009e   Code   RO          829    i.uuid_list_sized_encode  ble_advdata.o
    0x0003017a   0x0003017a   0x0000003a   Code   RO          551    i.wakeup_button_cfg  bsp.o
    0x000301b4   0x000301b4   0x00000004   Code   RO         5903    i.wmap              nrf_fstorage_sd.o
    0x000301b8   0x000301b8   0x00000050   Code   RO         5904    i.write             nrf_fstorage_sd.o
    0x00030208   0x00030208   0x0000014c   Code   RO         2173    i.write_buf_store   peer_database.o
    0x00030354   0x00030354   0x00000034   Code   RO         2174    i.write_buffer_record_find  peer_database.o
    0x00030388   0x00030388   0x00000030   Code   RO         2175    i.write_buffer_record_find_next  peer_database.o
    0x000303b8   0x000303b8   0x0000001c   Code   RO         2176    i.write_buffer_record_invalidate  peer_database.o
    0x000303d4   0x000303d4   0x0000002c   Code   RO         2177    i.write_buffer_record_release  peer_database.o
    0x00030400   0x00030400   0x000000f4   Code   RO         5097    i.write_enqueue     fds.o
    0x000304f4   0x000304f4   0x000000f8   Code   RO         5098    i.write_execute     fds.o
    0x000305ec   0x000305ec   0x00000018   Code   RO         5099    i.write_space_free  fds.o
    0x00030604   0x00030604   0x00000060   Code   RO         5100    i.write_space_reserve  fds.o
    0x00030664   0x00030664   0x0000000c   PAD
    0x00030670   0x00030670   0x00000006   Data   RO           20    .constdata          main.o
    0x00030676   0x00030676   0x00000008   Data   RO          435    .constdata          boards.o
    0x0003067e   0x0003067e   0x00000002   PAD
    0x00030680   0x00030680   0x0000002c   Data   RO          556    .constdata          bsp.o
    0x000306ac   0x000306ac   0x0000006c   Data   RO         1439    .constdata          gatt_cache_manager.o
    0x00030718   0x00030718   0x00000004   Data   RO         1617    .constdata          gatts_cache_manager.o
    0x0003071c   0x0003071c   0x00000010   Data   RO         1618    .constdata          gatts_cache_manager.o
    0x0003072c   0x0003072c   0x00000004   Data   RO         1619    .constdata          gatts_cache_manager.o
    0x00030730   0x00030730   0x00000008   Data   RO         1726    .constdata          id_manager.o
    0x00030738   0x00030738   0x00000016   Data   RO         1885    .constdata          nrf_ble_gatt.o
    0x0003074e   0x0003074e   0x00000002   PAD
    0x00030750   0x00030750   0x00000018   Data   RO         2039    .constdata          peer_data_storage.o
    0x00030768   0x00030768   0x00000010   Data   RO         2179    .constdata          peer_database.o
    0x00030778   0x00030778   0x0000002c   Data   RO         2418    .constdata          peer_manager.o
    0x000307a4   0x000307a4   0x00000014   Data   RO         2694    .constdata          peer_manager_handler.o
    0x000307b8   0x000307b8   0x00000078   Data   RO         2849    .constdata          security_dispatcher.o
    0x00030830   0x00030830   0x00000008   Data   RO         2993    .constdata          security_manager.o
    0x00030838   0x00030838   0x00000004   Data   RO         3723    .constdata          nrfx_gpiote.o
    0x0003083c   0x0003083c   0x00000004   Data   RO         4063    .constdata          nrfx_uart.o
    0x00030840   0x00030840   0x00000004   Data   RO         4247    .constdata          nrfx_uarte.o
    0x00030844   0x00030844   0x00000008   Data   RO         4396    .constdata          app_button.o
    0x0003084c   0x0003084c   0x00000014   Data   RO         4662    .constdata          app_timer2.o
    0x00030860   0x00030860   0x00000006   Data   RO         4902    .constdata          drv_rtc.o
    0x00030866   0x00030866   0x00000002   PAD
    0x00030868   0x00030868   0x00000018   Data   RO         5103    .constdata          fds.o
    0x00030880   0x00030880   0x00000010   Data   RO         5767    .constdata          nrf_fprintf_format.o
    0x00030890   0x00030890   0x0000005e   Data   RO         5813    .constdata          nrf_fstorage.o
    0x000308ee   0x000308ee   0x00000002   PAD
    0x000308f0   0x000308f0   0x00000010   Data   RO         5907    .constdata          nrf_fstorage_sd.o
    0x00030900   0x00030900   0x00000020   Data   RO         5908    .constdata          nrf_fstorage_sd.o
    0x00030920   0x00030920   0x00000018   Data   RO         6086    .constdata          nrf_pwr_mgmt.o
    0x00030938   0x00030938   0x0000000c   Data   RO         6087    .constdata          nrf_pwr_mgmt.o
    0x00030944   0x00030944   0x0000013c   Data   RO         6309    .constdata          nrf_strerror.o
    0x00030a80   0x00030a80   0x0000000c   Data   RO         6438    .constdata          nrf_log_backend_uart.o
    0x00030a8c   0x00030a8c   0x00000020   Data   RO         6439    .constdata          nrf_log_backend_uart.o
    0x00030aac   0x00030aac   0x0000000c   Data   RO         6572    .constdata          nrf_log_frontend.o
    0x00030ab8   0x00030ab8   0x00000010   Data   RO         7157    .constdata          nrf_sdh.o
    0x00030ac8   0x00030ac8   0x00000028   Data   RO         7158    .constdata          nrf_sdh.o
    0x00030af0   0x00030af0   0x00000010   Data   RO         7159    .constdata          nrf_sdh.o
    0x00030b00   0x00030b00   0x00000010   Data   RO         7160    .constdata          nrf_sdh.o
    0x00030b10   0x00030b10   0x00000020   Data   RO         7268    .constdata          nrf_sdh_ble.o
    0x00030b30   0x00030b30   0x00000010   Data   RO         7269    .constdata          nrf_sdh_ble.o
    0x00030b40   0x00030b40   0x00000010   Data   RO         7319    .constdata          nrf_sdh_soc.o
    0x00030b50   0x00030b50   0x0000000c   Data   RO         7320    .constdata          nrf_sdh_soc.o
    0x00030b5c   0x00030b5c   0x00000081   Data   RO         7431    .constdata          mc_w.l(ctype_o.o)
    0x00030bdd   0x00030bdd   0x00000003   PAD
    0x00030be0   0x00030be0   0x00000004   Data   RO         7432    .constdata          mc_w.l(ctype_o.o)
    0x00030be4   0x00030be4   0x000001a4   Data   RO         1440    .conststring        gatt_cache_manager.o
    0x00030d88   0x00030d88   0x0000019c   Data   RO         1620    .conststring        gatts_cache_manager.o
    0x00030f24   0x00030f24   0x000000a2   Data   RO         1886    .conststring        nrf_ble_gatt.o
    0x00030fc6   0x00030fc6   0x00000002   PAD
    0x00030fc8   0x00030fc8   0x000000e8   Data   RO         2040    .conststring        peer_data_storage.o
    0x000310b0   0x000310b0   0x00000180   Data   RO         2180    .conststring        peer_database.o
    0x00031230   0x00031230   0x00000090   Data   RO         2419    .conststring        peer_manager.o
    0x000312c0   0x000312c0   0x0000030f   Data   RO         2695    .conststring        peer_manager_handler.o
    0x000315cf   0x000315cf   0x00000001   PAD
    0x000315d0   0x000315d0   0x000002b2   Data   RO         2850    .conststring        security_dispatcher.o
    0x00031882   0x00031882   0x00000002   PAD
    0x00031884   0x00031884   0x0000017b   Data   RO         2994    .conststring        security_manager.o
    0x000319ff   0x000319ff   0x00000001   PAD
    0x00031a00   0x00031a00   0x0000004f   Data   RO         5814    .conststring        nrf_fstorage.o
    0x00031a4f   0x00031a4f   0x00000001   PAD
    0x00031a50   0x00031a50   0x000003eb   Data   RO         6310    .conststring        nrf_strerror.o
    0x00031e3b   0x00031e3b   0x00000001   PAD
    0x00031e3c   0x00031e3c   0x00000066   Data   RO         6734    .conststring        nrf_log_str_formatter.o
    0x00031ea2   0x00031ea2   0x00000002   PAD
    0x00031ea4   0x00031ea4   0x00000188   Data   RO         7270    .conststring        nrf_sdh_ble.o
    0x0003202c   0x0003202c   0x00000011   Data   RO         1441    .conststrlit        gatt_cache_manager.o
    0x0003203d   0x0003203d   0x00000003   PAD
    0x00032040   0x00032040   0x00000012   Data   RO         1621    .conststrlit        gatts_cache_manager.o
    0x00032052   0x00032052   0x00000002   PAD
    0x00032054   0x00032054   0x00000010   Data   RO         1728    .conststrlit        id_manager.o
    0x00032064   0x00032064   0x0000000d   Data   RO         1887    .conststrlit        nrf_ble_gatt.o
    0x00032071   0x00032071   0x00000003   PAD
    0x00032074   0x00032074   0x00000011   Data   RO         2041    .conststrlit        peer_data_storage.o
    0x00032085   0x00032085   0x00000003   PAD
    0x00032088   0x00032088   0x00000011   Data   RO         2181    .conststrlit        peer_database.o
    0x00032099   0x00032099   0x00000003   PAD
    0x0003209c   0x0003209c   0x0000000d   Data   RO         2420    .conststrlit        peer_manager.o
    0x000320a9   0x000320a9   0x00000003   PAD
    0x000320ac   0x000320ac   0x00000015   Data   RO         2698    .conststrlit        peer_manager_handler.o
    0x000320c1   0x000320c1   0x00000003   PAD
    0x000320c4   0x000320c4   0x00000011   Data   RO         2851    .conststrlit        security_dispatcher.o
    0x000320d5   0x000320d5   0x00000003   PAD
    0x000320d8   0x000320d8   0x00000010   Data   RO         2995    .conststrlit        security_manager.o
    0x000320e8   0x000320e8   0x00000006   Data   RO         3167    .conststrlit        nrf_drv_clock.o
    0x000320ee   0x000320ee   0x00000002   PAD
    0x000320f0   0x000320f0   0x00000006   Data   RO         3554    .conststrlit        nrfx_clock.o
    0x000320f6   0x000320f6   0x00000002   PAD
    0x000320f8   0x000320f8   0x00000007   Data   RO         3727    .conststrlit        nrfx_gpiote.o
    0x000320ff   0x000320ff   0x00000001   PAD
    0x00032100   0x00032100   0x00000004   Data   RO         3986    .conststrlit        nrfx_prs.o
    0x00032104   0x00032104   0x00000005   Data   RO         4066    .conststrlit        nrfx_uart.o
    0x00032109   0x00032109   0x00000003   PAD
    0x0003210c   0x0003210c   0x00000006   Data   RO         4250    .conststrlit        nrfx_uarte.o
    0x00032112   0x00032112   0x00000002   PAD
    0x00032114   0x00032114   0x0000000b   Data   RO         4397    .conststrlit        app_button.o
    0x0003211f   0x0003211f   0x00000001   PAD
    0x00032120   0x00032120   0x0000000a   Data   RO         4663    .conststrlit        app_timer2.o
    0x0003212a   0x0003212a   0x00000002   PAD
    0x0003212c   0x0003212c   0x0000000d   Data   RO         5815    .conststrlit        nrf_fstorage.o
    0x00032139   0x00032139   0x00000003   PAD
    0x0003213c   0x0003213c   0x00000009   Data   RO         6088    .conststrlit        nrf_pwr_mgmt.o
    0x00032145   0x00032145   0x00000003   PAD
    0x00032148   0x00032148   0x00000009   Data   RO         6256    .conststrlit        nrf_sortlist.o
    0x00032151   0x00032151   0x00000003   PAD
    0x00032154   0x00032154   0x00000011   Data   RO         6504    .conststrlit        nrf_log_default_backends.o
    0x00032165   0x00032165   0x00000003   PAD
    0x00032168   0x00032168   0x00000004   Data   RO         6573    .conststrlit        nrf_log_frontend.o
    0x0003216c   0x0003216c   0x00000008   Data   RO         7161    .conststrlit        nrf_sdh.o
    0x00032174   0x00032174   0x0000000c   Data   RO         7271    .conststrlit        nrf_sdh_ble.o
    0x00032180   0x00032180   0x0000000c   Data   RO         7321    .conststrlit        nrf_sdh_soc.o
    0x0003218c   0x0003218c   0x00000020   Data   RO         7494    Region$$Table       anon$$obj.o
    0x000321ac   0x000321ac   0x00000010   Data   RO         6506    log_backends        nrf_log_default_backends.o
    0x000321bc   0x000321bc   0x00000008   Data   RO         1443    log_const_data      gatt_cache_manager.o
    0x000321c4   0x000321c4   0x00000008   Data   RO         1623    log_const_data      gatts_cache_manager.o
    0x000321cc   0x000321cc   0x00000008   Data   RO         1730    log_const_data      id_manager.o
    0x000321d4   0x000321d4   0x00000008   Data   RO         1888    log_const_data      nrf_ble_gatt.o
    0x000321dc   0x000321dc   0x00000008   Data   RO         2043    log_const_data      peer_data_storage.o
    0x000321e4   0x000321e4   0x00000008   Data   RO         2183    log_const_data      peer_database.o
    0x000321ec   0x000321ec   0x00000008   Data   RO         2422    log_const_data      peer_manager.o
    0x000321f4   0x000321f4   0x00000008   Data   RO         2701    log_const_data      peer_manager_handler.o
    0x000321fc   0x000321fc   0x00000008   Data   RO         2853    log_const_data      security_dispatcher.o
    0x00032204   0x00032204   0x00000008   Data   RO         2997    log_const_data      security_manager.o
    0x0003220c   0x0003220c   0x00000008   Data   RO         3168    log_const_data      nrf_drv_clock.o
    0x00032214   0x00032214   0x00000008   Data   RO         3556    log_const_data      nrfx_clock.o
    0x0003221c   0x0003221c   0x00000008   Data   RO         3728    log_const_data      nrfx_gpiote.o
    0x00032224   0x00032224   0x00000008   Data   RO         3988    log_const_data      nrfx_prs.o
    0x0003222c   0x0003222c   0x00000008   Data   RO         4067    log_const_data      nrfx_uart.o
    0x00032234   0x00032234   0x00000008   Data   RO         4251    log_const_data      nrfx_uarte.o
    0x0003223c   0x0003223c   0x00000008   Data   RO         4399    log_const_data      app_button.o
    0x00032244   0x00032244   0x00000008   Data   RO         4666    log_const_data      app_timer2.o
    0x0003224c   0x0003224c   0x00000008   Data   RO         5816    log_const_data      nrf_fstorage.o
    0x00032254   0x00032254   0x00000008   Data   RO         6090    log_const_data      nrf_pwr_mgmt.o
    0x0003225c   0x0003225c   0x00000008   Data   RO         6257    log_const_data      nrf_sortlist.o
    0x00032264   0x00032264   0x00000008   Data   RO         6577    log_const_data      nrf_log_frontend.o
    0x0003226c   0x0003226c   0x00000008   Data   RO         7163    log_const_data      nrf_sdh.o
    0x00032274   0x00032274   0x00000008   Data   RO         7273    log_const_data      nrf_sdh_ble.o
    0x0003227c   0x0003227c   0x00000008   Data   RO         7322    log_const_data      nrf_sdh_soc.o
    0x00032284   0x00032284   0x00000014   Data   RO         6578    nrf_balloc          nrf_log_frontend.o
    0x00032298   0x00032298   0x00000008   Data   RO         1203    sdh_ble_observers0  ble_conn_state.o
    0x000322a0   0x000322a0   0x00000010   Data   RO           22    sdh_ble_observers1  main.o
    0x000322b0   0x000322b0   0x00000008   Data   RO          659    sdh_ble_observers1  bsp_btn_ble.o
    0x000322b8   0x000322b8   0x00000008   Data   RO         1096    sdh_ble_observers1  ble_conn_params.o
    0x000322c0   0x000322c0   0x00000008   Data   RO         2423    sdh_ble_observers1  peer_manager.o
    0x000322c8   0x000322c8   0x00000008   Data   RO           23    sdh_ble_observers2  main.o
    0x000322d0   0x000322d0   0x00000008   Data   RO           24    sdh_ble_observers3  main.o
    0x000322d8   0x000322d8   0x00000008   Data   RO         5910    sdh_req_observers0  nrf_fstorage_sd.o
    0x000322e0   0x000322e0   0x00000008   Data   RO         3169    sdh_soc_observers0  nrf_drv_clock.o
    0x000322e8   0x000322e8   0x00000008   Data   RO         5911    sdh_soc_observers0  nrf_fstorage_sd.o
    0x000322f0   0x000322f0   0x00000008   Data   RO         7274    sdh_stack_observers0  nrf_sdh_ble.o
    0x000322f8   0x000322f8   0x00000008   Data   RO         7323    sdh_stack_observers0  nrf_sdh_soc.o
    0x00032300   0x00032300   0x00000008   Data   RO         3170    sdh_state_observers0  nrf_drv_clock.o
    0x00032308   0x00032308   0x00000008   Data   RO         5912    sdh_state_observers0  nrf_fstorage_sd.o


    Execution Region RW_IRAM1 (Exec base: 0x20002250, Load base: 0x00032310, Size: 0x00003360, Max: 0x0000ddb0, ABSOLUTE, COMPRESSED[0x000000a0])

    Exec Addr    Load Addr    Size         Type   Attr      Idx    E Section Name        Object

    0x20002250   COMPRESSED   0x0000000c   Data   RW           21    .data               main.o
    0x2000225c   COMPRESSED   0x00000010   Data   RW          557    .data               bsp.o
    0x2000226c   COMPRESSED   0x00000008   Data   RW          658    .data               bsp_btn_ble.o
    0x20002274   COMPRESSED   0x00000008   Data   RW         1095    .data               ble_conn_params.o
    0x2000227c   COMPRESSED   0x00000010   Data   RW         1442    .data               gatt_cache_manager.o
    0x2000228c   COMPRESSED   0x0000000c   Data   RW         1622    .data               gatts_cache_manager.o
    0x20002298   COMPRESSED   0x0000000c   Data   RW         2042    .data               peer_data_storage.o
    0x200022a4   COMPRESSED   0x00000008   Data   RW         2182    .data               peer_database.o
    0x200022ac   COMPRESSED   0x00000010   Data   RW         2421    .data               peer_manager.o
    0x200022bc   COMPRESSED   0x00000060   Data   RW         2699    .data               peer_manager_handler.o
    0x2000231c   COMPRESSED   0x00000005   Data   RW         2852    .data               security_dispatcher.o
    0x20002321   COMPRESSED   0x00000003   PAD
    0x20002324   COMPRESSED   0x00000015   Data   RW         2996    .data               security_manager.o
    0x20002339   COMPRESSED   0x00000003   PAD
    0x2000233c   COMPRESSED   0x0000000c   Data   RW         3349    .data               nrf_drv_uart.o
    0x20002348   COMPRESSED   0x00000008   Data   RW         3555    .data               nrfx_clock.o
    0x20002350   COMPRESSED   0x00000008   Data   RW         3987    .data               nrfx_prs.o
    0x20002358   COMPRESSED   0x00000018   Data   RW         4398    .data               app_button.o
    0x20002370   COMPRESSED   0x00000020   Data   RW         4664    .data               app_timer2.o
    0x20002390   COMPRESSED   0x00000004   Data   RW         4665    .data               app_timer2.o
    0x20002394   COMPRESSED   0x0000000c   Data   RW         4903    .data               drv_rtc.o
    0x200023a0   COMPRESSED   0x00000030   Data   RW         5104    .data               fds.o
    0x200023d0   COMPRESSED   0x00000008   Data   RW         5909    .data               nrf_fstorage_sd.o
    0x200023d8   COMPRESSED   0x00000008   Data   RW         6089    .data               nrf_pwr_mgmt.o
    0x200023e0   COMPRESSED   0x00000018   Data   RW         6440    .data               nrf_log_backend_uart.o
    0x200023f8   COMPRESSED   0x00000008   Data   RW         6505    .data               nrf_log_default_backends.o
    0x20002400   COMPRESSED   0x00000004   Data   RW         6574    .data               nrf_log_frontend.o
    0x20002404   COMPRESSED   0x00000008   Data   RW         6575    .data               nrf_log_frontend.o
    0x2000240c   COMPRESSED   0x00000008   Data   RW         6576    .data               nrf_log_frontend.o
    0x20002414   COMPRESSED   0x00000040   Data   RW         6735    .data               nrf_log_str_formatter.o
    0x20002454   COMPRESSED   0x00000003   Data   RW         7162    .data               nrf_sdh.o
    0x20002457   COMPRESSED   0x00000001   Data   RW         7272    .data               nrf_sdh_ble.o
    0x20002458   COMPRESSED   0x00000004   Data   RW         7364    .data               system_nrf52.o
    0x2000245c   COMPRESSED   0x00000014   Data   RW         5105    fs_data             fds.o
    0x20002470        -       0x00000454   Zero   RW           19    .bss                main.o
    0x200028c4   COMPRESSED   0x00000004   PAD
    0x200028c8        -       0x00000020   Zero   RW          552    .bss                bsp.o
    0x200028e8        -       0x00000020   Zero   RW          553    .bss                bsp.o
    0x20002908        -       0x0000000c   Zero   RW          554    .bss                bsp.o
    0x20002914   COMPRESSED   0x00000004   PAD
    0x20002918        -       0x00000020   Zero   RW          555    .bss                bsp.o
    0x20002938        -       0x00000050   Zero   RW         1094    .bss                ble_conn_params.o
    0x20002988        -       0x0000007c   Zero   RW         1202    .bss                ble_conn_state.o
    0x20002a04        -       0x000000d8   Zero   RW         1725    .bss                id_manager.o
    0x20002adc        -       0x00000180   Zero   RW         2178    .bss                peer_database.o
    0x20002c5c        -       0x00000040   Zero   RW         2294    .bss                peer_id.o
    0x20002c9c        -       0x0000000c   Zero   RW         2417    .bss                peer_manager.o
    0x20002ca8        -       0x00000040   Zero   RW         2848    .bss                security_dispatcher.o
    0x20002ce8        -       0x00000014   Zero   RW         3162    .bss                nrf_drv_clock.o
    0x20002cfc        -       0x0000005c   Zero   RW         3722    .bss                nrfx_gpiote.o
    0x20002d58        -       0x0000002c   Zero   RW         4061    .bss                nrfx_uart.o
    0x20002d84        -       0x00000024   Zero   RW         4245    .bss                nrfx_uarte.o
    0x20002da8        -       0x00000020   Zero   RW         4394    .bss                app_button.o
    0x20002dc8        -       0x00000010   Zero   RW         4395    .bss                app_button.o
    0x20002dd8        -       0x00000010   Zero   RW         4660    .bss                app_timer2.o
    0x20002de8        -       0x00000058   Zero   RW         4661    .bss                app_timer2.o
    0x20002e40        -       0x0000000c   Zero   RW         4790    .bss                app_util_platform.o
    0x20002e4c        -       0x00000010   Zero   RW         5101    .bss                fds.o
    0x20002e5c        -       0x000000e0   Zero   RW         5102    .bss                fds.o
    0x20002f3c        -       0x00000010   Zero   RW         5905    .bss                nrf_fstorage_sd.o
    0x20002f4c        -       0x000000a0   Zero   RW         5906    .bss                nrf_fstorage_sd.o
    0x20002fec        -       0x0000000c   Zero   RW         6085    .bss                nrf_pwr_mgmt.o
    0x20002ff8        -       0x00000040   Zero   RW         6437    .bss                nrf_log_backend_uart.o
    0x20003038        -       0x000000c0   Zero   RW         6568    .bss                nrf_log_frontend.o
    0x200030f8        -       0x00000080   Zero   RW         6569    .bss                nrf_log_frontend.o
    0x20003178        -       0x00000018   Zero   RW         6570    .bss                nrf_log_frontend.o
    0x20003190        -       0x00000420   Zero   RW         6571    .bss                nrf_log_frontend.o
    0x200035b0        -       0x00002000   Zero   RW         7350    STACK               arm_startup_nrf52.o


==============================================================================

Image component sizes


      Code (inc. data)   RO Data    RW Data    ZI Data      Debug   Object Name

       664         66         27         24         48      22650   app_button.o
        22          0          0          0          0       2541   app_error.o
       132         46          0          0          0      34197   app_error_weak.o
         0          0          0          0          0      37190   app_scheduler.o
       846         88         38         36        104      16769   app_timer2.o
       124         14          0          0         12      10762   app_util_platform.o
        36          8        512          0       8192        936   arm_startup_nrf52.o
         0          0          0          0          0      39454   auth_status_tracker.o
      1338          0          0          0          0     104072   ble_advdata.o
      1076          6          0          0          0      26815   ble_advertising.o
       636         44          8          8         80      16135   ble_conn_params.o
       772         62          8          0        124      15813   ble_conn_state.o
         8          0          0          0          0       1470   ble_srv_common.o
       358         40          8          0          0      14687   boards.o
      1012         84         44         16        108      16991   bsp.o
       252         10          8          8          0       4920   bsp_btn_ble.o
       704         76          6         12          0      48817   drv_rtc.o
      3872        348         24         68        240      51190   fds.o
      2152        552        553         16          0      43392   gatt_cache_manager.o
       686         84        462         12          0      16739   gatts_cache_manager.o
       946         34         32          0        216      21760   id_manager.o
      1588        374         38         12       1108     163361   main.o
       342          0          0          0          0       6774   nrf_atfifo.o
       170          0          0          0          0       4880   nrf_atflags.o
       332          0          0          0          0      10246   nrf_atomic.o
       164          0          0          0          0       3664   nrf_balloc.o
       922        272        205          0          0      37299   nrf_ble_gatt.o
       276          0          0          0          0       6249   nrf_ble_qwr.o
       312         36         30          0         20      53308   nrf_drv_clock.o
       200         26          0         12          0      17908   nrf_drv_uart.o
        50          0          0          0          0       3561   nrf_fprintf.o
       866          4         16          0          0       6594   nrf_fprintf_format.o
       972        432        194          0          0       8100   nrf_fstorage.o
       798         82         72          8        176      16155   nrf_fstorage_sd.o
       194          0          0          0          0      11653   nrf_log_backend_serial.o
       232         44         44         24         64      16002   nrf_log_backend_uart.o
        28          4         33          8          0       3369   nrf_log_default_backends.o
      1512        128         44         20       1400      31676   nrf_log_frontend.o
       570        108        102         64          0       5708   nrf_log_str_formatter.o
       346          0          0          0          0       9643   nrf_memobj.o
       108         16         53          8         12      41466   nrf_pwr_mgmt.o
        28          0          0          0          0       2387   nrf_ringbuf.o
       560         60        104          3          0      45476   nrf_sdh.o
       672        232        468          1          0       5917   nrf_sdh_ble.o
        60          4         56          0          0       2492   nrf_sdh_soc.o
        78          0          0          0          0       2816   nrf_section_iter.o
        84          0         17          0          0       4161   nrf_sortlist.o
        76         10       1319          0          0       2775   nrf_strerror.o
       242         32         14          8          0      47252   nrfx_clock.o
      1268        106         19          0         92      66093   nrfx_gpiote.o
       112         16         12          8          0       4536   nrfx_prs.o
      1310         42         17          0         44      30793   nrfx_uart.o
      1312         42         18          0         36      26243   nrfx_uarte.o
      1172        144        281         12          0      18410   peer_data_storage.o
      1434        260        425          8        384      19670   peer_database.o
       314         38          0          0         64       9251   peer_id.o
      1678        454        217         16         12      20079   peer_manager.o
      1824        842        832         96          0       9440   peer_manager_handler.o
       234          0          0          0          0       5495   pm_buffer.o
      1944        268        835          5         64      27151   security_dispatcher.o
      1372        122        411         21          0      54790   security_manager.o
       156         30          0          4          0       2573   system_nrf52.o

    ----------------------------------------------------------------------
     41636       5802       7704        544      12608    1412716   Object Totals
         0          0         32          0          0          0   (incl. Generated)
        88         12         66          6          8          0   (incl. Padding)

    ----------------------------------------------------------------------

      Code (inc. data)   RO Data    RW Data    ZI Data      Debug   Library Member Name

        86          0          0          0          0          0   __dczerorl2.o
         8          4        133          0          0         68   ctype_o.o
         0          0          0          0          0          0   entry.o
         0          0          0          0          0          0   entry10a.o
         0          0          0          0          0          0   entry11a.o
         4          0          0          0          0          0   entry12b.o
         8          4          0          0          0          0   entry2.o
         4          0          0          0          0          0   entry5.o
         0          0          0          0          0          0   entry7b.o
         0          0          0          0          0          0   entry8b.o
         8          4          0          0          0          0   entry9a.o
        30          0          0          0          0          0   handlers.o
        36          8          0          0          0         68   init.o
        30          0          0          0          0         68   llshl.o
        32          0          0          0          0         68   llushr.o
        26          0          0          0          0         80   memcmp.o
        36          0          0          0          0         68   memcpya.o
        36          0          0          0          0        108   memseta.o
        14          0          0          0          0         68   strlen.o
        98          0          0          0          0         92   uldiv.o

    ----------------------------------------------------------------------
       460         20        136          0          0        688   Library Totals
         4          0          3          0          0          0   (incl. Padding)

    ----------------------------------------------------------------------

      Code (inc. data)   RO Data    RW Data    ZI Data      Debug   Library Name

       456         20        133          0          0        688   mc_w.l

    ----------------------------------------------------------------------
       460         20        136          0          0        688   Library Totals

    ----------------------------------------------------------------------

==============================================================================


      Code (inc. data)   RO Data    RW Data    ZI Data      Debug   

     42096       5822       7840        544      12608    1360280   Grand Totals
     42096       5822       7840        160      12608    1360280   ELF Image Totals (compressed)
     42096       5822       7840        160          0          0   ROM Totals

==============================================================================

    Total RO  Size (Code + RO Data)                49936 (  48.77kB)
    Total RW  Size (RW Data + ZI Data)             13152 (  12.84kB)
    Total ROM Size (Code + RO Data + RW Data)      50096 (  48.92kB)

==============================================================================

