Component: ARM Compiler 5.06 update 7 (build 960) Tool: armlink [4d3601]

==============================================================================

Section Cross References

    main.o(i.adv_timeout_handler) refers to main.o(i.send_notification) for send_notification
    main.o(i.advertising_init) refers to memseta.o(.text) for __aeabi_memclr4
    main.o(i.advertising_init) refers to nrf_log_frontend.o(i.nrf_log_frontend_std_1) for nrf_log_frontend_std_1
    main.o(i.advertising_init) refers to ble_advertising.o(i.ble_advertising_init) for ble_advertising_init
    main.o(i.advertising_init) refers to app_error.o(i.app_error_handler_bare) for app_error_handler_bare
    main.o(i.advertising_init) refers to ble_advertising.o(i.ble_advertising_conn_cfg_tag_set) for ble_advertising_conn_cfg_tag_set
    main.o(i.advertising_init) refers to main.o(.data) for .data
    main.o(i.advertising_init) refers to nrf_log_frontend.o(log_const_data) for m_nrf_log_app_logs_data_const
    main.o(i.advertising_init) refers to main.o(i.on_adv_evt) for on_adv_evt
    main.o(i.advertising_init) refers to main.o(.bss) for .bss
    main.o(i.advertising_start) refers to nrf_log_frontend.o(i.nrf_log_frontend_std_0) for nrf_log_frontend_std_0
    main.o(i.advertising_start) refers to peer_manager.o(i.pm_peers_delete) for pm_peers_delete
    main.o(i.advertising_start) refers to ble_advertising.o(i.ble_advertising_start) for ble_advertising_start
    main.o(i.advertising_start) refers to app_error.o(i.app_error_handler_bare) for app_error_handler_bare
    main.o(i.advertising_start) refers to nrf_log_frontend.o(log_const_data) for m_nrf_log_app_logs_data_const
    main.o(i.advertising_start) refers to main.o(.bss) for .bss
    main.o(i.assert_nrf_callback) refers to app_error_handler_keil.o(.emb_text) for app_error_handler
    main.o(i.ble_evt_handler) refers to nrf_log_frontend.o(i.nrf_log_frontend_std_0) for nrf_log_frontend_std_0
    main.o(i.ble_evt_handler) refers to bsp.o(i.bsp_indication_set) for bsp_indication_set
    main.o(i.ble_evt_handler) refers to app_error.o(i.app_error_handler_bare) for app_error_handler_bare
    main.o(i.ble_evt_handler) refers to nrf_ble_qwr.o(i.nrf_ble_qwr_conn_handle_assign) for nrf_ble_qwr_conn_handle_assign
    main.o(i.ble_evt_handler) refers to nrf_log_frontend.o(log_const_data) for m_nrf_log_app_logs_data_const
    main.o(i.ble_evt_handler) refers to main.o(.data) for .data
    main.o(i.ble_evt_handler) refers to main.o(.bss) for .bss
    main.o(i.bsp_event_handler) refers to main.o(i.sleep_mode_enter) for sleep_mode_enter
    main.o(i.bsp_event_handler) refers to app_error.o(i.app_error_handler_bare) for app_error_handler_bare
    main.o(i.bsp_event_handler) refers to ble_advertising.o(i.ble_advertising_restart_without_whitelist) for ble_advertising_restart_without_whitelist
    main.o(i.bsp_event_handler) refers to main.o(.data) for .data
    main.o(i.bsp_event_handler) refers to main.o(.bss) for .bss
    main.o(i.conn_params_error_handler) refers to app_error.o(i.app_error_handler_bare) for app_error_handler_bare
    main.o(i.main) refers to nrf_log_frontend.o(i.nrf_log_init) for nrf_log_init
    main.o(i.main) refers to app_error.o(i.app_error_handler_bare) for app_error_handler_bare
    main.o(i.main) refers to nrf_log_default_backends.o(i.nrf_log_default_backends_init) for nrf_log_default_backends_init
    main.o(i.main) refers to app_timer2.o(i.app_timer_init) for app_timer_init
    main.o(i.main) refers to app_timer2.o(i.app_timer_create) for app_timer_create
    main.o(i.main) refers to bsp.o(i.bsp_init) for bsp_init
    main.o(i.main) refers to bsp_btn_ble.o(i.bsp_btn_ble_init) for bsp_btn_ble_init
    main.o(i.main) refers to nrf_pwr_mgmt.o(i.nrf_pwr_mgmt_init) for nrf_pwr_mgmt_init
    main.o(i.main) refers to nrf_sdh.o(i.nrf_sdh_enable_request) for nrf_sdh_enable_request
    main.o(i.main) refers to nrf_sdh_ble.o(i.nrf_sdh_ble_default_cfg_set) for nrf_sdh_ble_default_cfg_set
    main.o(i.main) refers to nrf_sdh_ble.o(i.nrf_sdh_ble_enable) for nrf_sdh_ble_enable
    main.o(i.main) refers to nrf_ble_gatt.o(i.nrf_ble_gatt_init) for nrf_ble_gatt_init
    main.o(i.main) refers to main.o(i.advertising_init) for advertising_init
    main.o(i.main) refers to nrf_ble_qwr.o(i.nrf_ble_qwr_init) for nrf_ble_qwr_init
    main.o(i.main) refers to memseta.o(.text) for __aeabi_memclr4
    main.o(i.main) refers to ble_conn_params.o(i.ble_conn_params_init) for ble_conn_params_init
    main.o(i.main) refers to main.o(i.peer_manager_init) for peer_manager_init
    main.o(i.main) refers to nrf_log_frontend.o(i.nrf_log_frontend_std_0) for nrf_log_frontend_std_0
    main.o(i.main) refers to app_timer2.o(i.app_timer_start) for app_timer_start
    main.o(i.main) refers to main.o(i.advertising_start) for advertising_start
    main.o(i.main) refers to nrf_log_frontend.o(i.nrf_log_frontend_dequeue) for nrf_log_frontend_dequeue
[...]
    sdh_soc_observers0$$Base                 0x00032490   Number         0  nrf_drv_clock.o(sdh_soc_observers0)
    sdh_soc_observers0$$Limit                0x000324a0   Number         0  nrf_fstorage_sd.o(sdh_soc_observers0)
    sdh_stack_observers0$$Base               0x000324a0   Number         0  nrf_sdh_ble.o(sdh_stack_observers0)
    sdh_stack_observers0$$Limit              0x000324b0   Number         0  nrf_sdh_soc.o(sdh_stack_observers0)
    sdh_state_observers0$$Base               0x000324b0   Number         0  nrf_drv_clock.o(sdh_state_observers0)
    sdh_state_observers0$$Limit              0x000324c0   Number         0  nrf_fstorage_sd.o(sdh_state_observers0)
    Image$$RW_IRAM1$$Base                    0x20002250   Number         0  anon$$obj.o ABSOLUTE
    counter                                  0x20002250   Data           1  main.o(.data)
    manuf_payload_arr                        0x2000225c   Data          18  main.o(.data)
    nrf_drv_uart_use_easy_dma                0x20002350   Data           1  nrf_drv_uart.o(.data)
    m_uart                                   0x200023fc   Data          20  nrf_log_backend_uart.o(.data)
    SystemCoreClock                          0x20002470   Data           4  system_nrf52.o(.data)
    fs_data$$Base                            0x20002474   Number         0  fds.o(fs_data)
    m_fs                                     0x20002474   Data          20  fds.o(fs_data)
    fs_data$$Limit                           0x20002488   Number         0  fds.o(fs_data)
    nrf_nvic_state                           0x20002e78   Data          12  app_util_platform.o(.bss)
    __initial_sp                             0x200055e8   Data           0  arm_startup_nrf52.o(STACK)



==============================================================================

Memory Map of the image

  Image Entry point : 0x00026201

  Load Region LR_IROM1 (Base: 0x00026000, Size: 0x0000c6f8, Max: 0x0005a000, ABSOLUTE, COMPRESSED[0x0000c56c])

    Execution Region ER_IROM1 (Exec base: 0x00026000, Load base: 0x00026000, Size: 0x0000c4c0, Max: 0x0005a000, ABSOLUTE)

    Exec Addr    Load Addr    Size         Type   Attr      Idx    E Section Name        Object

    0x00026000   0x00026000   0x00000200   Data   RO         7118    RESET               arm_startup_nrf52.o
    0x00026200   0x00026200   0x00000000   Code   RO         7187  * .ARM.Collect$$$$00000000  mc_w.l(entry.o)
    0x00026200   0x00026200   0x00000004   Code   RO         7241    .ARM.Collect$$$$00000001  mc_w.l(entry2.o)
    0x00026204   0x00026204   0x00000004   Code   RO         7244    .ARM.Collect$$$$00000004  mc_w.l(entry5.o)
    0x00026208   0x00026208   0x00000000   Code   RO         7246    .ARM.Collect$$$$00000008  mc_w.l(entry7b.o)
    0x00026208   0x00026208   0x00000000   Code   RO         7248    .ARM.Collect$$$$0000000A  mc_w.l(entry8b.o)
    0x00026208   0x00026208   0x00000008   Code   RO         7249    .ARM.Collect$$$$0000000B  mc_w.l(entry9a.o)
    0x00026210   0x00026210   0x00000004   Code   RO         7256    .ARM.Collect$$$$0000000E  mc_w.l(entry12b.o)
    0x00026214   0x00026214   0x00000000   Code   RO         7251    .ARM.Collect$$$$0000000F  mc_w.l(entry10a.o)
    0x00026214   0x00026214   0x00000000   Code   RO         7253    .ARM.Collect$$$$00000011  mc_w.l(entry11a.o)
    0x00026214   0x00026214   0x00000004   Code   RO         7242    .ARM.Collect$$$$00002712  mc_w.l(entry2.o)
    0x00026218   0x00026218   0x000000c8   Code   RO         5190    .emb_text           nrf_atfifo.o
    0x000262e0   0x000262e0   0x000000e2   Code   RO         5326    .emb_text           nrf_atomic.o
    0x000263c2   0x000263c2   0x00000002   PAD
    0x000263c4   0x000263c4   0x00000024   Code   RO         7119    .text               arm_startup_nrf52.o
    0x000263e8   0x000263e8   0x00000062   Code   RO         7195    .text               mc_w.l(uldiv.o)
    0x0002644a   0x0002644a   0x0000001e   Code   RO         7197    .text               mc_w.l(llshl.o)
    0x00026468   0x00026468   0x00000008   Code   RO         7199    .text               mc_w.l(ctype_o.o)
    0x00026470   0x00026470   0x00000024   Code   RO         7227    .text               mc_w.l(memcpya.o)
    0x00026494   0x00026494   0x00000024   Code   RO         7229    .text               mc_w.l(memseta.o)
    0x000264b8   0x000264b8   0x0000000e   Code   RO         7231    .text               mc_w.l(strlen.o)
    0x000264c6   0x000264c6   0x0000001a   Code   RO         7235    .text               mc_w.l(memcmp.o)
    0x000264e0   0x000264e0   0x00000020   Code   RO         7258    .text               mc_w.l(llushr.o)
    0x00026500   0x00026500   0x00000024   Code   RO         7261    .text               mc_w.l(init.o)
    0x00026524   0x00026524   0x00000056   Code   RO         7271    .text               mc_w.l(__dczerorl2.o)
    0x0002657a   0x0002657a   0x00000002   PAD
    0x0002657c   0x0002657c   0x000000a4   Code   RO         3457    i.GPIOTE_IRQHandler  nrfx_gpiote.o
    0x00026620   0x00026620   0x00000058   Code   RO         3318    i.POWER_CLOCK_IRQHandler  nrfx_clock.o
    0x00026678   0x00026678   0x00000010   Code   RO         4654    i.RTC1_IRQHandler   drv_rtc.o
    0x00026688   0x00026688   0x00000004   Code   RO         6909    i.SWI2_EGU2_IRQHandler  nrf_sdh.o
    0x0002668c   0x0002668c   0x000002d8   Code   RO         7127    i.SystemInit        system_nrf52.o
    0x00026964   0x00026964   0x0000000c   Code   RO         3762    i.UARTE0_UART0_IRQHandler  nrfx_prs.o
    0x00026970   0x00026970   0x0000000e   Code   RO         7265    i.__scatterload_copy  mc_w.l(handlers.o)
    0x0002697e   0x0002697e   0x00000002   Code   RO         7266    i.__scatterload_null  mc_w.l(handlers.o)
    0x00026980   0x00026980   0x0000000e   Code   RO         7267    i.__scatterload_zeroinit  mc_w.l(handlers.o)
    0x0002698e   0x0002698e   0x00000002   PAD
    0x00026990   0x00026990   0x00000024   Code   RO         6910    i.__sd_nvic_app_accessible_irq  nrf_sdh.o
    0x000269b4   0x000269b4   0x0000013c   Code   RO         2513    i._conn_secure      peer_manager_handler.o
    0x00026af0   0x00026af0   0x00000026   Code   RO         1543    i.addr_compare      id_manager.o
    0x00026b16   0x00026b16   0x0000000c   Code   RO         5578    i.addr_is_aligned32  nrf_fstorage.o
    0x00026b22   0x00026b22   0x00000018   Code   RO         5579    i.addr_is_within_bounds  nrf_fstorage.o
    0x00026b3a   0x00026b3a   0x00000010   Code   RO          884    i.adv_set_data_size_max_get  ble_advertising.o
    0x00026b4a   0x00026b4a   0x00000004   Code   RO            4    i.adv_timeout_handler  main.o
    0x00026b4e   0x00026b4e   0x00000036   Code   RO          650    i.advertising_buttons_configure  bsp_btn_ble.o
    0x00026b84   0x00026b84   0x000000c4   Code   RO            5    i.advertising_init  main.o
    0x00026c48   0x00026c48   0x00000050   Code   RO            6    i.advertising_start  main.o
    0x00026c98   0x00026c98   0x00000052   Code   RO         1544    i.ah                id_manager.o
    0x00026cea   0x00026cea   0x00000006   Code   RO          533    i.alert_timer_handler  bsp.o
    0x00026cf0   0x00026cf0   0x0000000c   Code   RO         2657    i.allow_repairing   security_dispatcher.o
    0x00026cfc   0x00026cfc   0x00000024   Code   RO         4165    i.app_button_enable  app_button.o
    0x00026d20   0x00026d20   0x00000080   Code   RO         4166    i.app_button_init   app_button.o
    0x00026da0   0x00026da0   0x00000084   Code   RO         4323    i.app_error_fault_handler  app_error_weak.o
    0x00026e24   0x00026e24   0x00000016   Code   RO         4263    i.app_error_handler_bare  app_error.o
    0x00026e3a   0x00026e3a   0x00000002   PAD
    0x00026e3c   0x00026e3c   0x0000000c   Code   RO         4418    i.app_timer_cnt_get  app_timer2.o
    0x00026e48   0x00026e48   0x00000016   Code   RO         4419    i.app_timer_create  app_timer2.o
    0x00026e5e   0x00026e5e   0x00000002   PAD
    0x00026e60   0x00026e60   0x0000005c   Code   RO         4420    i.app_timer_init    app_timer2.o
    0x00026ebc   0x00026ebc   0x00000030   Code   RO         4423    i.app_timer_start   app_timer2.o
    0x00026eec   0x00026eec   0x0000000c   Code   RO         4424    i.app_timer_stop    app_timer2.o
    0x00026ef8   0x00026ef8   0x00000048   Code   RO         4559    i.app_util_critical_region_enter  app_util_platform.o
    0x00026f40   0x00026f40   0x00000034   Code   RO         4560    i.app_util_critical_region_exit  app_util_platform.o
    0x00026f74   0x00026f74   0x00000088   Code   RO         3816    i.apply_config      nrfx_uart.o
    0x00026ffc   0x00026ffc   0x00000088   Code   RO         4004    i.apply_config      nrfx_uarte.o
    0x00027084   0x00027084   0x00000004   Code   RO         1282    i.apply_pending_handle  gatt_cache_manager.o
    0x00027088   0x00027088   0x00000180   Code   RO         2658    i.auth_status_success_process  security_dispatcher.o
    0x00027208   0x00027208   0x00000182   Code   RO          778    i.ble_advdata_encode  ble_advdata.o
    0x0002738a   0x0002738a   0x00000020   Code   RO          780    i.ble_advdata_parse  ble_advdata.o
    0x000273aa   0x000273aa   0x00000046   Code   RO          781    i.ble_advdata_search  ble_advdata.o
    0x000273f0   0x000273f0   0x00000006   Code   RO          886    i.ble_advertising_conn_cfg_tag_set  ble_advertising.o
    0x000273f6   0x000273f6   0x000000f8   Code   RO          887    i.ble_advertising_init  ble_advertising.o
    0x000274ee   0x000274ee   0x0000006a   Code   RO          889    i.ble_advertising_on_ble_evt  ble_advertising.o
    0x00027558   0x00027558   0x0000003a   Code   RO          891    i.ble_advertising_restart_without_whitelist  ble_advertising.o
    0x00027592   0x00027592   0x00000230   Code   RO          892    i.ble_advertising_start  ble_advertising.o
    0x000277c2   0x000277c2   0x00000002   PAD
    0x000277c4   0x000277c4   0x00000068   Code   RO          977    i.ble_conn_params_init  ble_conn_params.o
    0x0002782c   0x0002782c   0x00000020   Code   RO         1053    i.ble_conn_state_encrypted  ble_conn_state.o
    0x0002784c   0x0002784c   0x0000002c   Code   RO         1055    i.ble_conn_state_for_each_set_user_flag  ble_conn_state.o
    0x00027878   0x00027878   0x00000020   Code   RO         1057    i.ble_conn_state_lesc  ble_conn_state.o
    0x00027898   0x00027898   0x00000020   Code   RO         1058    i.ble_conn_state_mitm_protected  ble_conn_state.o
    0x000278b8   0x000278b8   0x00000024   Code   RO         1061    i.ble_conn_state_role  ble_conn_state.o
    0x000278dc   0x000278dc   0x00000024   Code   RO         1062    i.ble_conn_state_status  ble_conn_state.o
    0x00027900   0x00027900   0x00000018   Code   RO         1063    i.ble_conn_state_user_flag_acquire  ble_conn_state.o
    0x00027918   0x00027918   0x00000030   Code   RO         1064    i.ble_conn_state_user_flag_get  ble_conn_state.o
    0x00027948   0x00027948   0x00000038   Code   RO         1065    i.ble_conn_state_user_flag_set  ble_conn_state.o
    0x00027980   0x00027980   0x00000014   Code   RO         1066    i.ble_conn_state_valid  ble_conn_state.o
    0x00027994   0x00027994   0x00000060   Code   RO          784    i.ble_device_addr_encode  ble_advdata.o
    0x000279f4   0x000279f4   0x000000b4   Code   RO            8    i.ble_evt_handler   main.o
    0x00027aa8   0x00027aa8   0x00000070   Code   RO          651    i.ble_evt_handler   bsp_btn_ble.o
    0x00027b18   0x00027b18   0x000000fc   Code   RO          979    i.ble_evt_handler   ble_conn_params.o
    0x00027c14   0x00027c14   0x00000118   Code   RO         1067    i.ble_evt_handler   ble_conn_state.o
    0x00027d2c   0x00027d2c   0x00000028   Code   RO         2207    i.ble_evt_handler   peer_manager.o
    0x00027d54   0x00027d54   0x00000008   Code   RO         1222    i.ble_srv_is_notification_enabled  ble_srv_common.o
    0x00027d5c   0x00027d5c   0x0000000c   Code   RO          420    i.bsp_board_button_idx_to_pin  boards.o
    0x00027d68   0x00027d68   0x00000020   Code   RO          421    i.bsp_board_button_state_get  boards.o
    0x00027d88   0x00027d88   0x00000054   Code   RO          422    i.bsp_board_init    boards.o
    0x00027ddc   0x00027ddc   0x00000024   Code   RO          424    i.bsp_board_led_invert  boards.o
    0x00027e00   0x00027e00   0x00000010   Code   RO          425    i.bsp_board_led_off  boards.o
    0x00027e10   0x00027e10   0x00000010   Code   RO          426    i.bsp_board_led_on  boards.o
    0x00027e20   0x00027e20   0x00000020   Code   RO          427    i.bsp_board_led_state_get  boards.o
    0x00027e40   0x00027e40   0x00000012   Code   RO          428    i.bsp_board_leds_off  boards.o
    0x00027e52   0x00027e52   0x00000012   Code   RO          429    i.bsp_board_leds_on  boards.o
    0x00027e64   0x00027e64   0x00000024   Code   RO          430    i.bsp_board_pin_to_button_idx  boards.o
    0x00027e88   0x00027e88   0x00000038   Code   RO          652    i.bsp_btn_ble_init  bsp_btn_ble.o
    0x00027ec0   0x00027ec0   0x0000001e   Code   RO          653    i.bsp_btn_ble_sleep_mode_prepare  bsp_btn_ble.o
    0x00027ede   0x00027ede   0x00000002   PAD
    0x00027ee0   0x00027ee0   0x00000090   Code   RO          534    i.bsp_button_event_handler  bsp.o
    0x00027f70   0x00027f70   0x0000000c   Code   RO          535    i.bsp_button_is_pressed  bsp.o
    0x00027f7c   0x00027f7c   0x0000004c   Code   RO            9    i.bsp_event_handler  main.o
    0x00027fc8   0x00027fc8   0x00000044   Code   RO          538    i.bsp_event_to_button_action_assign  bsp.o
    0x0002800c   0x0002800c   0x00000018   Code   RO          539    i.bsp_indication_set  bsp.o
    0x00028024   0x00028024   0x00000094   Code   RO          540    i.bsp_init          bsp.o
    0x000280b8   0x000280b8   0x000001d0   Code   RO          541    i.bsp_led_indication  bsp.o
    0x00028288   0x00028288   0x00000006   Code   RO          543    i.bsp_wakeup_button_enable  bsp.o
    0x0002828e   0x0002828e   0x00000002   PAD
    0x00028290   0x00028290   0x00000094   Code   RO         6308    i.buf_prealloc      nrf_log_frontend.o
    0x00028324   0x00028324   0x0000002e   Code   RO         5538    i.buffer_add        nrf_fprintf_format.o
    0x00028352   0x00028352   0x00000002   PAD
    0x00028354   0x00028354   0x00000018   Code   RO         6309    i.buffer_is_empty   nrf_log_frontend.o
    0x0002836c   0x0002836c   0x00000028   Code   RO         4168    i.button_get        app_button.o
    0x00028394   0x00028394   0x00000008   Code   RO          544    i.button_timer_handler  bsp.o
    0x0002839c   0x0002839c   0x00000028   Code   RO         1283    i.car_update_needed  gatt_cache_manager.o
    0x000283c4   0x000283c4   0x00000040   Code   RO         1284    i.car_update_pending_handle  gatt_cache_manager.o
    0x00028404   0x00028404   0x0000001c   Code   RO         3458    i.channel_free      nrfx_gpiote.o
    0x00028420   0x00028420   0x00000048   Code   RO         3459    i.channel_port_alloc  nrfx_gpiote.o
    0x00028468   0x00028468   0x00000010   Code   RO         3460    i.channel_port_get  nrfx_gpiote.o
    0x00028478   0x00028478   0x0000003e   Code   RO         2117    i.claim             peer_id.o
    0x000284b6   0x000284b6   0x00000002   PAD
    0x000284b8   0x000284b8   0x00000028   Code   RO         2973    i.clock_clk_started_notify  nrf_drv_clock.o
    0x000284e0   0x000284e0   0x0000001c   Code   RO         2974    i.clock_irq_handler  nrf_drv_clock.o
    0x000284fc   0x000284fc   0x00000018   Code   RO         4426    i.compare_func      app_timer2.o
    0x00028514   0x00028514   0x0000003e   Code   RO         1068    i.conn_handle_list_get  ble_conn_state.o
    0x00028552   0x00028552   0x00000088   Code   RO          785    i.conn_int_encode   ble_advdata.o
    0x000285da   0x000285da   0x00000004   Code   RO           10    i.conn_params_error_handler  main.o
    0x000285de   0x000285de   0x00000002   PAD
    0x000285e0   0x000285e0   0x00000048   Code   RO          980    i.conn_params_negotiation  ble_conn_params.o
    0x00028628   0x00028628   0x00000044   Code   RO         2659    i.conn_sec_failure  security_dispatcher.o
    0x0002866c   0x0002866c   0x00000004   Code   RO         2514    i.conn_secure       peer_manager_handler.o
    0x00028670   0x00028670   0x000000c0   Code   RO         1712    i.data_length_update  nrf_ble_gatt.o
    0x00028730   0x00028730   0x00000030   Code   RO         1285    i.db_update_pending_handle  gatt_cache_manager.o
    0x00028760   0x00028760   0x0000008c   Code   RO         4823    i.delete_execute    fds.o
    0x000287ec   0x000287ec   0x00000048   Code   RO         4169    i.detection_delay_timeout_handler  app_button.o
    0x00028834   0x00028834   0x00000014   Code   RO         6310    i.dropped_sat16_get  nrf_log_frontend.o
    0x00028848   0x00028848   0x00000014   Code   RO         4655    i.drv_rtc_compare_disable  drv_rtc.o
    0x0002885c   0x0002885c   0x0000000e   Code   RO         4658    i.drv_rtc_compare_pending  drv_rtc.o
    0x0002886a   0x0002886a   0x00000050   Code   RO         4659    i.drv_rtc_compare_set  drv_rtc.o
    0x000288ba   0x000288ba   0x00000008   Code   RO         4660    i.drv_rtc_counter_get  drv_rtc.o
    0x000288c2   0x000288c2   0x00000002   PAD
    0x000288c4   0x000288c4   0x000000d8   Code   RO         4661    i.drv_rtc_init      drv_rtc.o
    0x0002899c   0x0002899c   0x0000001e   Code   RO         4662    i.drv_rtc_irq_trigger  drv_rtc.o
    0x000289ba   0x000289ba   0x00000008   Code   RO         4664    i.drv_rtc_overflow_enable  drv_rtc.o
    0x000289c2   0x000289c2   0x00000008   Code   RO         4665    i.drv_rtc_overflow_pending  drv_rtc.o
    0x000289ca   0x000289ca   0x00000008   Code   RO         4666    i.drv_rtc_start     drv_rtc.o
    0x000289d2   0x000289d2   0x00000008   Code   RO         4667    i.drv_rtc_stop      drv_rtc.o
    0x000289da   0x000289da   0x000000de   Code   RO         4672    i.drv_rtc_windowed_compare_set  drv_rtc.o
    0x00028ab8   0x00028ab8   0x0000000a   Code   RO         2660    i.encryption_failure  security_dispatcher.o
    0x00028ac2   0x00028ac2   0x00000002   PAD
    0x00028ac4   0x00028ac4   0x0000004c   Code   RO         5665    i.erase             nrf_fstorage_sd.o
    0x00028b10   0x00028b10   0x00000074   Code   RO         4824    i.event_prepare     fds.o
    0x00028b84   0x00028b84   0x00000020   Code   RO         4825    i.event_send        fds.o
    0x00028ba4   0x00028ba4   0x00000054   Code   RO         5666    i.event_send        nrf_fstorage_sd.o
    0x00028bf8   0x00028bf8   0x00000098   Code   RO         2798    i.events_send_from_err_code  security_manager.o
    0x00028c90   0x00028c90   0x00000012   Code   RO         4673    i.evt_enable        drv_rtc.o
    0x00028ca2   0x00028ca2   0x00000002   PAD
    0x00028ca4   0x00028ca4   0x000000e0   Code   RO         4170    i.evt_handle        app_button.o
    0x00028d84   0x00028d84   0x00000014   Code   RO         4674    i.evt_pending       drv_rtc.o
    0x00028d98   0x00028d98   0x0000001c   Code   RO         1286    i.evt_send          gatt_cache_manager.o
    0x00028db4   0x00028db4   0x0000001c   Code   RO         1448    i.evt_send          gatts_cache_manager.o
    0x00028dd0   0x00028dd0   0x0000002c   Code   RO         2208    i.evt_send          peer_manager.o
    0x00028dfc   0x00028dfc   0x0000001c   Code   RO         2661    i.evt_send          security_dispatcher.o
    0x00028e18   0x00028e18   0x0000000c   Code   RO         2799    i.evt_send          security_manager.o
    0x00028e24   0x00028e24   0x000000e0   Code   RO         1855    i.fds_evt_handler   peer_data_storage.o
    0x00028f04   0x00028f04   0x00000048   Code   RO         4827    i.fds_file_delete   fds.o
    0x00028f4c   0x00028f4c   0x00000040   Code   RO         4828    i.fds_gc            fds.o
    0x00028f8c   0x00028f8c   0x000000e4   Code   RO         4829    i.fds_init          fds.o
    0x00029070   0x00029070   0x00000048   Code   RO         4830    i.fds_record_close  fds.o
    0x000290b8   0x000290b8   0x0000000e   Code   RO         4832    i.fds_record_find   fds.o
    0x000290c6   0x000290c6   0x00000010   Code   RO         4833    i.fds_record_find_by_key  fds.o
    0x000290d6   0x000290d6   0x00000010   Code   RO         4834    i.fds_record_find_in_file  fds.o
    0x000290e6   0x000290e6   0x00000012   Code   RO         4835    i.fds_record_id_from_desc  fds.o
    0x000290f8   0x000290f8   0x0000004c   Code   RO         4837    i.fds_record_open   fds.o
    0x00029144   0x00029144   0x00000010   Code   RO         4838    i.fds_record_update  fds.o
    0x00029154   0x00029154   0x00000008   Code   RO         4839    i.fds_record_write  fds.o
    0x0002915c   0x0002915c   0x00000030   Code   RO         4841    i.fds_register      fds.o
    0x0002918c   0x0002918c   0x000000a0   Code   RO         4844    i.fds_stat          fds.o
    0x0002922c   0x0002922c   0x00000014   Code   RO         1856    i.file_id_within_pm_range  peer_data_storage.o
    0x00029240   0x00029240   0x00000012   Code   RO         2662    i.flag_id_init      security_dispatcher.o
    0x00029252   0x00029252   0x00000012   Code   RO         2800    i.flag_id_init      security_manager.o
    0x00029264   0x00029264   0x0000000a   Code   RO         1069    i.flag_toggle       ble_conn_state.o
    0x0002926e   0x0002926e   0x00000028   Code   RO          894    i.flags_set         ble_advertising.o
    0x00029296   0x00029296   0x00000002   PAD
    0x00029298   0x00029298   0x00000030   Code   RO         2801    i.flags_set_from_err_code  security_manager.o
    0x000292c8   0x000292c8   0x00000030   Code   RO         1070    i.for_each_set_flag  ble_conn_state.o
    0x000292f8   0x000292f8   0x00000006   Code   RO         4845    i.fs_event_handler  fds.o
    0x000292fe   0x000292fe   0x00000002   PAD
    0x00029300   0x00029300   0x00000080   Code   RO         4846    i.gc_execute        fds.o
    0x00029380   0x00029380   0x0000004c   Code   RO         4847    i.gc_next_page      fds.o
    0x000293cc   0x000293cc   0x00000040   Code   RO         4848    i.gc_page_erase     fds.o
    0x0002940c   0x0002940c   0x00000034   Code   RO         4849    i.gc_record_copy    fds.o
    0x00029440   0x00029440   0x00000024   Code   RO         4850    i.gc_record_find_next  fds.o
    0x00029464   0x00029464   0x00000070   Code   RO         4851    i.gc_state_advance  fds.o
    0x000294d4   0x000294d4   0x00000030   Code   RO         4852    i.gc_swap_pages     fds.o
    0x00029504   0x00029504   0x00000230   Code   RO         1287    i.gcm_ble_evt_handler  gatt_cache_manager.o
    0x00029734   0x00029734   0x0000003c   Code   RO         1288    i.gcm_im_evt_handler  gatt_cache_manager.o
    0x00029770   0x00029770   0x00000094   Code   RO         1289    i.gcm_init          gatt_cache_manager.o
    0x00029804   0x00029804   0x00000088   Code   RO         1292    i.gcm_pdb_evt_handler  gatt_cache_manager.o
    0x0002988c   0x0002988c   0x00000034   Code   RO         4427    i.get_now           app_timer2.o
    0x000298c0   0x000298c0   0x0000003c   Code   RO         4171    i.gpiote_event_handler  app_button.o
    0x000298fc   0x000298fc   0x0000001c   Code   RO         1449    i.gscm_db_change_notification_done  gatts_cache_manager.o
    0x00029918   0x00029918   0x00000014   Code   RO         1450    i.gscm_init         gatts_cache_manager.o
    0x0002992c   0x0002992c   0x00000090   Code   RO         1452    i.gscm_local_db_cache_apply  gatts_cache_manager.o
    0x000299bc   0x000299bc   0x000000ac   Code   RO         1453    i.gscm_local_db_cache_update  gatts_cache_manager.o
    0x00029a68   0x00029a68   0x00000018   Code   RO         1454    i.gscm_pdb_evt_handler  gatts_cache_manager.o
    0x00029a80   0x00029a80   0x0000001e   Code   RO         1455    i.gscm_service_changed_ind_needed  gatts_cache_manager.o
    0x00029a9e   0x00029a9e   0x00000002   PAD
    0x00029aa0   0x00029aa0   0x0000005c   Code   RO         1456    i.gscm_service_changed_ind_send  gatts_cache_manager.o
    0x00029afc   0x00029afc   0x0000002c   Code   RO         4853    i.header_check      fds.o
    0x00029b28   0x00029b28   0x00000012   Code   RO         4854    i.header_has_next   fds.o
    0x00029b3a   0x00029b3a   0x00000046   Code   RO         1545    i.im_address_resolve  id_manager.o
    0x00029b80   0x00029b80   0x00000038   Code   RO         1546    i.im_ble_addr_get   id_manager.o
    0x00029bb8   0x00029bb8   0x000000dc   Code   RO         1547    i.im_ble_evt_handler  id_manager.o
    0x00029c94   0x00029c94   0x00000040   Code   RO         1548    i.im_conn_handle_get  id_manager.o
    0x00029cd4   0x00029cd4   0x00000038   Code   RO         1550    i.im_find_duplicate_bonding_data  id_manager.o
    0x00029d0c   0x00029d0c   0x00000072   Code   RO         1553    i.im_is_duplicate_bonding_data  id_manager.o
    0x00029d7e   0x00029d7e   0x00000018   Code   RO         1554    i.im_master_id_is_valid  id_manager.o
    0x00029d96   0x00029d96   0x0000002a   Code   RO         1555    i.im_master_ids_compare  id_manager.o
    0x00029dc0   0x00029dc0   0x00000014   Code   RO         1556    i.im_new_peer_id    id_manager.o
    0x00029dd4   0x00029dd4   0x0000002c   Code   RO         1557    i.im_peer_free      id_manager.o
    0x00029e00   0x00029e00   0x00000024   Code   RO         1558    i.im_peer_id_get_by_conn_handle  id_manager.o
    0x00029e24   0x00029e24   0x0000003c   Code   RO         1559    i.im_peer_id_get_by_master_id  id_manager.o
    0x00029e60   0x00029e60   0x00000034   Code   RO         5667    i.init              nrf_fstorage_sd.o
    0x00029e94   0x00029e94   0x000000c8   Code   RO         4855    i.init_execute      fds.o
    0x00029f5c   0x00029f5c   0x00000014   Code   RO          981    i.instance_get      ble_conn_params.o
    0x00029f70   0x00029f70   0x000000a6   Code   RO         5539    i.int_print         nrf_fprintf_format.o
    0x0002a016   0x0002a016   0x00000002   PAD
    0x0002a018   0x0002a018   0x00000088   Code   RO         4005    i.interrupts_enable  nrfx_uarte.o
    0x0002a0a0   0x0002a0a0   0x00000034   Code   RO         6311    i.invalid_packets_omit  nrf_log_frontend.o
    0x0002a0d4   0x0002a0d4   0x00000010   Code   RO         5668    i.is_busy           nrf_fstorage_sd.o
    0x0002a0e4   0x0002a0e4   0x00000044   Code   RO          982    i.is_conn_params_ok  ble_conn_params.o
    0x0002a128   0x0002a128   0x00000014   Code   RO         1564    i.is_valid_irk      id_manager.o
    0x0002a13c   0x0002a13c   0x0000000c   Code   RO         4856    i.is_word_aligned   fds.o
    0x0002a148   0x0002a148   0x00000030   Code   RO          545    i.leds_off          bsp.o
    0x0002a178   0x0002a178   0x00000014   Code   RO          546    i.leds_timer_handler  bsp.o
    0x0002a18c   0x0002a18c   0x00000014   Code   RO         1713    i.link_init         nrf_ble_gatt.o
    0x0002a1a0   0x0002a1a0   0x000000d0   Code   RO         2802    i.link_secure       security_manager.o
    0x0002a270   0x0002a270   0x0000003c   Code   RO         2663    i.link_secure_failure  security_dispatcher.o
    0x0002a2ac   0x0002a2ac   0x0000002c   Code   RO         2803    i.link_secure_pending_handle  security_manager.o
    0x0002a2d8   0x0002a2d8   0x000000a8   Code   RO         1293    i.local_db_apply_in_evt  gatt_cache_manager.o
    0x0002a380   0x0002a380   0x00000010   Code   RO         1294    i.local_db_update   gatt_cache_manager.o
    0x0002a390   0x0002a390   0x0000010c   Code   RO         1295    i.local_db_update_in_evt  gatt_cache_manager.o
    0x0002a49c   0x0002a49c   0x000000a4   Code   RO         6312    i.log_skip          nrf_log_frontend.o
    0x0002a540   0x0002a540   0x000001c8   Code   RO           11    i.main              main.o
    0x0002a708   0x0002a708   0x00000064   Code   RO          786    i.manuf_specific_data_encode  ble_advdata.o
    0x0002a76c   0x0002a76c   0x0000007e   Code   RO         5777    i.memobj_op         nrf_memobj.o
    0x0002a7ea   0x0002a7ea   0x00000002   PAD
    0x0002a7ec   0x0002a7ec   0x00000030   Code   RO         6313    i.module_idx_get    nrf_log_frontend.o
    0x0002a81c   0x0002a81c   0x00000008   Code   RO         2610    i.mutex_lock_status_get  pm_buffer.o
    0x0002a824   0x0002a824   0x000000a6   Code   RO          787    i.name_encode       ble_advdata.o
    0x0002a8ca   0x0002a8ca   0x00000002   PAD
    0x0002a8cc   0x0002a8cc   0x00000014   Code   RO         2804    i.new_context_get   security_manager.o
    0x0002a8e0   0x0002a8e0   0x00000032   Code   RO         2805    i.new_evt           security_manager.o
    0x0002a912   0x0002a912   0x00000030   Code   RO         2118    i.next_id_get       peer_id.o
    0x0002a942   0x0002a942   0x00000010   Code   RO         5192    i.nrf_atfifo_clear  nrf_atfifo.o
    0x0002a952   0x0002a952   0x00000026   Code   RO         5194    i.nrf_atfifo_init   nrf_atfifo.o
    0x0002a978   0x0002a978   0x00000016   Code   RO         5195    i.nrf_atfifo_item_alloc  nrf_atfifo.o
    0x0002a98e   0x0002a98e   0x00000016   Code   RO         5196    i.nrf_atfifo_item_free  nrf_atfifo.o
    0x0002a9a4   0x0002a9a4   0x00000016   Code   RO         5197    i.nrf_atfifo_item_get  nrf_atfifo.o
    0x0002a9ba   0x0002a9ba   0x00000016   Code   RO         5198    i.nrf_atfifo_item_put  nrf_atfifo.o
    0x0002a9d0   0x0002a9d0   0x00000016   Code   RO         5260    i.nrf_atflags_clear  nrf_atflags.o
    0x0002a9e6   0x0002a9e6   0x00000020   Code   RO         5262    i.nrf_atflags_fetch_set  nrf_atflags.o
    0x0002aa06   0x0002aa06   0x0000004a   Code   RO         5264    i.nrf_atflags_find_and_set_flag  nrf_atflags.o
    0x0002aa50   0x0002aa50   0x00000016   Code   RO         5265    i.nrf_atflags_get   nrf_atflags.o
    0x0002aa66   0x0002aa66   0x00000014   Code   RO         5267    i.nrf_atflags_set   nrf_atflags.o
    0x0002aa7a   0x0002aa7a   0x00000006   Code   RO         5328    i.nrf_atomic_flag_clear_fetch  nrf_atomic.o
    0x0002aa80   0x0002aa80   0x00000006   Code   RO         5329    i.nrf_atomic_flag_set  nrf_atomic.o
    0x0002aa86   0x0002aa86   0x00000006   Code   RO         5330    i.nrf_atomic_flag_set_fetch  nrf_atomic.o
    0x0002aa8c   0x0002aa8c   0x0000000c   Code   RO         5331    i.nrf_atomic_u32_add  nrf_atomic.o
    0x0002aa98   0x0002aa98   0x0000000c   Code   RO         5332    i.nrf_atomic_u32_and  nrf_atomic.o
    0x0002aaa4   0x0002aaa4   0x0000000a   Code   RO         5334    i.nrf_atomic_u32_fetch_add  nrf_atomic.o
    0x0002aaae   0x0002aaae   0x0000000a   Code   RO         5335    i.nrf_atomic_u32_fetch_and  nrf_atomic.o
    0x0002aab8   0x0002aab8   0x0000000a   Code   RO         5336    i.nrf_atomic_u32_fetch_or  nrf_atomic.o
    0x0002aac2   0x0002aac2   0x0000000a   Code   RO         5337    i.nrf_atomic_u32_fetch_store  nrf_atomic.o
    0x0002aacc   0x0002aacc   0x0000000c   Code   RO         5341    i.nrf_atomic_u32_or  nrf_atomic.o
    0x0002aad8   0x0002aad8   0x0000000c   Code   RO         5343    i.nrf_atomic_u32_sub  nrf_atomic.o
    0x0002aae4   0x0002aae4   0x00000044   Code   RO         5462    i.nrf_balloc_alloc  nrf_balloc.o
    0x0002ab28   0x0002ab28   0x00000030   Code   RO         5463    i.nrf_balloc_free   nrf_balloc.o
    0x0002ab58   0x0002ab58   0x00000030   Code   RO         5464    i.nrf_balloc_init   nrf_balloc.o
    0x0002ab88   0x0002ab88   0x00000010   Code   RO         3461    i.nrf_bitmask_bit_is_set  nrfx_gpiote.o
    0x0002ab98   0x0002ab98   0x00000022   Code   RO         1719    i.nrf_ble_gatt_init  nrf_ble_gatt.o
    0x0002abba   0x0002abba   0x00000002   PAD
    0x0002abbc   0x0002abbc   0x00000150   Code   RO         1720    i.nrf_ble_gatt_on_ble_evt  nrf_ble_gatt.o
    0x0002ad0c   0x0002ad0c   0x00000016   Code   RO         1814    i.nrf_ble_qwr_conn_handle_assign  nrf_ble_qwr.o
    0x0002ad22   0x0002ad22   0x00000024   Code   RO         1815    i.nrf_ble_qwr_init  nrf_ble_qwr.o
    0x0002ad46   0x0002ad46   0x000000b6   Code   RO         1816    i.nrf_ble_qwr_on_ble_evt  nrf_ble_qwr.o
    0x0002adfc   0x0002adfc   0x0000000e   Code   RO         3319    i.nrf_clock_event_check  nrfx_clock.o
    0x0002ae0a   0x0002ae0a   0x00000010   Code   RO         3320    i.nrf_clock_event_clear  nrfx_clock.o
    0x0002ae1a   0x0002ae1a   0x00000002   PAD
    0x0002ae1c   0x0002ae1c   0x00000040   Code   RO         2981    i.nrf_drv_clock_init  nrf_drv_clock.o
    0x0002ae5c   0x0002ae5c   0x00000034   Code   RO         2985    i.nrf_drv_clock_lfclk_release  nrf_drv_clock.o
    0x0002ae90   0x0002ae90   0x00000068   Code   RO         3127    i.nrf_drv_uart_init  nrf_drv_uart.o
    0x0002aef8   0x0002aef8   0x0000001a   Code   RO         5499    i.nrf_fprintf       nrf_fprintf.o
    0x0002af12   0x0002af12   0x00000018   Code   RO         5500    i.nrf_fprintf_buffer_flush  nrf_fprintf.o
    0x0002af2a   0x0002af2a   0x000001da   Code   RO         5540    i.nrf_fprintf_fmt   nrf_fprintf_format.o
    0x0002b104   0x0002b104   0x00000138   Code   RO         5580    i.nrf_fstorage_erase  nrf_fstorage.o
    0x0002b23c   0x0002b23c   0x00000094   Code   RO         5581    i.nrf_fstorage_init  nrf_fstorage.o
    0x0002b2d0   0x0002b2d0   0x00000018   Code   RO         5669    i.nrf_fstorage_sdh_req_handler  nrf_fstorage_sd.o
    0x0002b2e8   0x0002b2e8   0x00000020   Code   RO         5670    i.nrf_fstorage_sdh_state_handler  nrf_fstorage_sd.o
    0x0002b308   0x0002b308   0x000000a4   Code   RO         5671    i.nrf_fstorage_sys_evt_handler  nrf_fstorage_sd.o
    0x0002b3ac   0x0002b3ac   0x000001dc   Code   RO         5587    i.nrf_fstorage_write  nrf_fstorage.o
    0x0002b588   0x0002b588   0x00000024   Code   RO          432    i.nrf_gpio_cfg      boards.o
    0x0002b5ac   0x0002b5ac   0x00000024   Code   RO         3462    i.nrf_gpio_cfg      nrfx_gpiote.o
    0x0002b5d0   0x0002b5d0   0x00000024   Code   RO         3817    i.nrf_gpio_cfg      nrfx_uart.o
    0x0002b5f4   0x0002b5f4   0x00000024   Code   RO         4006    i.nrf_gpio_cfg      nrfx_uarte.o
    0x0002b618   0x0002b618   0x00000012   Code   RO         3818    i.nrf_gpio_cfg_default  nrfx_uart.o
    0x0002b62a   0x0002b62a   0x00000012   Code   RO         4007    i.nrf_gpio_cfg_default  nrfx_uarte.o
    0x0002b63c   0x0002b63c   0x00000012   Code   RO         3819    i.nrf_gpio_cfg_input  nrfx_uart.o
    0x0002b64e   0x0002b64e   0x00000012   Code   RO         4008    i.nrf_gpio_cfg_input  nrfx_uarte.o
    0x0002b660   0x0002b660   0x00000014   Code   RO         3820    i.nrf_gpio_cfg_output  nrfx_uart.o
    0x0002b674   0x0002b674   0x00000014   Code   RO         4009    i.nrf_gpio_cfg_output  nrfx_uarte.o
    0x0002b688   0x0002b688   0x00000022   Code   RO         3464    i.nrf_gpio_cfg_sense_set  nrfx_gpiote.o
    0x0002b6aa   0x0002b6aa   0x00000002   PAD
    0x0002b6ac   0x0002b6ac   0x0000002c   Code   RO         3465    i.nrf_gpio_latches_read_and_clear  nrfx_gpiote.o
    0x0002b6d8   0x0002b6d8   0x0000001e   Code   RO         3466    i.nrf_gpio_pin_present_check  nrfx_gpiote.o
    0x0002b6f6   0x0002b6f6   0x00000016   Code   RO          433    i.nrf_gpio_pin_write  boards.o
    0x0002b70c   0x0002b70c   0x00000014   Code   RO         3467    i.nrf_gpiote_event_clear  nrfx_gpiote.o
    0x0002b720   0x0002b720   0x00000010   Code   RO         3468    i.nrf_gpiote_event_is_set  nrfx_gpiote.o
    0x0002b730   0x0002b730   0x0000005c   Code   RO         6314    i.nrf_log_backend_add  nrf_log_frontend.o
    0x0002b78c   0x0002b78c   0x000000c2   Code   RO         6159    i.nrf_log_backend_serial_put  nrf_log_backend_serial.o
    0x0002b84e   0x0002b84e   0x00000002   Code   RO         6199    i.nrf_log_backend_uart_flush  nrf_log_backend_uart.o
    0x0002b850   0x0002b850   0x00000006   Code   RO         6200    i.nrf_log_backend_uart_init  nrf_log_backend_uart.o
    0x0002b856   0x0002b856   0x00000002   PAD
    0x0002b858   0x0002b858   0x0000002c   Code   RO         6201    i.nrf_log_backend_uart_panic_set  nrf_log_backend_uart.o
    0x0002b884   0x0002b884   0x00000018   Code   RO         6202    i.nrf_log_backend_uart_put  nrf_log_backend_uart.o
    0x0002b89c   0x0002b89c   0x00000030   Code   RO         6316    i.nrf_log_color_id_get  nrf_log_frontend.o
    0x0002b8cc   0x0002b8cc   0x0000001c   Code   RO         6272    i.nrf_log_default_backends_init  nrf_log_default_backends.o
    0x0002b8e8   0x0002b8e8   0x00000234   Code   RO         6317    i.nrf_log_frontend_dequeue  nrf_log_frontend.o
    0x0002bb1c   0x0002bb1c   0x00000008   Code   RO         6319    i.nrf_log_frontend_std_0  nrf_log_frontend.o
    0x0002bb24   0x0002bb24   0x0000000e   Code   RO         6320    i.nrf_log_frontend_std_1  nrf_log_frontend.o
    0x0002bb32   0x0002bb32   0x00000010   Code   RO         6321    i.nrf_log_frontend_std_2  nrf_log_frontend.o
    0x0002bb42   0x0002bb42   0x00000012   Code   RO         6322    i.nrf_log_frontend_std_3  nrf_log_frontend.o
    0x0002bb54   0x0002bb54   0x00000014   Code   RO         6323    i.nrf_log_frontend_std_4  nrf_log_frontend.o
    0x0002bb68   0x0002bb68   0x000000b0   Code   RO         6495    i.nrf_log_hexdump_entry_process  nrf_log_str_formatter.o
    0x0002bc18   0x0002bc18   0x00000028   Code   RO         6326    i.nrf_log_init      nrf_log_frontend.o
    0x0002bc40   0x0002bc40   0x00000014   Code   RO         6327    i.nrf_log_module_cnt_get  nrf_log_frontend.o
    0x0002bc54   0x0002bc54   0x0000001c   Code   RO         6330    i.nrf_log_module_name_get  nrf_log_frontend.o
    0x0002bc70   0x0002bc70   0x00000028   Code   RO         6331    i.nrf_log_panic     nrf_log_frontend.o
    0x0002bc98   0x0002bc98   0x000000b6   Code   RO         6496    i.nrf_log_std_entry_process  nrf_log_str_formatter.o
    0x0002bd4e   0x0002bd4e   0x00000060   Code   RO         5778    i.nrf_memobj_alloc  nrf_memobj.o
    0x0002bdae   0x0002bdae   0x00000032   Code   RO         5779    i.nrf_memobj_free   nrf_memobj.o
    0x0002bde0   0x0002bde0   0x00000008   Code   RO         5780    i.nrf_memobj_get    nrf_memobj.o
    0x0002bde8   0x0002bde8   0x00000004   Code   RO         5781    i.nrf_memobj_pool_init  nrf_memobj.o
    0x0002bdec   0x0002bdec   0x0000001e   Code   RO         5782    i.nrf_memobj_put    nrf_memobj.o
    0x0002be0a   0x0002be0a   0x00000010   Code   RO         5783    i.nrf_memobj_read   nrf_memobj.o
    0x0002be1a   0x0002be1a   0x00000010   Code   RO         5784    i.nrf_memobj_write  nrf_memobj.o
    0x0002be2a   0x0002be2a   0x00000002   PAD
    0x0002be2c   0x0002be2c   0x00000028   Code   RO         5856    i.nrf_pwr_mgmt_init  nrf_pwr_mgmt.o
    0x0002be54   0x0002be54   0x00000044   Code   RO         5857    i.nrf_pwr_mgmt_run  nrf_pwr_mgmt.o
    0x0002be98   0x0002be98   0x00000004   Code   RO           12    i.nrf_qwr_error_handler  main.o
    0x0002be9c   0x0002be9c   0x0000001c   Code   RO         5930    i.nrf_ringbuf_init  nrf_ringbuf.o
    0x0002beb8   0x0002beb8   0x0000000c   Code   RO         4675    i.nrf_rtc_event_clear  drv_rtc.o
    0x0002bec4   0x0002bec4   0x00000014   Code   RO         7030    i.nrf_sdh_ble_app_ram_start_get  nrf_sdh_ble.o
    0x0002bed8   0x0002bed8   0x00000100   Code   RO         7031    i.nrf_sdh_ble_default_cfg_set  nrf_sdh_ble.o
    0x0002bfd8   0x0002bfd8   0x00000130   Code   RO         7032    i.nrf_sdh_ble_enable  nrf_sdh_ble.o
    0x0002c108   0x0002c108   0x0000005c   Code   RO         7033    i.nrf_sdh_ble_evts_poll  nrf_sdh_ble.o
    0x0002c164   0x0002c164   0x00000054   Code   RO         6911    i.nrf_sdh_disable_request  nrf_sdh.o
    0x0002c1b8   0x0002c1b8   0x00000074   Code   RO         6912    i.nrf_sdh_enable_request  nrf_sdh.o
    0x0002c22c   0x0002c22c   0x00000024   Code   RO         6913    i.nrf_sdh_evts_poll  nrf_sdh.o
    0x0002c250   0x0002c250   0x0000000c   Code   RO         6914    i.nrf_sdh_is_enabled  nrf_sdh.o
    0x0002c25c   0x0002c25c   0x0000001c   Code   RO         6916    i.nrf_sdh_request_continue  nrf_sdh.o
    0x0002c278   0x0002c278   0x0000003c   Code   RO         7084    i.nrf_sdh_soc_evts_poll  nrf_sdh_soc.o
    0x0002c2b4   0x0002c2b4   0x0000000a   Code   RO         5988    i.nrf_section_iter_init  nrf_section_iter.o
    0x0002c2be   0x0002c2be   0x00000024   Code   RO         5989    i.nrf_section_iter_item_set  nrf_section_iter.o
    0x0002c2e2   0x0002c2e2   0x00000020   Code   RO         5990    i.nrf_section_iter_next  nrf_section_iter.o
    0x0002c302   0x0002c302   0x00000022   Code   RO         6023    i.nrf_sortlist_add  nrf_sortlist.o
    0x0002c324   0x0002c324   0x00000006   Code   RO         6025    i.nrf_sortlist_peek  nrf_sortlist.o
    0x0002c32a   0x0002c32a   0x0000000e   Code   RO         6026    i.nrf_sortlist_pop  nrf_sortlist.o
    0x0002c338   0x0002c338   0x0000001e   Code   RO         6027    i.nrf_sortlist_remove  nrf_sortlist.o
    0x0002c356   0x0002c356   0x00000002   PAD
    0x0002c358   0x0002c358   0x00000038   Code   RO         6079    i.nrf_strerror_find  nrf_strerror.o
    0x0002c390   0x0002c390   0x00000014   Code   RO         6080    i.nrf_strerror_get  nrf_strerror.o
    0x0002c3a4   0x0002c3a4   0x0000000a   Code   RO         3821    i.nrf_uart_event_check  nrfx_uart.o
    0x0002c3ae   0x0002c3ae   0x0000000c   Code   RO         3822    i.nrf_uart_event_clear  nrfx_uart.o
    0x0002c3ba   0x0002c3ba   0x0000000c   Code   RO         3823    i.nrf_uart_int_enable_check  nrfx_uart.o
    0x0002c3c6   0x0002c3c6   0x0000000a   Code   RO         4010    i.nrf_uarte_event_check  nrfx_uarte.o
    0x0002c3d0   0x0002c3d0   0x0000000c   Code   RO         4011    i.nrf_uarte_event_clear  nrfx_uarte.o
    0x0002c3dc   0x0002c3dc   0x00000010   Code   RO         2988    i.nrf_wdt_started   nrf_drv_clock.o
    0x0002c3ec   0x0002c3ec   0x0000002c   Code   RO         3325    i.nrfx_clock_enable  nrfx_clock.o
    0x0002c418   0x0002c418   0x00000020   Code   RO         3328    i.nrfx_clock_init   nrfx_clock.o
    0x0002c438   0x0002c438   0x00000030   Code   RO         3331    i.nrfx_clock_lfclk_stop  nrfx_clock.o
    0x0002c468   0x0002c468   0x00000010   Code   RO         4676    i.nrfx_coredep_delay_us  drv_rtc.o
    0x0002c478   0x0002c478   0x000000a0   Code   RO         3474    i.nrfx_gpiote_in_event_enable  nrfx_gpiote.o
    0x0002c518   0x0002c518   0x000000cc   Code   RO         3476    i.nrfx_gpiote_in_init  nrfx_gpiote.o
    0x0002c5e4   0x0002c5e4   0x00000014   Code   RO         3477    i.nrfx_gpiote_in_is_set  nrfx_gpiote.o
    0x0002c5f8   0x0002c5f8   0x00000074   Code   RO         3479    i.nrfx_gpiote_init  nrfx_gpiote.o
    0x0002c66c   0x0002c66c   0x00000014   Code   RO         3480    i.nrfx_gpiote_is_init  nrfx_gpiote.o
    0x0002c680   0x0002c680   0x00000010   Code   RO         4012    i.nrfx_is_in_ram    nrfx_uarte.o
    0x0002c690   0x0002c690   0x0000003a   Code   RO         3763    i.nrfx_prs_acquire  nrfx_prs.o
    0x0002c6ca   0x0002c6ca   0x00000012   Code   RO         3764    i.nrfx_prs_release  nrfx_prs.o
    0x0002c6dc   0x0002c6dc   0x00000010   Code   RO         3824    i.nrfx_uart_0_irq_handler  nrfx_uart.o
    0x0002c6ec   0x0002c6ec   0x000000d4   Code   RO         3826    i.nrfx_uart_init    nrfx_uart.o
    0x0002c7c0   0x0002c7c0   0x000000a8   Code   RO         3832    i.nrfx_uart_tx      nrfx_uart.o
    0x0002c868   0x0002c868   0x00000020   Code   RO         3834    i.nrfx_uart_tx_in_progress  nrfx_uart.o
    0x0002c888   0x0002c888   0x000000c0   Code   RO         3835    i.nrfx_uart_uninit  nrfx_uart.o
    0x0002c948   0x0002c948   0x00000010   Code   RO         4013    i.nrfx_uarte_0_irq_handler  nrfx_uarte.o
    0x0002c958   0x0002c958   0x0000006c   Code   RO         4015    i.nrfx_uarte_init   nrfx_uarte.o
    0x0002c9c4   0x0002c9c4   0x000000ac   Code   RO         4019    i.nrfx_uarte_tx     nrfx_uarte.o
    0x0002ca70   0x0002ca70   0x0000001c   Code   RO         4021    i.nrfx_uarte_tx_in_progress  nrfx_uarte.o
    0x0002ca8c   0x0002ca8c   0x00000108   Code   RO         4022    i.nrfx_uarte_uninit  nrfx_uarte.o
    0x0002cb94   0x0002cb94   0x00000018   Code   RO         7128    i.nvmc_config       system_nrf52.o
    0x0002cbac   0x0002cbac   0x00000054   Code   RO           13    i.on_adv_evt        main.o
    0x0002cc00   0x0002cc00   0x0000001c   Code   RO           14    i.on_conn_params_evt  main.o
    0x0002cc1c   0x0002cc1c   0x000000a8   Code   RO         1721    i.on_connected_evt  nrf_ble_gatt.o
    0x0002ccc4   0x0002ccc4   0x000000ac   Code   RO         1722    i.on_exchange_mtu_request_evt  nrf_ble_gatt.o
    0x0002cd70   0x0002cd70   0x00000024   Code   RO         4857    i.page_identify     fds.o
    0x0002cd94   0x0002cd94   0x0000001c   Code   RO         4858    i.page_offsets_update  fds.o
    0x0002cdb0   0x0002cdb0   0x0000006c   Code   RO         4859    i.page_scan         fds.o
    0x0002ce1c   0x0002ce1c   0x0000001c   Code   RO         4860    i.page_tag_write_data  fds.o
    0x0002ce38   0x0002ce38   0x00000024   Code   RO         4861    i.page_tag_write_swap  fds.o
    0x0002ce5c   0x0002ce5c   0x00000130   Code   RO         4862    i.pages_init        fds.o
    0x0002cf8c   0x0002cf8c   0x0000000c   Code   RO         2664    i.pairing           security_dispatcher.o
    0x0002cf98   0x0002cf98   0x00000074   Code   RO         2665    i.pairing_failure   security_dispatcher.o
    0x0002d00c   0x0002d00c   0x0000002e   Code   RO         2666    i.pairing_success_evt_send  security_dispatcher.o
    0x0002d03a   0x0002d03a   0x00000006   Code   RO         2806    i.params_reply_pending_handle  security_manager.o
    0x0002d040   0x0002d040   0x00000020   Code   RO         2807    i.params_req_send   security_manager.o
    0x0002d060   0x0002d060   0x0000001c   Code   RO         1998    i.pdb_evt_send      peer_database.o
    0x0002d07c   0x0002d07c   0x00000090   Code   RO         1999    i.pdb_init          peer_database.o
    0x0002d10c   0x0002d10c   0x0000007c   Code   RO         2000    i.pdb_pds_evt_handler  peer_database.o
    0x0002d188   0x0002d188   0x00000006   Code   RO         2001    i.pdb_peer_data_ptr_get  peer_database.o
    0x0002d18e   0x0002d18e   0x00000002   PAD
    0x0002d190   0x0002d190   0x0000008c   Code   RO         2002    i.pdb_peer_free     peer_database.o
    0x0002d21c   0x0002d21c   0x000000dc   Code   RO         2003    i.pdb_write_buf_get  peer_database.o
    0x0002d2f8   0x0002d2f8   0x00000014   Code   RO         2004    i.pdb_write_buf_release  peer_database.o
    0x0002d30c   0x0002d30c   0x00000036   Code   RO         2005    i.pdb_write_buf_store  peer_database.o
    0x0002d342   0x0002d342   0x00000002   PAD
    0x0002d344   0x0002d344   0x00000010   Code   RO         1857    i.pds_evt_send      peer_data_storage.o
    0x0002d354   0x0002d354   0x000000dc   Code   RO         1858    i.pds_init          peer_data_storage.o
    0x0002d430   0x0002d430   0x00000004   Code   RO         1859    i.pds_next_deleted_peer_id_get  peer_data_storage.o
    0x0002d434   0x0002d434   0x00000004   Code   RO         1860    i.pds_next_peer_id_get  peer_data_storage.o
    0x0002d438   0x0002d438   0x00000058   Code   RO         1863    i.pds_peer_data_iterate  peer_data_storage.o
    0x0002d490   0x0002d490   0x00000010   Code   RO         1864    i.pds_peer_data_iterate_prepare  peer_data_storage.o
    0x0002d4a0   0x0002d4a0   0x00000072   Code   RO         1865    i.pds_peer_data_read  peer_data_storage.o
    0x0002d512   0x0002d512   0x00000002   PAD
    0x0002d514   0x0002d514   0x000000b4   Code   RO         1866    i.pds_peer_data_store  peer_data_storage.o
    0x0002d5c8   0x0002d5c8   0x00000008   Code   RO         1867    i.pds_peer_id_allocate  peer_data_storage.o
    0x0002d5d0   0x0002d5d0   0x00000016   Code   RO         1868    i.pds_peer_id_free  peer_data_storage.o
    0x0002d5e6   0x0002d5e6   0x00000004   Code   RO         1869    i.pds_peer_id_is_allocated  peer_data_storage.o
    0x0002d5ea   0x0002d5ea   0x00000002   PAD
    0x0002d5ec   0x0002d5ec   0x000000a8   Code   RO         1871    i.peer_data_delete_process  peer_data_storage.o
    0x0002d694   0x0002d694   0x00000030   Code   RO         1872    i.peer_data_find    peer_data_storage.o
    0x0002d6c4   0x0002d6c4   0x00000024   Code   RO         1873    i.peer_data_id_is_valid  peer_data_storage.o
    0x0002d6e8   0x0002d6e8   0x0000001a   Code   RO         2006    i.peer_data_point_to_buffer  peer_database.o
    0x0002d702   0x0002d702   0x00000002   PAD
    0x0002d704   0x0002d704   0x0000000c   Code   RO         2119    i.peer_id_allocate  peer_id.o
    0x0002d710   0x0002d710   0x00000024   Code   RO         2120    i.peer_id_delete    peer_id.o
    0x0002d734   0x0002d734   0x0000001c   Code   RO         2121    i.peer_id_free      peer_id.o
    0x0002d750   0x0002d750   0x0000000c   Code   RO         2122    i.peer_id_get_next_deleted  peer_id.o
    0x0002d75c   0x0002d75c   0x00000030   Code   RO         2123    i.peer_id_get_next_used  peer_id.o
    0x0002d78c   0x0002d78c   0x0000000c   Code   RO         2124    i.peer_id_init      peer_id.o
    0x0002d798   0x0002d798   0x00000014   Code   RO         2125    i.peer_id_is_allocated  peer_id.o
    0x0002d7ac   0x0002d7ac   0x00000014   Code   RO         2126    i.peer_id_is_deleted  peer_id.o
    0x0002d7c0   0x0002d7c0   0x0000006c   Code   RO           15    i.peer_manager_init  main.o
    0x0002d82c   0x0002d82c   0x00000012   Code   RO          895    i.phy_is_valid      ble_advertising.o
    0x0002d83e   0x0002d83e   0x00000002   PAD
    0x0002d840   0x0002d840   0x0000001c   Code   RO         3498    i.pin_configured_set  nrfx_gpiote.o
    0x0002d85c   0x0002d85c   0x00000018   Code   RO         3499    i.pin_in_use_by_port  nrfx_gpiote.o
    0x0002d874   0x0002d874   0x00000018   Code   RO         3500    i.pin_in_use_by_te  nrfx_gpiote.o
    0x0002d88c   0x0002d88c   0x00000064   Code   RO         2611    i.pm_buffer_block_acquire  pm_buffer.o
    0x0002d8f0   0x0002d8f0   0x00000024   Code   RO         2612    i.pm_buffer_init    pm_buffer.o
    0x0002d914   0x0002d914   0x00000028   Code   RO         2613    i.pm_buffer_ptr_get  pm_buffer.o
    0x0002d93c   0x0002d93c   0x00000032   Code   RO         2614    i.pm_buffer_release  pm_buffer.o
    0x0002d96e   0x0002d96e   0x00000002   PAD
    0x0002d970   0x0002d970   0x00000014   Code   RO         2213    i.pm_conn_sec_status_get  peer_manager.o
    0x0002d984   0x0002d984   0x0000001c   Code   RO         2214    i.pm_conn_secure    peer_manager.o
    0x0002d9a0   0x0002d9a0   0x00000026   Code   RO           16    i.pm_evt_handler    main.o
    0x0002d9c6   0x0002d9c6   0x00000004   Code   RO         2216    i.pm_gcm_evt_handler  peer_manager.o
    0x0002d9ca   0x0002d9ca   0x00000004   Code   RO         2217    i.pm_gscm_evt_handler  peer_manager.o
    0x0002d9ce   0x0002d9ce   0x00000002   PAD
    0x0002d9d0   0x0002d9d0   0x00000068   Code   RO         2516    i.pm_handler_disconnect_on_sec_failure  peer_manager_handler.o
    0x0002da38   0x0002da38   0x00000244   Code   RO         2517    i.pm_handler_flash_clean  peer_manager_handler.o
    0x0002dc7c   0x0002dc7c   0x0000001c   Code   RO         2518    i.pm_handler_flash_clean_on_return  peer_manager_handler.o
    0x0002dc98   0x0002dc98   0x00000054   Code   RO         2519    i.pm_handler_on_pm_evt  peer_manager_handler.o
    0x0002dcec   0x0002dcec   0x00000310   Code   RO         2520    i.pm_handler_pm_evt_log  peer_manager_handler.o
    0x0002dffc   0x0002dffc   0x00000004   Code   RO         2220    i.pm_im_evt_handler  peer_manager.o
    0x0002e000   0x0002e000   0x000001bc   Code   RO         2221    i.pm_init           peer_manager.o
    0x0002e1bc   0x0002e1bc   0x00000118   Code   RO         2225    i.pm_pdb_evt_handler  peer_manager.o
    0x0002e2d4   0x0002e2d4   0x00000014   Code   RO         2236    i.pm_peer_delete    peer_manager.o
    0x0002e2e8   0x0002e2e8   0x0000011c   Code   RO         2240    i.pm_peer_rank_highest  peer_manager.o
    0x0002e404   0x0002e404   0x000000e8   Code   RO         2241    i.pm_peer_ranks_get  peer_manager.o
    0x0002e4ec   0x0002e4ec   0x00000094   Code   RO         2242    i.pm_peers_delete   peer_manager.o
    0x0002e580   0x0002e580   0x0000002c   Code   RO         2245    i.pm_register       peer_manager.o
    0x0002e5ac   0x0002e5ac   0x00000014   Code   RO         2247    i.pm_sec_params_set  peer_manager.o
    0x0002e5c0   0x0002e5c0   0x0000000a   Code   RO         2248    i.pm_sm_evt_handler  peer_manager.o
    0x0002e5ca   0x0002e5ca   0x00000002   PAD
    0x0002e5cc   0x0002e5cc   0x000000b4   Code   RO         3501    i.port_event_handle  nrfx_gpiote.o
    0x0002e680   0x0002e680   0x00000010   Code   RO         3502    i.port_handler_polarity_get  nrfx_gpiote.o
    0x0002e690   0x0002e690   0x0000003c   Code   RO         6498    i.postfix_process   nrf_log_str_formatter.o
    0x0002e6cc   0x0002e6cc   0x00000098   Code   RO         6499    i.prefix_process    nrf_log_str_formatter.o
    0x0002e764   0x0002e764   0x00000018   Code   RO         3765    i.prs_box_get       nrfx_prs.o
    0x0002e77c   0x0002e77c   0x0000001c   Code   RO         4863    i.queue_buf_get     fds.o
    0x0002e798   0x0002e798   0x00000010   Code   RO         4864    i.queue_buf_store   fds.o
    0x0002e7a8   0x0002e7a8   0x00000014   Code   RO         5672    i.queue_free        nrf_fstorage_sd.o
    0x0002e7bc   0x0002e7bc   0x000000a4   Code   RO         4865    i.queue_process     fds.o
    0x0002e860   0x0002e860   0x000000a0   Code   RO         5673    i.queue_process     nrf_fstorage_sd.o
    0x0002e900   0x0002e900   0x0000001c   Code   RO         4866    i.queue_start       fds.o
    0x0002e91c   0x0002e91c   0x00000024   Code   RO         5674    i.queue_start       nrf_fstorage_sd.o
    0x0002e940   0x0002e940   0x0000001c   Code   RO         2523    i.rank_highest      peer_manager_handler.o
    0x0002e95c   0x0002e95c   0x00000034   Code   RO         2251    i.rank_vars_update  peer_manager.o
    0x0002e990   0x0002e990   0x0000000e   Code   RO         5675    i.read              nrf_fstorage_sd.o
    0x0002e99e   0x0002e99e   0x00000002   PAD
    0x0002e9a0   0x0002e9a0   0x000000a8   Code   RO         2007    i.reattempt_previous_operations  peer_database.o
    0x0002ea48   0x0002ea48   0x00000090   Code   RO         4867    i.record_find       fds.o
    0x0002ead8   0x0002ead8   0x000000a0   Code   RO         4868    i.record_find_by_desc  fds.o
    0x0002eb78   0x0002eb78   0x0000005c   Code   RO         4869    i.record_find_next  fds.o
    0x0002ebd4   0x0002ebd4   0x0000003c   Code   RO         4870    i.record_header_flag_dirty  fds.o
    0x0002ec10   0x0002ec10   0x00000088   Code   RO         4871    i.records_stat      fds.o
    0x0002ec98   0x0002ec98   0x00000010   Code   RO         2128    i.release           peer_id.o
    0x0002eca8   0x0002eca8   0x00000004   Code   RO         5676    i.rmap              nrf_fstorage_sd.o
    0x0002ecac   0x0002ecac   0x0000005c   Code   RO         4428    i.rtc_irq           app_timer2.o
    0x0002ed08   0x0002ed08   0x00000064   Code   RO         4429    i.rtc_schedule      app_timer2.o
    0x0002ed6c   0x0002ed6c   0x00000074   Code   RO         4430    i.rtc_update        app_timer2.o
    0x0002ede0   0x0002ede0   0x00000032   Code   RO         3836    i.rx_byte           nrfx_uart.o
    0x0002ee12   0x0002ee12   0x00000016   Code   RO         3837    i.rx_done_event     nrfx_uart.o
    0x0002ee28   0x0002ee28   0x00000016   Code   RO         4023    i.rx_done_event     nrfx_uarte.o
    0x0002ee3e   0x0002ee3e   0x00000002   PAD
    0x0002ee40   0x0002ee40   0x00000024   Code   RO         1296    i.sc_send_pending_handle  gatt_cache_manager.o
    0x0002ee64   0x0002ee64   0x00000058   Code   RO         2989    i.sd_state_evt_handler  nrf_drv_clock.o
    0x0002eebc   0x0002eebc   0x00000030   Code   RO         6919    i.sdh_request_observer_notify  nrf_sdh.o
    0x0002eeec   0x0002eeec   0x0000002c   Code   RO         6920    i.sdh_state_observer_notify  nrf_sdh.o
    0x0002ef18   0x0002ef18   0x000000d8   Code   RO         2667    i.sec_info_request_process  security_dispatcher.o
    0x0002eff0   0x0002eff0   0x000000f4   Code   RO         2668    i.sec_keyset_fill   security_dispatcher.o
    0x0002f0e4   0x0002f0e4   0x00000076   Code   RO         2808    i.sec_params_verify  security_manager.o
    0x0002f15a   0x0002f15a   0x00000002   PAD
    0x0002f15c   0x0002f15c   0x00000060   Code   RO         2669    i.sec_proc_start    security_dispatcher.o
    0x0002f1bc   0x0002f1bc   0x0000005c   Code   RO         2809    i.sec_req_process   security_manager.o
    0x0002f218   0x0002f218   0x00000022   Code   RO         2670    i.send_config_req   security_dispatcher.o
    0x0002f23a   0x0002f23a   0x00000002   PAD
    0x0002f23c   0x0002f23c   0x00000010   Code   RO          983    i.send_error_evt    ble_conn_params.o
    0x0002f24c   0x0002f24c   0x00000020   Code   RO           17    i.send_notification  main.o
    0x0002f26c   0x0002f26c   0x00000028   Code   RO         1297    i.send_unexpected_error  gatt_cache_manager.o
    0x0002f294   0x0002f294   0x00000028   Code   RO         2671    i.send_unexpected_error  security_dispatcher.o
    0x0002f2bc   0x0002f2bc   0x00000040   Code   RO         6203    i.serial_tx         nrf_log_backend_uart.o
    0x0002f2fc   0x0002f2fc   0x00000014   Code   RO         1298    i.service_changed_pending_flags_check  gatt_cache_manager.o
    0x0002f310   0x0002f310   0x00000094   Code   RO         1457    i.service_changed_pending_set  gatts_cache_manager.o
    0x0002f3a4   0x0002f3a4   0x00000168   Code   RO         1299    i.service_changed_send_in_evt  gatt_cache_manager.o
    0x0002f50c   0x0002f50c   0x00000088   Code   RO          788    i.service_data_encode  ble_advdata.o
    0x0002f594   0x0002f594   0x00000028   Code   RO           18    i.sleep_mode_enter  main.o
    0x0002f5bc   0x0002f5bc   0x0000002c   Code   RO         2810    i.sm_ble_evt_handler  security_manager.o
    0x0002f5e8   0x0002f5e8   0x000000a2   Code   RO         2812    i.sm_conn_sec_status_get  security_manager.o
    0x0002f68a   0x0002f68a   0x00000002   PAD
    0x0002f68c   0x0002f68c   0x00000058   Code   RO         2813    i.sm_init           security_manager.o
    0x0002f6e4   0x0002f6e4   0x0000000a   Code   RO         2815    i.sm_link_secure    security_manager.o
    0x0002f6ee   0x0002f6ee   0x00000002   PAD
    0x0002f6f0   0x0002f6f0   0x00000044   Code   RO         2816    i.sm_pdb_evt_handler  security_manager.o
    0x0002f734   0x0002f734   0x00000028   Code   RO         2817    i.sm_sec_is_sufficient  security_manager.o
    0x0002f75c   0x0002f75c   0x00000034   Code   RO         2819    i.sm_sec_params_set  security_manager.o
    0x0002f790   0x0002f790   0x0000002c   Code   RO         2820    i.sm_smd_evt_handler  security_manager.o
    0x0002f7bc   0x0002f7bc   0x000000f4   Code   RO         2672    i.smd_ble_evt_handler  security_dispatcher.o
    0x0002f8b0   0x0002f8b0   0x00000068   Code   RO         2674    i.smd_init          security_dispatcher.o
    0x0002f918   0x0002f918   0x00000028   Code   RO         2675    i.smd_link_secure   security_dispatcher.o
    0x0002f940   0x0002f940   0x000000ac   Code   RO         2676    i.smd_params_reply  security_dispatcher.o
    0x0002f9ec   0x0002f9ec   0x00000040   Code   RO         2821    i.smd_params_reply_perform  security_manager.o
    0x0002fa2c   0x0002fa2c   0x00000018   Code   RO         2990    i.soc_evt_handler   nrf_drv_clock.o
    0x0002fa44   0x0002fa44   0x00000040   Code   RO         6921    i.softdevice_evt_irq_disable  nrf_sdh.o
    0x0002fa84   0x0002fa84   0x00000058   Code   RO         6922    i.softdevices_evt_irq_enable  nrf_sdh.o
    0x0002fadc   0x0002fadc   0x0000000c   Code   RO         4431    i.sortlist_pop      app_timer2.o
    0x0002fae8   0x0002fae8   0x00000030   Code   RO         4172    i.state_set         app_button.o
    0x0002fb18   0x0002fb18   0x00000094   Code   RO         6333    i.std_n             nrf_log_frontend.o
    0x0002fbac   0x0002fbac   0x0000006c   Code   RO         1300    i.store_car_value   gatt_cache_manager.o
    0x0002fc18   0x0002fc18   0x00000058   Code   RO         4432    i.timer_expire      app_timer2.o
    0x0002fc70   0x0002fc70   0x00000078   Code   RO         4433    i.timer_req_process  app_timer2.o
    0x0002fce8   0x0002fce8   0x00000038   Code   RO         4434    i.timer_req_schedule  app_timer2.o
    0x0002fd20   0x0002fd20   0x00000018   Code   RO         4173    i.timer_start       app_button.o
    0x0002fd38   0x0002fd38   0x00000020   Code   RO         3839    i.tx_byte           nrfx_uart.o
    0x0002fd58   0x0002fd58   0x0000001a   Code   RO         3840    i.tx_done_event     nrfx_uart.o
    0x0002fd72   0x0002fd72   0x0000001a   Code   RO         4024    i.tx_done_event     nrfx_uarte.o
    0x0002fd8c   0x0002fd8c   0x00000030   Code   RO         3128    i.uart_evt_handler  nrf_drv_uart.o
    0x0002fdbc   0x0002fdbc   0x0000000c   Code   RO         6204    i.uart_evt_handler  nrf_log_backend_uart.o
    0x0002fdc8   0x0002fdc8   0x00000050   Code   RO         6205    i.uart_init         nrf_log_backend_uart.o
    0x0002fe18   0x0002fe18   0x0000012a   Code   RO         3841    i.uart_irq_handler  nrfx_uart.o
    0x0002ff42   0x0002ff42   0x00000002   PAD
    0x0002ff44   0x0002ff44   0x00000030   Code   RO         3129    i.uarte_evt_handler  nrf_drv_uart.o
    0x0002ff74   0x0002ff74   0x00000112   Code   RO         4025    i.uarte_irq_handler  nrfx_uarte.o
    0x00030086   0x00030086   0x0000000a   Code   RO          789    i.uint16_encode     ble_advdata.o
    0x00030090   0x00030090   0x00000020   Code   RO         5677    i.uninit            nrf_fstorage_sd.o
    0x000300b0   0x000300b0   0x000000b4   Code   RO         5541    i.unsigned_print    nrf_fprintf_format.o
    0x00030164   0x00030164   0x00000030   Code   RO         1301    i.update_pending_flags_check  gatt_cache_manager.o
    0x00030194   0x00030194   0x00000068   Code   RO          984    i.update_timeout_handler  ble_conn_params.o
    0x000301fc   0x000301fc   0x00000018   Code   RO          896    i.use_whitelist     ble_advertising.o
    0x00030214   0x00030214   0x0000000c   Code   RO         1071    i.user_flag_is_acquired  ble_conn_state.o
    0x00030220   0x00030220   0x00000024   Code   RO         1817    i.user_mem_reply    nrf_ble_qwr.o
    0x00030244   0x00030244   0x00000020   Code   RO         4174    i.usr_event         app_button.o
    0x00030264   0x00030264   0x00000030   Code   RO          790    i.uuid_list_encode  ble_advdata.o
    0x00030294   0x00030294   0x0000009e   Code   RO          791    i.uuid_list_sized_encode  ble_advdata.o
    0x00030332   0x00030332   0x0000003a   Code   RO          547    i.wakeup_button_cfg  bsp.o
    0x0003036c   0x0003036c   0x00000004   Code   RO         5678    i.wmap              nrf_fstorage_sd.o
    0x00030370   0x00030370   0x00000050   Code   RO         5679    i.write             nrf_fstorage_sd.o
    0x000303c0   0x000303c0   0x0000014c   Code   RO         2008    i.write_buf_store   peer_database.o
    0x0003050c   0x0003050c   0x00000034   Code   RO         2009    i.write_buffer_record_find  peer_database.o
    0x00030540   0x00030540   0x00000030   Code   RO         2010    i.write_buffer_record_find_next  peer_database.o
    0x00030570   0x00030570   0x0000001c   Code   RO         2011    i.write_buffer_record_invalidate  peer_database.o
    0x0003058c   0x0003058c   0x0000002c   Code   RO         2012    i.write_buffer_record_release  peer_database.o
    0x000305b8   0x000305b8   0x000000f4   Code   RO         4872    i.write_enqueue     fds.o
    0x000306ac   0x000306ac   0x000000f8   Code   RO         4873    i.write_execute     fds.o
    0x000307a4   0x000307a4   0x00000018   Code   RO         4874    i.write_space_free  fds.o
    0x000307bc   0x000307bc   0x00000060   Code   RO         4875    i.write_space_reserve  fds.o
    0x0003081c   0x0003081c   0x00000004   Data   RO           21    .constdata          main.o
    0x00030820   0x00030820   0x00000008   Data   RO          434    .constdata          boards.o
    0x00030828   0x00030828   0x0000002c   Data   RO          552    .constdata          bsp.o
    0x00030854   0x00030854   0x0000006c   Data   RO         1302    .constdata          gatt_cache_manager.o
    0x000308c0   0x000308c0   0x00000004   Data   RO         1458    .constdata          gatts_cache_manager.o
    0x000308c4   0x000308c4   0x00000010   Data   RO         1459    .constdata          gatts_cache_manager.o
    0x000308d4   0x000308d4   0x00000004   Data   RO         1460    .constdata          gatts_cache_manager.o
    0x000308d8   0x000308d8   0x00000008   Data   RO         1567    .constdata          id_manager.o
    0x000308e0   0x000308e0   0x00000016   Data   RO         1723    .constdata          nrf_ble_gatt.o
    0x000308f6   0x000308f6   0x00000002   PAD
    0x000308f8   0x000308f8   0x00000018   Data   RO         1874    .constdata          peer_data_storage.o
    0x00030910   0x00030910   0x00000010   Data   RO         2014    .constdata          peer_database.o
    0x00030920   0x00030920   0x0000002c   Data   RO         2253    .constdata          peer_manager.o
    0x0003094c   0x0003094c   0x00000014   Data   RO         2526    .constdata          peer_manager_handler.o
    0x00030960   0x00030960   0x00000078   Data   RO         2678    .constdata          security_dispatcher.o
    0x000309d8   0x000309d8   0x00000008   Data   RO         2822    .constdata          security_manager.o
    0x000309e0   0x000309e0   0x00000004   Data   RO         3504    .constdata          nrfx_gpiote.o
    0x000309e4   0x000309e4   0x00000004   Data   RO         3844    .constdata          nrfx_uart.o
    0x000309e8   0x000309e8   0x00000004   Data   RO         4028    .constdata          nrfx_uarte.o
    0x000309ec   0x000309ec   0x00000008   Data   RO         4177    .constdata          app_button.o
    0x000309f4   0x000309f4   0x00000014   Data   RO         4437    .constdata          app_timer2.o
    0x00030a08   0x00030a08   0x00000008   PAD
    0x00030a10   0x00030a10   0x00000006   Data   RO         4677    .constdata          drv_rtc.o
    0x00030a16   0x00030a16   0x00000002   PAD
    0x00030a18   0x00030a18   0x00000018   Data   RO         4878    .constdata          fds.o
    0x00030a30   0x00030a30   0x00000010   Data   RO         5542    .constdata          nrf_fprintf_format.o
    0x00030a40   0x00030a40   0x0000005e   Data   RO         5588    .constdata          nrf_fstorage.o
    0x00030a9e   0x00030a9e   0x00000002   PAD
    0x00030aa0   0x00030aa0   0x00000010   Data   RO         5682    .constdata          nrf_fstorage_sd.o
    0x00030ab0   0x00030ab0   0x00000020   Data   RO         5683    .constdata          nrf_fstorage_sd.o
    0x00030ad0   0x00030ad0   0x00000018   Data   RO         5861    .constdata          nrf_pwr_mgmt.o
    0x00030ae8   0x00030ae8   0x0000000c   Data   RO         5862    .constdata          nrf_pwr_mgmt.o
    0x00030af4   0x00030af4   0x0000013c   Data   RO         6081    .constdata          nrf_strerror.o
    0x00030c30   0x00030c30   0x0000000c   Data   RO         6207    .constdata          nrf_log_backend_uart.o
    0x00030c3c   0x00030c3c   0x00000020   Data   RO         6208    .constdata          nrf_log_backend_uart.o
    0x00030c5c   0x00030c5c   0x0000000c   Data   RO         6338    .constdata          nrf_log_frontend.o
    0x00030c68   0x00030c68   0x00000010   Data   RO         6923    .constdata          nrf_sdh.o
    0x00030c78   0x00030c78   0x00000028   Data   RO         6924    .constdata          nrf_sdh.o
    0x00030ca0   0x00030ca0   0x00000010   Data   RO         6925    .constdata          nrf_sdh.o
    0x00030cb0   0x00030cb0   0x00000010   Data   RO         6926    .constdata          nrf_sdh.o
    0x00030cc0   0x00030cc0   0x00000020   Data   RO         7034    .constdata          nrf_sdh_ble.o
    0x00030ce0   0x00030ce0   0x00000010   Data   RO         7035    .constdata          nrf_sdh_ble.o
    0x00030cf0   0x00030cf0   0x00000010   Data   RO         7085    .constdata          nrf_sdh_soc.o
    0x00030d00   0x00030d00   0x0000000c   Data   RO         7086    .constdata          nrf_sdh_soc.o
    0x00030d0c   0x00030d0c   0x00000081   Data   RO         7200    .constdata          mc_w.l(ctype_o.o)
    0x00030d8d   0x00030d8d   0x00000003   PAD
    0x00030d90   0x00030d90   0x00000004   Data   RO         7201    .constdata          mc_w.l(ctype_o.o)
    0x00030d94   0x00030d94   0x000001a4   Data   RO         1303    .conststring        gatt_cache_manager.o
    0x00030f38   0x00030f38   0x0000019c   Data   RO         1461    .conststring        gatts_cache_manager.o
    0x000310d4   0x000310d4   0x000000a2   Data   RO         1724    .conststring        nrf_ble_gatt.o
    0x00031176   0x00031176   0x00000002   PAD
    0x00031178   0x00031178   0x000000e8   Data   RO         1875    .conststring        peer_data_storage.o
    0x00031260   0x00031260   0x00000180   Data   RO         2015    .conststring        peer_database.o
    0x000313e0   0x000313e0   0x00000090   Data   RO         2254    .conststring        peer_manager.o
    0x00031470   0x00031470   0x0000030f   Data   RO         2527    .conststring        peer_manager_handler.o
    0x0003177f   0x0003177f   0x00000001   PAD
    0x00031780   0x00031780   0x000002b2   Data   RO         2679    .conststring        security_dispatcher.o
    0x00031a32   0x00031a32   0x00000002   PAD
    0x00031a34   0x00031a34   0x0000017b   Data   RO         2823    .conststring        security_manager.o
    0x00031baf   0x00031baf   0x00000001   PAD
    0x00031bb0   0x00031bb0   0x0000004f   Data   RO         5589    .conststring        nrf_fstorage.o
    0x00031bff   0x00031bff   0x00000001   PAD
    0x00031c00   0x00031c00   0x000003eb   Data   RO         6082    .conststring        nrf_strerror.o
    0x00031feb   0x00031feb   0x00000001   PAD
    0x00031fec   0x00031fec   0x00000066   Data   RO         6500    .conststring        nrf_log_str_formatter.o
    0x00032052   0x00032052   0x00000002   PAD
    0x00032054   0x00032054   0x00000188   Data   RO         7036    .conststring        nrf_sdh_ble.o
    0x000321dc   0x000321dc   0x00000011   Data   RO         1304    .conststrlit        gatt_cache_manager.o
    0x000321ed   0x000321ed   0x00000003   PAD
    0x000321f0   0x000321f0   0x00000012   Data   RO         1462    .conststrlit        gatts_cache_manager.o
    0x00032202   0x00032202   0x00000002   PAD
    0x00032204   0x00032204   0x00000010   Data   RO         1569    .conststrlit        id_manager.o
    0x00032214   0x00032214   0x0000000d   Data   RO         1725    .conststrlit        nrf_ble_gatt.o
    0x00032221   0x00032221   0x00000003   PAD
    0x00032224   0x00032224   0x00000011   Data   RO         1876    .conststrlit        peer_data_storage.o
    0x00032235   0x00032235   0x00000003   PAD
    0x00032238   0x00032238   0x00000011   Data   RO         2016    .conststrlit        peer_database.o
    0x00032249   0x00032249   0x00000003   PAD
    0x0003224c   0x0003224c   0x0000000d   Data   RO         2255    .conststrlit        peer_manager.o
    0x00032259   0x00032259   0x00000003   PAD
    0x0003225c   0x0003225c   0x00000015   Data   RO         2530    .conststrlit        peer_manager_handler.o
    0x00032271   0x00032271   0x00000003   PAD
    0x00032274   0x00032274   0x00000011   Data   RO         2680    .conststrlit        security_dispatcher.o
    0x00032285   0x00032285   0x00000003   PAD
    0x00032288   0x00032288   0x00000010   Data   RO         2824    .conststrlit        security_manager.o
    0x00032298   0x00032298   0x00000006   Data   RO         2996    .conststrlit        nrf_drv_clock.o
    0x0003229e   0x0003229e   0x00000002   PAD
    0x000322a0   0x000322a0   0x00000006   Data   RO         3335    .conststrlit        nrfx_clock.o
    0x000322a6   0x000322a6   0x00000002   PAD
    0x000322a8   0x000322a8   0x00000007   Data   RO         3508    .conststrlit        nrfx_gpiote.o
    0x000322af   0x000322af   0x00000001   PAD
    0x000322b0   0x000322b0   0x00000004   Data   RO         3767    .conststrlit        nrfx_prs.o
    0x000322b4   0x000322b4   0x00000005   Data   RO         3847    .conststrlit        nrfx_uart.o
    0x000322b9   0x000322b9   0x00000003   PAD
    0x000322bc   0x000322bc   0x00000006   Data   RO         4031    .conststrlit        nrfx_uarte.o
    0x000322c2   0x000322c2   0x00000002   PAD
    0x000322c4   0x000322c4   0x0000000b   Data   RO         4178    .conststrlit        app_button.o
    0x000322cf   0x000322cf   0x00000001   PAD
    0x000322d0   0x000322d0   0x0000000a   Data   RO         4438    .conststrlit        app_timer2.o
    0x000322da   0x000322da   0x00000002   PAD
    0x000322dc   0x000322dc   0x0000000d   Data   RO         5590    .conststrlit        nrf_fstorage.o
    0x000322e9   0x000322e9   0x00000003   PAD
    0x000322ec   0x000322ec   0x00000009   Data   RO         5863    .conststrlit        nrf_pwr_mgmt.o
    0x000322f5   0x000322f5   0x00000003   PAD
    0x000322f8   0x000322f8   0x00000009   Data   RO         6028    .conststrlit        nrf_sortlist.o
    0x00032301   0x00032301   0x00000003   PAD
    0x00032304   0x00032304   0x00000011   Data   RO         6273    .conststrlit        nrf_log_default_backends.o
    0x00032315   0x00032315   0x00000003   PAD
    0x00032318   0x00032318   0x00000004   Data   RO         6339    .conststrlit        nrf_log_frontend.o
    0x0003231c   0x0003231c   0x00000008   Data   RO         6927    .conststrlit        nrf_sdh.o
    0x00032324   0x00032324   0x0000000c   Data   RO         7037    .conststrlit        nrf_sdh_ble.o
    0x00032330   0x00032330   0x0000000c   Data   RO         7087    .conststrlit        nrf_sdh_soc.o
    0x0003233c   0x0003233c   0x00000020   Data   RO         7263    Region$$Table       anon$$obj.o
    0x0003235c   0x0003235c   0x00000010   Data   RO         6275    log_backends        nrf_log_default_backends.o
    0x0003236c   0x0003236c   0x00000008   Data   RO         1306    log_const_data      gatt_cache_manager.o
    0x00032374   0x00032374   0x00000008   Data   RO         1464    log_const_data      gatts_cache_manager.o
    0x0003237c   0x0003237c   0x00000008   Data   RO         1571    log_const_data      id_manager.o
    0x00032384   0x00032384   0x00000008   Data   RO         1726    log_const_data      nrf_ble_gatt.o
    0x0003238c   0x0003238c   0x00000008   Data   RO         1878    log_const_data      peer_data_storage.o
    0x00032394   0x00032394   0x00000008   Data   RO         2018    log_const_data      peer_database.o
    0x0003239c   0x0003239c   0x00000008   Data   RO         2257    log_const_data      peer_manager.o
    0x000323a4   0x000323a4   0x00000008   Data   RO         2533    log_const_data      peer_manager_handler.o
    0x000323ac   0x000323ac   0x00000008   Data   RO         2682    log_const_data      security_dispatcher.o
    0x000323b4   0x000323b4   0x00000008   Data   RO         2826    log_const_data      security_manager.o
    0x000323bc   0x000323bc   0x00000008   Data   RO         2997    log_const_data      nrf_drv_clock.o
    0x000323c4   0x000323c4   0x00000008   Data   RO         3337    log_const_data      nrfx_clock.o
    0x000323cc   0x000323cc   0x00000008   Data   RO         3509    log_const_data      nrfx_gpiote.o
    0x000323d4   0x000323d4   0x00000008   Data   RO         3769    log_const_data      nrfx_prs.o
    0x000323dc   0x000323dc   0x00000008   Data   RO         3848    log_const_data      nrfx_uart.o
    0x000323e4   0x000323e4   0x00000008   Data   RO         4032    log_const_data      nrfx_uarte.o
    0x000323ec   0x000323ec   0x00000008   Data   RO         4180    log_const_data      app_button.o
    0x000323f4   0x000323f4   0x00000008   Data   RO         4441    log_const_data      app_timer2.o
    0x000323fc   0x000323fc   0x00000008   Data   RO         5591    log_const_data      nrf_fstorage.o
    0x00032404   0x00032404   0x00000008   Data   RO         5865    log_const_data      nrf_pwr_mgmt.o
    0x0003240c   0x0003240c   0x00000008   Data   RO         6029    log_const_data      nrf_sortlist.o
    0x00032414   0x00032414   0x00000008   Data   RO         6343    log_const_data      nrf_log_frontend.o
    0x0003241c   0x0003241c   0x00000008   Data   RO         6929    log_const_data      nrf_sdh.o
    0x00032424   0x00032424   0x00000008   Data   RO         7039    log_const_data      nrf_sdh_ble.o
    0x0003242c   0x0003242c   0x00000008   Data   RO         7088    log_const_data      nrf_sdh_soc.o
    0x00032434   0x00032434   0x00000014   Data   RO         6344    nrf_balloc          nrf_log_frontend.o
    0x00032448   0x00032448   0x00000008   Data   RO         1073    sdh_ble_observers0  ble_conn_state.o
    0x00032450   0x00032450   0x00000010   Data   RO           23    sdh_ble_observers1  main.o
    0x00032460   0x00032460   0x00000008   Data   RO          655    sdh_ble_observers1  bsp_btn_ble.o
    0x00032468   0x00032468   0x00000008   Data   RO          987    sdh_ble_observers1  ble_conn_params.o
    0x00032470   0x00032470   0x00000008   Data   RO         2258    sdh_ble_observers1  peer_manager.o
    0x00032478   0x00032478   0x00000008   Data   RO           24    sdh_ble_observers2  main.o
    0x00032480   0x00032480   0x00000008   Data   RO           25    sdh_ble_observers3  main.o
    0x00032488   0x00032488   0x00000008   Data   RO         5685    sdh_req_observers0  nrf_fstorage_sd.o
    0x00032490   0x00032490   0x00000008   Data   RO         2998    sdh_soc_observers0  nrf_drv_clock.o
    0x00032498   0x00032498   0x00000008   Data   RO         5686    sdh_soc_observers0  nrf_fstorage_sd.o
    0x000324a0   0x000324a0   0x00000008   Data   RO         7040    sdh_stack_observers0  nrf_sdh_ble.o
    0x000324a8   0x000324a8   0x00000008   Data   RO         7089    sdh_stack_observers0  nrf_sdh_soc.o
    0x000324b0   0x000324b0   0x00000008   Data   RO         2999    sdh_state_observers0  nrf_drv_clock.o
    0x000324b8   0x000324b8   0x00000008   Data   RO         5687    sdh_state_observers0  nrf_fstorage_sd.o


    Execution Region RW_IRAM1 (Exec base: 0x20002250, Load base: 0x000324c0, Size: 0x00003398, Max: 0x0000ddb0, ABSOLUTE, COMPRESSED[0x000000ac])

    Exec Addr    Load Addr    Size         Type   Attr      Idx    E Section Name        Object

    0x20002250   COMPRESSED   0x0000001e   Data   RW           22    .data               main.o
    0x2000226e   COMPRESSED   0x00000002   PAD
    0x20002270   COMPRESSED   0x00000010   Data   RW          553    .data               bsp.o
    0x20002280   COMPRESSED   0x00000008   Data   RW          654    .data               bsp_btn_ble.o
    0x20002288   COMPRESSED   0x00000008   Data   RW          986    .data               ble_conn_params.o
    0x20002290   COMPRESSED   0x00000010   Data   RW         1305    .data               gatt_cache_manager.o
    0x200022a0   COMPRESSED   0x0000000c   Data   RW         1463    .data               gatts_cache_manager.o
    0x200022ac   COMPRESSED   0x0000000c   Data   RW         1877    .data               peer_data_storage.o
    0x200022b8   COMPRESSED   0x00000008   Data   RW         2017    .data               peer_database.o
    0x200022c0   COMPRESSED   0x00000010   Data   RW         2256    .data               peer_manager.o
    0x200022d0   COMPRESSED   0x00000060   Data   RW         2531    .data               peer_manager_handler.o
    0x20002330   COMPRESSED   0x00000005   Data   RW         2681    .data               security_dispatcher.o
    0x20002335   COMPRESSED   0x00000003   PAD
    0x20002338   COMPRESSED   0x00000015   Data   RW         2825    .data               security_manager.o
    0x2000234d   COMPRESSED   0x00000003   PAD
    0x20002350   COMPRESSED   0x0000000c   Data   RW         3130    .data               nrf_drv_uart.o
    0x2000235c   COMPRESSED   0x00000008   Data   RW         3336    .data               nrfx_clock.o
    0x20002364   COMPRESSED   0x00000008   Data   RW         3768    .data               nrfx_prs.o
    0x2000236c   COMPRESSED   0x00000004   PAD
    0x20002370   COMPRESSED   0x00000018   Data   RW         4179    .data               app_button.o
    0x20002388   COMPRESSED   0x00000020   Data   RW         4439    .data               app_timer2.o
    0x200023a8   COMPRESSED   0x00000004   Data   RW         4440    .data               app_timer2.o
    0x200023ac   COMPRESSED   0x0000000c   Data   RW         4678    .data               drv_rtc.o
    0x200023b8   COMPRESSED   0x00000030   Data   RW         4879    .data               fds.o
    0x200023e8   COMPRESSED   0x00000008   Data   RW         5684    .data               nrf_fstorage_sd.o
    0x200023f0   COMPRESSED   0x00000008   Data   RW         5864    .data               nrf_pwr_mgmt.o
    0x200023f8   COMPRESSED   0x00000018   Data   RW         6209    .data               nrf_log_backend_uart.o
    0x20002410   COMPRESSED   0x00000008   Data   RW         6274    .data               nrf_log_default_backends.o
    0x20002418   COMPRESSED   0x00000004   Data   RW         6340    .data               nrf_log_frontend.o
    0x2000241c   COMPRESSED   0x00000008   Data   RW         6341    .data               nrf_log_frontend.o
    0x20002424   COMPRESSED   0x00000008   Data   RW         6342    .data               nrf_log_frontend.o
    0x2000242c   COMPRESSED   0x00000040   Data   RW         6501    .data               nrf_log_str_formatter.o
    0x2000246c   COMPRESSED   0x00000003   Data   RW         6928    .data               nrf_sdh.o
    0x2000246f   COMPRESSED   0x00000001   Data   RW         7038    .data               nrf_sdh_ble.o
    0x20002470   COMPRESSED   0x00000004   Data   RW         7130    .data               system_nrf52.o
    0x20002474   COMPRESSED   0x00000014   Data   RW         4880    fs_data             fds.o
    0x20002488        -       0x00000020   Zero   RW           19    .bss                main.o
    0x200024a8        -       0x00000454   Zero   RW           20    .bss                main.o
    0x200028fc   COMPRESSED   0x00000004   PAD
    0x20002900        -       0x00000020   Zero   RW          548    .bss                bsp.o
    0x20002920        -       0x00000020   Zero   RW          549    .bss                bsp.o
    0x20002940        -       0x0000000c   Zero   RW          550    .bss                bsp.o
    0x2000294c   COMPRESSED   0x00000004   PAD
    0x20002950        -       0x00000020   Zero   RW          551    .bss                bsp.o
    0x20002970        -       0x00000050   Zero   RW          985    .bss                ble_conn_params.o
    0x200029c0        -       0x0000007c   Zero   RW         1072    .bss                ble_conn_state.o
    0x20002a3c        -       0x000000d8   Zero   RW         1566    .bss                id_manager.o
    0x20002b14        -       0x00000180   Zero   RW         2013    .bss                peer_database.o
    0x20002c94        -       0x00000040   Zero   RW         2129    .bss                peer_id.o
    0x20002cd4        -       0x0000000c   Zero   RW         2252    .bss                peer_manager.o
    0x20002ce0        -       0x00000040   Zero   RW         2677    .bss                security_dispatcher.o
    0x20002d20        -       0x00000014   Zero   RW         2991    .bss                nrf_drv_clock.o
    0x20002d34        -       0x0000005c   Zero   RW         3503    .bss                nrfx_gpiote.o
    0x20002d90        -       0x0000002c   Zero   RW         3842    .bss                nrfx_uart.o
    0x20002dbc        -       0x00000024   Zero   RW         4026    .bss                nrfx_uarte.o
    0x20002de0        -       0x00000020   Zero   RW         4175    .bss                app_button.o
    0x20002e00        -       0x00000010   Zero   RW         4176    .bss                app_button.o
    0x20002e10        -       0x00000010   Zero   RW         4435    .bss                app_timer2.o
    0x20002e20        -       0x00000058   Zero   RW         4436    .bss                app_timer2.o
    0x20002e78        -       0x0000000c   Zero   RW         4565    .bss                app_util_platform.o
    0x20002e84        -       0x00000010   Zero   RW         4876    .bss                fds.o
    0x20002e94        -       0x000000e0   Zero   RW         4877    .bss                fds.o
    0x20002f74        -       0x00000010   Zero   RW         5680    .bss                nrf_fstorage_sd.o
    0x20002f84        -       0x000000a0   Zero   RW         5681    .bss                nrf_fstorage_sd.o
    0x20003024        -       0x0000000c   Zero   RW         5860    .bss                nrf_pwr_mgmt.o
    0x20003030        -       0x00000040   Zero   RW         6206    .bss                nrf_log_backend_uart.o
    0x20003070        -       0x000000c0   Zero   RW         6334    .bss                nrf_log_frontend.o
    0x20003130        -       0x00000080   Zero   RW         6335    .bss                nrf_log_frontend.o
    0x200031b0        -       0x00000018   Zero   RW         6336    .bss                nrf_log_frontend.o
    0x200031c8        -       0x00000420   Zero   RW         6337    .bss                nrf_log_frontend.o
    0x200035e8        -       0x00002000   Zero   RW         7116    STACK               arm_startup_nrf52.o


==============================================================================

Image component sizes


      Code (inc. data)   RO Data    RW Data    ZI Data      Debug   Object Name

       664         66         27         24         48      17970   app_button.o
        22          0          0          0          0       2553   app_error.o
       132         46          0          0          0      34209   app_error_weak.o
         0          0          0          0          0      37194   app_scheduler.o
       846         88         38         36        104      16881   app_timer2.o
       124         14          0          0         12      10798   app_util_platform.o
        36          8        512          0       8192        964   arm_startup_nrf52.o
      1338          0          0          0          0      53616   ble_advdata.o
      1076          6          0          0          0      11167   ble_advertising.o
       636         44          8          8         80       9447   ble_conn_params.o
       772         62          8          0        124      15921   ble_conn_state.o
         8          0          0          0          0       1486   ble_srv_common.o
       358         40          8          0          0      14615   boards.o
      1006         84         44         16        108      16239   bsp.o
       252         10          8          8          0       4888   bsp_btn_ble.o
       704         76          6         12          0      48953   drv_rtc.o
      3872        348         24         68        240      51494   fds.o
      2152        552        553         16          0      34247   gatt_cache_manager.o
       686         84        462         12          0      16799   gatts_cache_manager.o
       946         34         32          0        216      17312   id_manager.o
      1330        230         36         30       1140     198322   main.o
       342          0          0          0          0       6830   nrf_atfifo.o
       170          0          0          0          0       4912   nrf_atflags.o
       332          0          0          0          0      10318   nrf_atomic.o
       164          0          0          0          0       3688   nrf_balloc.o
       922        272        205          0          0      37379   nrf_ble_gatt.o
       276          0          0          0          0       4773   nrf_ble_qwr.o
       312         36         30          0         20      43868   nrf_drv_clock.o
       200         26          0         12          0      17964   nrf_drv_uart.o
        50          0          0          0          0       3589   nrf_fprintf.o
       866          4         16          0          0       6622   nrf_fprintf_format.o
       972        432        194          0          0       8156   nrf_fstorage.o
       798         82         72          8        176      16267   nrf_fstorage_sd.o
       194          0          0          0          0      11689   nrf_log_backend_serial.o
       232         44         44         24         64      16086   nrf_log_backend_uart.o
        28          4         33          8          0       3389   nrf_log_default_backends.o
      1512        128         44         20       1400      31808   nrf_log_frontend.o
       570        108        102         64          0       5740   nrf_log_str_formatter.o
       346          0          0          0          0       9695   nrf_memobj.o
       108         16         53          8         12      40134   nrf_pwr_mgmt.o
        28          0          0          0          0       2411   nrf_ringbuf.o
       560         60        104          3          0      45564   nrf_sdh.o
       672        232        468          1          0       5949   nrf_sdh_ble.o
        60          4         56          0          0       2512   nrf_sdh_soc.o
        78          0          0          0          0       2836   nrf_section_iter.o
        84          0         17          0          0       4193   nrf_sortlist.o
        76         10       1319          0          0       2799   nrf_strerror.o
       242         32         14          8          0      47332   nrfx_clock.o
      1268        106         19          0         92      66257   nrfx_gpiote.o
       112         16         12          8          0       4580   nrfx_prs.o
      1310         42         17          0         44      30929   nrfx_uart.o
      1312         42         18          0         36      26387   nrfx_uarte.o
      1172        144        281         12          0      18530   peer_data_storage.o
      1434        260        425          8        384      19782   peer_database.o
       314         38          0          0         64       9343   peer_id.o
      1678        454        217         16         12      20195   peer_manager.o
      1928        882        832         96          0      10391   peer_manager_handler.o
       234          0          0          0          0       5531   pm_buffer.o
      1944        268        835          5         64      27283   security_dispatcher.o
      1372        122        411         21          0      54978   security_manager.o
       752         78          0          4          0      32501   system_nrf52.o

    ----------------------------------------------------------------------
     42064       5734       7708        568      12640    1338265   Object Totals
         0          0         32          0          0          0   (incl. Generated)
        80          0         72         12          8          0   (incl. Padding)

    ----------------------------------------------------------------------

      Code (inc. data)   RO Data    RW Data    ZI Data      Debug   Library Member Name

        86          0          0          0          0          0   __dczerorl2.o
         8          4        133          0          0         68   ctype_o.o
         0          0          0          0          0          0   entry.o
         0          0          0          0          0          0   entry10a.o
         0          0          0          0          0          0   entry11a.o
         4          0          0          0          0          0   entry12b.o
         8          4          0          0          0          0   entry2.o
         4          0          0          0          0          0   entry5.o
         0          0          0          0          0          0   entry7b.o
         0          0          0          0          0          0   entry8b.o
         8          4          0          0          0          0   entry9a.o
        30          0          0          0          0          0   handlers.o
        36          8          0          0          0         68   init.o
        30          0          0          0          0         68   llshl.o
        32          0          0          0          0         68   llushr.o
        26          0          0          0          0         80   memcmp.o
        36          0          0          0          0         68   memcpya.o
        36          0          0          0          0        108   memseta.o
        14          0          0          0          0         68   strlen.o
        98          0          0          0          0         92   uldiv.o

    ----------------------------------------------------------------------
       460         20        136          0          0        688   Library Totals
         4          0          3          0          0          0   (incl. Padding)

    ----------------------------------------------------------------------

      Code (inc. data)   RO Data    RW Data    ZI Data      Debug   Library Name

       456         20        133          0          0        688   mc_w.l

    ----------------------------------------------------------------------
       460         20        136          0          0        688   Library Totals

    ----------------------------------------------------------------------

==============================================================================


      Code (inc. data)   RO Data    RW Data    ZI Data      Debug   

     42524       5754       7844        568      12640    1285829   Grand Totals
     42524       5754       7844        172      12640    1285829   ELF Image Totals (compressed)
     42524       5754       7844        172          0          0   ROM Totals

==============================================================================

    Total RO  Size (Code + RO Data)                50368 (  49.19kB)
    Total RW  Size (RW Data + ZI Data)             13208 (  12.90kB)
    Total ROM Size (Code + RO Data + RW Data)      50540 (  49.36kB)

==============================================================================

