<html>
<body>
<pre>
<h1>µVision Build Log</h1>
<h2>Tool Versions:</h2>
IDE-Version: µVision V5.34.0.0
Copyright (C) 2021 ARM Ltd and ARM Germany GmbH. All rights reserved.
License Information: Amey Renge, IITRopar, LIC=65ISZ-J1PXN-MMJ9I-TNVVY-RI7FF-TM5IA
 
Tool Versions:
Toolchain:       MDK-ARM Plus  Version: 5.34.0.0
Toolchain Path:  C:\Keil_v5\ARM\ARMCC\Bin
C Compiler:      Armcc.exe V5.06 update 7 (build 960)
Assembler:       Armasm.exe V5.06 update 7 (build 960)
Linker/Locator:  ArmLink.exe V5.06 update 7 (build 960)
Library Manager: ArmAr.exe V5.06 update 7 (build 960)
Hex Converter:   FromElf.exe V5.06 update 7 (build 960)
CPU DLL:         
Dialog DLL:      
Target DLL:      Segger\JL2CM3.dll V2.99.38.0
Dialog DLL:      TCM.DLL V1.48.0.0
 
<h2>Project:</h2>
E:\nRF5_SDK_17.0.2_d674dde\nRF5_SDK_17.0.2_d674dde\examples\My_projects\ble_app_nonconnectable\pca10040\s132\arm5_no_packs\ble_app_beacon_pca10040_s132.uvprojx
Project File Date:  03/07/2022

<h2>Output:</h2>
*** Using Compiler 'V5.06 update 7 (build 960)', folder: 'C:\Keil_v5\ARM\ARMCC\Bin'
Build target 'nrf52832_xxaa'
compiling utf.c...
compiling ble_srv_common.c...
compiling nrf_drv_uart.c...
compiling ble_advdata.c...
compiling boards.c...
compiling nrf_drv_clock.c...
compiling bsp.c...
compiling main.c...
..\..\..\main.c(101): warning:  #177-D: variable "m_beacon_info"  was declared but never referenced
  static uint8_t m_beacon_info[APP_BEACON_INFO_LENGTH] =                    /**< Information advertised by the Beacon. */
..\..\..\main.c: 1 warning, 0 errors
compiling nrfx_atomic.c...
compiling nrfx_prs.c...
compiling nrfx_clock.c...
compiling nrfx_gpiote.c...
compiling nrfx_uart.c...
compiling nrfx_uarte.c...
compiling app_error.c...
compiling app_button.c...
compiling app_util_platform.c...
compiling app_error_handler_keil.c...
compiling hardfault_implementation.c...
compiling app_scheduler.c...
compiling app_error_weak.c...
compiling drv_rtc.c...
compiling nrf_assert.c...
compiling app_timer2.c...
compiling nrf_fprintf.c...
compiling nrf_atomic.c...
compiling nrf_fprintf_format.c...
compiling nrf_balloc.c...
compiling nrf_atfifo.c...
compiling nrf_memobj.c...
compiling nrf_strerror.c...
compiling nrf_section_iter.c...
compiling nrf_log_backend_rtt.c...
compiling nrf_sortlist.c...
compiling nrf_ringbuf.c...
compiling nrf_log_backend_serial.c...
compiling nrf_pwr_mgmt.c...
compiling SEGGER_RTT_Syscalls_KEIL.c...
compiling SEGGER_RTT_printf.c...
compiling SEGGER_RTT.c...
compiling nrf_log_default_backends.c...
compiling nrf_log_str_formatter.c...
compiling nrf_log_frontend.c...
compiling nrf_log_backend_uart.c...
compiling nrf_sdh_soc.c...
compiling nrf_sdh.c...
compiling nrf_sdh_ble.c...
linking...
Program Size: Code=16662 RO-data=3210 RW-data=268 ZI-data=10196  
FromELF: creating hex file...
".\_build\nrf52832_xxaa.axf" - 0 Error(s), 1 Warning(s).

<h2>Software Packages used:</h2>

Package Vendor: ARM
                http://www.keil.com/pack/ARM.CMSIS.5.6.0.pack
                ARM.CMSIS.5.6.0
                CMSIS (Cortex Microcontroller Software Interface Standard)
   * Component: CORE Version: 5.3.0

Package Vendor: NordicSemiconductor
                http://developer.nordicsemi.com/nRF5_SDK/pieces/nRF_DeviceFamilyPack/NordicSemiconductor.nRF_DeviceFamilyPack.8.35.0.pack
                NordicSemiconductor.nRF_DeviceFamilyPack.8.35.0
                Nordic Semiconductor nRF ARM devices Device Family Pack with BSD license.
   * Component: Startup Version: 8.35.0

<h2>Collection of Component include folders:</h2>
  .\RTE\_nrf52832_xxaa
  C:\Users\Comm Lab 301\AppData\Local\Arm\Packs\ARM\CMSIS\5.6.0\CMSIS\Core\Include
  C:\Users\Comm Lab 301\AppData\Local\Arm\Packs\NordicSemiconductor\nRF_DeviceFamilyPack\8.35.0\Device\Include

<h2>Collection of Component Files used:</h2>

   * Component: ARM::CMSIS:CORE:5.3.0

   * Component: NordicSemiconductor::Device:Startup:8.35.0
      Source file:   Device\Source\arm\arm_startup_nrf52.s
      Source file:   Device\Source\system_nrf52.c
      Include file:  Device\Include\system_nrf.h
      Include file:  Device\Include\system_nrf52.h
Build Time Elapsed:  00:00:17
</pre>
</body>
</html>
