Component: ARM Compiler 5.06 update 7 (build 960) Tool: armlink [4d3601]

==============================================================================

Section Cross References

    main.o(i.advertising_init) refers to memseta.o(.text) for __aeabi_memclr4
    main.o(i.advertising_init) refers to memcpya.o(.text) for __aeabi_memcpy4
    main.o(i.advertising_init) refers to ble_advertising.o(i.ble_advertising_init) for ble_advertising_init
    main.o(i.advertising_init) refers to app_error.o(i.app_error_handler_bare) for app_error_handler_bare
    main.o(i.advertising_init) refers to ble_advertising.o(i.ble_advertising_conn_cfg_tag_set) for ble_advertising_conn_cfg_tag_set
    main.o(i.advertising_init) refers to main.o(i.on_adv_evt) for on_adv_evt
    main.o(i.advertising_init) refers to main.o(.bss) for .bss
    main.o(i.advertising_start) refers to nrf_log_frontend.o(i.nrf_log_frontend_std_0) for nrf_log_frontend_std_0
    main.o(i.advertising_start) refers to peer_manager.o(i.pm_peers_delete) for pm_peers_delete
    main.o(i.advertising_start) refers to ble_advertising.o(i.ble_advertising_start) for ble_advertising_start
    main.o(i.advertising_start) refers to app_error.o(i.app_error_handler_bare) for app_error_handler_bare
    main.o(i.advertising_start) refers to nrf_log_frontend.o(log_const_data) for m_nrf_log_app_logs_data_const
    main.o(i.advertising_start) refers to main.o(.bss) for .bss
    main.o(i.assert_nrf_callback) refers to app_error_handler_keil.o(.emb_text) for app_error_handler
    main.o(i.ble_evt_handler) refers to nrf_log_frontend.o(i.nrf_log_frontend_std_0) for nrf_log_frontend_std_0
    main.o(i.ble_evt_handler) refers to bsp.o(i.bsp_indication_set) for bsp_indication_set
    main.o(i.ble_evt_handler) refers to app_error.o(i.app_error_handler_bare) for app_error_handler_bare
    main.o(i.ble_evt_handler) refers to nrf_ble_qwr.o(i.nrf_ble_qwr_conn_handle_assign) for nrf_ble_qwr_conn_handle_assign
    main.o(i.ble_evt_handler) refers to nrf_log_frontend.o(log_const_data) for m_nrf_log_app_logs_data_const
    main.o(i.ble_evt_handler) refers to main.o(.data) for .data
    main.o(i.ble_evt_handler) refers to main.o(.bss) for .bss
    main.o(i.bsp_event_handler) refers to main.o(i.sleep_mode_enter) for sleep_mode_enter
    main.o(i.bsp_event_handler) refers to app_error.o(i.app_error_handler_bare) for app_error_handler_bare
    main.o(i.bsp_event_handler) refers to ble_advertising.o(i.ble_advertising_restart_without_whitelist) for ble_advertising_restart_without_whitelist
    main.o(i.bsp_event_handler) refers to main.o(.data) for .data
    main.o(i.bsp_event_handler) refers to main.o(.bss) for .bss
    main.o(i.conn_params_error_handler) refers to app_error.o(i.app_error_handler_bare) for app_error_handler_bare
    main.o(i.main) refers to nrf_log_frontend.o(i.nrf_log_init) for nrf_log_init
    main.o(i.main) refers to app_error.o(i.app_error_handler_bare) for app_error_handler_bare
    main.o(i.main) refers to nrf_log_default_backends.o(i.nrf_log_default_backends_init) for nrf_log_default_backends_init
    main.o(i.main) refers to app_timer2.o(i.app_timer_init) for app_timer_init
    main.o(i.main) refers to bsp.o(i.bsp_init) for bsp_init
    main.o(i.main) refers to bsp_btn_ble.o(i.bsp_btn_ble_init) for bsp_btn_ble_init
    main.o(i.main) refers to nrf_pwr_mgmt.o(i.nrf_pwr_mgmt_init) for nrf_pwr_mgmt_init
    main.o(i.main) refers to nrf_sdh.o(i.nrf_sdh_enable_request) for nrf_sdh_enable_request
    main.o(i.main) refers to nrf_sdh_ble.o(i.nrf_sdh_ble_default_cfg_set) for nrf_sdh_ble_default_cfg_set
    main.o(i.main) refers to nrf_sdh_ble.o(i.nrf_sdh_ble_enable) for nrf_sdh_ble_enable
    main.o(i.main) refers to nrf_ble_gatt.o(i.nrf_ble_gatt_init) for nrf_ble_gatt_init
    main.o(i.main) refers to main.o(i.advertising_init) for advertising_init
    main.o(i.main) refers to nrf_ble_qwr.o(i.nrf_ble_qwr_init) for nrf_ble_qwr_init
    main.o(i.main) refers to memseta.o(.text) for __aeabi_memclr4
    main.o(i.main) refers to ble_conn_params.o(i.ble_conn_params_init) for ble_conn_params_init
    main.o(i.main) refers to main.o(i.peer_manager_init) for peer_manager_init
    main.o(i.main) refers to nrf_log_frontend.o(i.nrf_log_frontend_std_0) for nrf_log_frontend_std_0
    main.o(i.main) refers to main.o(i.advertising_start) for advertising_start
    main.o(i.main) refers to nrf_log_frontend.o(i.nrf_log_frontend_dequeue) for nrf_log_frontend_dequeue
    main.o(i.main) refers to nrf_pwr_mgmt.o(i.nrf_pwr_mgmt_run) for nrf_pwr_mgmt_run
    main.o(i.main) refers to main.o(i.bsp_event_handler) for bsp_event_handler
    main.o(i.main) refers to main.o(.bss) for .bss
    main.o(i.main) refers to main.o(i.nrf_qwr_error_handler) for nrf_qwr_error_handler
    main.o(i.main) refers to main.o(i.on_conn_params_evt) for on_conn_params_evt
    main.o(i.main) refers to main.o(i.conn_params_error_handler) for conn_params_error_handler
[...]
    sdh_ble_observers2$$Base                 0x00032138   Number         0  main.o(sdh_ble_observers2)
    sdh_ble_observers2$$Limit                0x00032140   Number         0  main.o(sdh_ble_observers2)
    sdh_ble_observers3$$Base                 0x00032140   Number         0  main.o(sdh_ble_observers3)
    m_req_obs                                0x00032148   Data           8  nrf_fstorage_sd.o(sdh_req_observers0)
    sdh_ble_observers3$$Limit                0x00032148   Number         0  main.o(sdh_ble_observers3)
    sdh_req_observers0$$Base                 0x00032148   Number         0  nrf_fstorage_sd.o(sdh_req_observers0)
    sdh_req_observers0$$Limit                0x00032150   Number         0  nrf_fstorage_sd.o(sdh_req_observers0)
    sdh_soc_observers0$$Base                 0x00032150   Number         0  nrf_drv_clock.o(sdh_soc_observers0)
    sdh_soc_observers0$$Limit                0x00032160   Number         0  nrf_fstorage_sd.o(sdh_soc_observers0)
    sdh_stack_observers0$$Base               0x00032160   Number         0  nrf_sdh_ble.o(sdh_stack_observers0)
    sdh_stack_observers0$$Limit              0x00032170   Number         0  nrf_sdh_soc.o(sdh_stack_observers0)
    sdh_state_observers0$$Base               0x00032170   Number         0  nrf_drv_clock.o(sdh_state_observers0)
    sdh_state_observers0$$Limit              0x00032180   Number         0  nrf_fstorage_sd.o(sdh_state_observers0)
    Image$$RW_IRAM1$$Base                    0x20002250   Number         0  anon$$obj.o ABSOLUTE
    nrf_drv_uart_use_easy_dma                0x20002334   Data           1  nrf_drv_uart.o(.data)
    m_uart                                   0x200023dc   Data          20  nrf_log_backend_uart.o(.data)
    SystemCoreClock                          0x20002450   Data           4  system_nrf52.o(.data)
    fs_data$$Base                            0x20002454   Number         0  fds.o(fs_data)
    m_fs                                     0x20002454   Data          20  fds.o(fs_data)
    fs_data$$Limit                           0x20002468   Number         0  fds.o(fs_data)
    nrf_nvic_state                           0x20002e38   Data          12  app_util_platform.o(.bss)
    __initial_sp                             0x200055a8   Data           0  arm_startup_nrf52.o(STACK)



==============================================================================

Memory Map of the image

  Image Entry point : 0x00026201

  Load Region LR_IROM1 (Base: 0x00026000, Size: 0x0000c398, Max: 0x0005a000, ABSOLUTE, COMPRESSED[0x0000c218])

    Execution Region ER_IROM1 (Exec base: 0x00026000, Load base: 0x00026000, Size: 0x0000c180, Max: 0x0005a000, ABSOLUTE)

    Exec Addr    Load Addr    Size         Type   Attr      Idx    E Section Name        Object

    0x00026000   0x00026000   0x00000200   Data   RO         7334    RESET               arm_startup_nrf52.o
    0x00026200   0x00026200   0x00000000   Code   RO         7400  * .ARM.Collect$$$$00000000  mc_w.l(entry.o)
    0x00026200   0x00026200   0x00000004   Code   RO         7454    .ARM.Collect$$$$00000001  mc_w.l(entry2.o)
    0x00026204   0x00026204   0x00000004   Code   RO         7457    .ARM.Collect$$$$00000004  mc_w.l(entry5.o)
    0x00026208   0x00026208   0x00000000   Code   RO         7459    .ARM.Collect$$$$00000008  mc_w.l(entry7b.o)
    0x00026208   0x00026208   0x00000000   Code   RO         7461    .ARM.Collect$$$$0000000A  mc_w.l(entry8b.o)
    0x00026208   0x00026208   0x00000008   Code   RO         7462    .ARM.Collect$$$$0000000B  mc_w.l(entry9a.o)
    0x00026210   0x00026210   0x00000004   Code   RO         7469    .ARM.Collect$$$$0000000E  mc_w.l(entry12b.o)
    0x00026214   0x00026214   0x00000000   Code   RO         7464    .ARM.Collect$$$$0000000F  mc_w.l(entry10a.o)
    0x00026214   0x00026214   0x00000000   Code   RO         7466    .ARM.Collect$$$$00000011  mc_w.l(entry11a.o)
    0x00026214   0x00026214   0x00000004   Code   RO         7455    .ARM.Collect$$$$00002712  mc_w.l(entry2.o)
    0x00026218   0x00026218   0x000000c8   Code   RO         5397    .emb_text           nrf_atfifo.o
    0x000262e0   0x000262e0   0x000000e2   Code   RO         5533    .emb_text           nrf_atomic.o
    0x000263c2   0x000263c2   0x00000002   PAD
    0x000263c4   0x000263c4   0x00000024   Code   RO         7335    .text               arm_startup_nrf52.o
    0x000263e8   0x000263e8   0x00000062   Code   RO         7408    .text               mc_w.l(uldiv.o)
    0x0002644a   0x0002644a   0x0000001e   Code   RO         7410    .text               mc_w.l(llshl.o)
    0x00026468   0x00026468   0x00000008   Code   RO         7412    .text               mc_w.l(ctype_o.o)
    0x00026470   0x00026470   0x00000024   Code   RO         7440    .text               mc_w.l(memcpya.o)
    0x00026494   0x00026494   0x00000024   Code   RO         7442    .text               mc_w.l(memseta.o)
    0x000264b8   0x000264b8   0x0000000e   Code   RO         7444    .text               mc_w.l(strlen.o)
    0x000264c6   0x000264c6   0x0000001a   Code   RO         7448    .text               mc_w.l(memcmp.o)
    0x000264e0   0x000264e0   0x00000020   Code   RO         7471    .text               mc_w.l(llushr.o)
    0x00026500   0x00026500   0x00000024   Code   RO         7474    .text               mc_w.l(init.o)
    0x00026524   0x00026524   0x00000056   Code   RO         7484    .text               mc_w.l(__dczerorl2.o)
    0x0002657a   0x0002657a   0x00000002   PAD
    0x0002657c   0x0002657c   0x000000a4   Code   RO         3658    i.GPIOTE_IRQHandler  nrfx_gpiote.o
    0x00026620   0x00026620   0x00000058   Code   RO         3519    i.POWER_CLOCK_IRQHandler  nrfx_clock.o
    0x00026678   0x00026678   0x00000010   Code   RO         4861    i.RTC1_IRQHandler   drv_rtc.o
    0x00026688   0x00026688   0x00000004   Code   RO         7125    i.SWI2_EGU2_IRQHandler  nrf_sdh.o
    0x0002668c   0x0002668c   0x00000084   Code   RO         7343    i.SystemInit        system_nrf52.o
    0x00026710   0x00026710   0x0000000c   Code   RO         3963    i.UARTE0_UART0_IRQHandler  nrfx_prs.o
    0x0002671c   0x0002671c   0x0000000e   Code   RO         7478    i.__scatterload_copy  mc_w.l(handlers.o)
    0x0002672a   0x0002672a   0x00000002   Code   RO         7479    i.__scatterload_null  mc_w.l(handlers.o)
    0x0002672c   0x0002672c   0x0000000e   Code   RO         7480    i.__scatterload_zeroinit  mc_w.l(handlers.o)
    0x0002673a   0x0002673a   0x00000002   PAD
    0x0002673c   0x0002673c   0x00000024   Code   RO         7126    i.__sd_nvic_app_accessible_irq  nrf_sdh.o
    0x00026760   0x00026760   0x0000013c   Code   RO         2663    i._conn_secure      peer_manager_handler.o
    0x0002689c   0x0002689c   0x00000026   Code   RO         1684    i.addr_compare      id_manager.o
    0x000268c2   0x000268c2   0x0000000c   Code   RO         5785    i.addr_is_aligned32  nrf_fstorage.o
    0x000268ce   0x000268ce   0x00000018   Code   RO         5786    i.addr_is_within_bounds  nrf_fstorage.o
    0x000268e6   0x000268e6   0x00000010   Code   RO          937    i.adv_set_data_size_max_get  ble_advertising.o
    0x000268f6   0x000268f6   0x00000036   Code   RO          636    i.advertising_buttons_configure  bsp_btn_ble.o
    0x0002692c   0x0002692c   0x000000a4   Code   RO            4    i.advertising_init  main.o
    0x000269d0   0x000269d0   0x00000050   Code   RO            5    i.advertising_start  main.o
    0x00026a20   0x00026a20   0x00000052   Code   RO         1685    i.ah                id_manager.o
    0x00026a72   0x00026a72   0x00000006   Code   RO          519    i.alert_timer_handler  bsp.o
    0x00026a78   0x00026a78   0x0000000c   Code   RO         2810    i.allow_repairing   security_dispatcher.o
    0x00026a84   0x00026a84   0x00000024   Code   RO         4366    i.app_button_enable  app_button.o
    0x00026aa8   0x00026aa8   0x00000080   Code   RO         4367    i.app_button_init   app_button.o
    0x00026b28   0x00026b28   0x00000084   Code   RO         4530    i.app_error_fault_handler  app_error_weak.o
    0x00026bac   0x00026bac   0x00000016   Code   RO         4470    i.app_error_handler_bare  app_error.o
    0x00026bc2   0x00026bc2   0x00000002   PAD
    0x00026bc4   0x00026bc4   0x0000000c   Code   RO         4625    i.app_timer_cnt_get  app_timer2.o
    0x00026bd0   0x00026bd0   0x00000016   Code   RO         4626    i.app_timer_create  app_timer2.o
    0x00026be6   0x00026be6   0x00000002   PAD
    0x00026be8   0x00026be8   0x0000005c   Code   RO         4627    i.app_timer_init    app_timer2.o
    0x00026c44   0x00026c44   0x00000030   Code   RO         4630    i.app_timer_start   app_timer2.o
    0x00026c74   0x00026c74   0x0000000c   Code   RO         4631    i.app_timer_stop    app_timer2.o
    0x00026c80   0x00026c80   0x00000048   Code   RO         4766    i.app_util_critical_region_enter  app_util_platform.o
    0x00026cc8   0x00026cc8   0x00000034   Code   RO         4767    i.app_util_critical_region_exit  app_util_platform.o
    0x00026cfc   0x00026cfc   0x00000088   Code   RO         4017    i.apply_config      nrfx_uart.o
    0x00026d84   0x00026d84   0x00000088   Code   RO         4205    i.apply_config      nrfx_uarte.o
    0x00026e0c   0x00026e0c   0x00000004   Code   RO         1401    i.apply_pending_handle  gatt_cache_manager.o
    0x00026e10   0x00026e10   0x00000180   Code   RO         2811    i.auth_status_success_process  security_dispatcher.o
    0x00026f90   0x00026f90   0x00000182   Code   RO          798    i.ble_advdata_encode  ble_advdata.o
    0x00027112   0x00027112   0x00000020   Code   RO          800    i.ble_advdata_parse  ble_advdata.o
    0x00027132   0x00027132   0x00000046   Code   RO          801    i.ble_advdata_search  ble_advdata.o
    0x00027178   0x00027178   0x00000006   Code   RO          939    i.ble_advertising_conn_cfg_tag_set  ble_advertising.o
    0x0002717e   0x0002717e   0x000000f8   Code   RO          940    i.ble_advertising_init  ble_advertising.o
    0x00027276   0x00027276   0x0000006a   Code   RO          942    i.ble_advertising_on_ble_evt  ble_advertising.o
    0x000272e0   0x000272e0   0x0000003a   Code   RO          944    i.ble_advertising_restart_without_whitelist  ble_advertising.o
    0x0002731a   0x0002731a   0x00000230   Code   RO          945    i.ble_advertising_start  ble_advertising.o
    0x0002754a   0x0002754a   0x00000002   PAD
    0x0002754c   0x0002754c   0x00000068   Code   RO         1068    i.ble_conn_params_init  ble_conn_params.o
    0x000275b4   0x000275b4   0x00000020   Code   RO         1165    i.ble_conn_state_encrypted  ble_conn_state.o
    0x000275d4   0x000275d4   0x0000002c   Code   RO         1167    i.ble_conn_state_for_each_set_user_flag  ble_conn_state.o
    0x00027600   0x00027600   0x00000020   Code   RO         1169    i.ble_conn_state_lesc  ble_conn_state.o
    0x00027620   0x00027620   0x00000020   Code   RO         1170    i.ble_conn_state_mitm_protected  ble_conn_state.o
    0x00027640   0x00027640   0x00000024   Code   RO         1173    i.ble_conn_state_role  ble_conn_state.o
    0x00027664   0x00027664   0x00000024   Code   RO         1174    i.ble_conn_state_status  ble_conn_state.o
    0x00027688   0x00027688   0x00000018   Code   RO         1175    i.ble_conn_state_user_flag_acquire  ble_conn_state.o
    0x000276a0   0x000276a0   0x00000030   Code   RO         1176    i.ble_conn_state_user_flag_get  ble_conn_state.o
    0x000276d0   0x000276d0   0x00000038   Code   RO         1177    i.ble_conn_state_user_flag_set  ble_conn_state.o
    0x00027708   0x00027708   0x00000014   Code   RO         1178    i.ble_conn_state_valid  ble_conn_state.o
    0x0002771c   0x0002771c   0x00000060   Code   RO          804    i.ble_device_addr_encode  ble_advdata.o
    0x0002777c   0x0002777c   0x000000b4   Code   RO            7    i.ble_evt_handler   main.o
    0x00027830   0x00027830   0x00000070   Code   RO          637    i.ble_evt_handler   bsp_btn_ble.o
    0x000278a0   0x000278a0   0x000000fc   Code   RO         1070    i.ble_evt_handler   ble_conn_params.o
    0x0002799c   0x0002799c   0x00000118   Code   RO         1179    i.ble_evt_handler   ble_conn_state.o
    0x00027ab4   0x00027ab4   0x00000028   Code   RO         2354    i.ble_evt_handler   peer_manager.o
    0x00027adc   0x00027adc   0x00000008   Code   RO         1341    i.ble_srv_is_notification_enabled  ble_srv_common.o
    0x00027ae4   0x00027ae4   0x0000000c   Code   RO          406    i.bsp_board_button_idx_to_pin  boards.o
    0x00027af0   0x00027af0   0x00000020   Code   RO          407    i.bsp_board_button_state_get  boards.o
    0x00027b10   0x00027b10   0x00000054   Code   RO          408    i.bsp_board_init    boards.o
    0x00027b64   0x00027b64   0x00000024   Code   RO          410    i.bsp_board_led_invert  boards.o
    0x00027b88   0x00027b88   0x00000010   Code   RO          411    i.bsp_board_led_off  boards.o
    0x00027b98   0x00027b98   0x00000010   Code   RO          412    i.bsp_board_led_on  boards.o
    0x00027ba8   0x00027ba8   0x00000020   Code   RO          413    i.bsp_board_led_state_get  boards.o
    0x00027bc8   0x00027bc8   0x00000012   Code   RO          414    i.bsp_board_leds_off  boards.o
    0x00027bda   0x00027bda   0x00000012   Code   RO          415    i.bsp_board_leds_on  boards.o
    0x00027bec   0x00027bec   0x00000024   Code   RO          416    i.bsp_board_pin_to_button_idx  boards.o
    0x00027c10   0x00027c10   0x00000038   Code   RO          638    i.bsp_btn_ble_init  bsp_btn_ble.o
    0x00027c48   0x00027c48   0x0000001e   Code   RO          639    i.bsp_btn_ble_sleep_mode_prepare  bsp_btn_ble.o
    0x00027c66   0x00027c66   0x00000002   PAD
    0x00027c68   0x00027c68   0x00000090   Code   RO          520    i.bsp_button_event_handler  bsp.o
    0x00027cf8   0x00027cf8   0x0000000c   Code   RO          521    i.bsp_button_is_pressed  bsp.o
    0x00027d04   0x00027d04   0x0000004c   Code   RO            8    i.bsp_event_handler  main.o
    0x00027d50   0x00027d50   0x00000044   Code   RO          524    i.bsp_event_to_button_action_assign  bsp.o
    0x00027d94   0x00027d94   0x00000018   Code   RO          525    i.bsp_indication_set  bsp.o
    0x00027dac   0x00027dac   0x00000094   Code   RO          526    i.bsp_init          bsp.o
    0x00027e40   0x00027e40   0x000001d0   Code   RO          527    i.bsp_led_indication  bsp.o
    0x00028010   0x00028010   0x00000006   Code   RO          529    i.bsp_wakeup_button_enable  bsp.o
    0x00028016   0x00028016   0x00000002   PAD
    0x00028018   0x00028018   0x00000094   Code   RO         6524    i.buf_prealloc      nrf_log_frontend.o
    0x000280ac   0x000280ac   0x0000002e   Code   RO         5745    i.buffer_add        nrf_fprintf_format.o
    0x000280da   0x000280da   0x00000002   PAD
    0x000280dc   0x000280dc   0x00000018   Code   RO         6525    i.buffer_is_empty   nrf_log_frontend.o
    0x000280f4   0x000280f4   0x00000028   Code   RO         4369    i.button_get        app_button.o
    0x0002811c   0x0002811c   0x00000008   Code   RO          530    i.button_timer_handler  bsp.o
    0x00028124   0x00028124   0x00000028   Code   RO         1402    i.car_update_needed  gatt_cache_manager.o
    0x0002814c   0x0002814c   0x00000040   Code   RO         1403    i.car_update_pending_handle  gatt_cache_manager.o
    0x0002818c   0x0002818c   0x0000001c   Code   RO         3659    i.channel_free      nrfx_gpiote.o
    0x000281a8   0x000281a8   0x00000048   Code   RO         3660    i.channel_port_alloc  nrfx_gpiote.o
    0x000281f0   0x000281f0   0x00000010   Code   RO         3661    i.channel_port_get  nrfx_gpiote.o
    0x00028200   0x00028200   0x0000003e   Code   RO         2264    i.claim             peer_id.o
    0x0002823e   0x0002823e   0x00000002   PAD
    0x00028240   0x00028240   0x00000028   Code   RO         3126    i.clock_clk_started_notify  nrf_drv_clock.o
    0x00028268   0x00028268   0x0000001c   Code   RO         3127    i.clock_irq_handler  nrf_drv_clock.o
    0x00028284   0x00028284   0x00000018   Code   RO         4633    i.compare_func      app_timer2.o
    0x0002829c   0x0002829c   0x0000003e   Code   RO         1180    i.conn_handle_list_get  ble_conn_state.o
    0x000282da   0x000282da   0x00000088   Code   RO          805    i.conn_int_encode   ble_advdata.o
    0x00028362   0x00028362   0x00000004   Code   RO            9    i.conn_params_error_handler  main.o
    0x00028366   0x00028366   0x00000002   PAD
    0x00028368   0x00028368   0x00000048   Code   RO         1071    i.conn_params_negotiation  ble_conn_params.o
    0x000283b0   0x000283b0   0x00000044   Code   RO         2812    i.conn_sec_failure  security_dispatcher.o
    0x000283f4   0x000283f4   0x00000004   Code   RO         2664    i.conn_secure       peer_manager_handler.o
    0x000283f8   0x000283f8   0x000000c0   Code   RO         1856    i.data_length_update  nrf_ble_gatt.o
    0x000284b8   0x000284b8   0x00000030   Code   RO         1404    i.db_update_pending_handle  gatt_cache_manager.o
    0x000284e8   0x000284e8   0x0000008c   Code   RO         5030    i.delete_execute    fds.o
    0x00028574   0x00028574   0x00000048   Code   RO         4370    i.detection_delay_timeout_handler  app_button.o
    0x000285bc   0x000285bc   0x00000014   Code   RO         6526    i.dropped_sat16_get  nrf_log_frontend.o
    0x000285d0   0x000285d0   0x00000014   Code   RO         4862    i.drv_rtc_compare_disable  drv_rtc.o
    0x000285e4   0x000285e4   0x0000000e   Code   RO         4865    i.drv_rtc_compare_pending  drv_rtc.o
    0x000285f2   0x000285f2   0x00000050   Code   RO         4866    i.drv_rtc_compare_set  drv_rtc.o
    0x00028642   0x00028642   0x00000008   Code   RO         4867    i.drv_rtc_counter_get  drv_rtc.o
    0x0002864a   0x0002864a   0x00000002   PAD
    0x0002864c   0x0002864c   0x000000d8   Code   RO         4868    i.drv_rtc_init      drv_rtc.o
    0x00028724   0x00028724   0x0000001e   Code   RO         4869    i.drv_rtc_irq_trigger  drv_rtc.o
    0x00028742   0x00028742   0x00000008   Code   RO         4871    i.drv_rtc_overflow_enable  drv_rtc.o
    0x0002874a   0x0002874a   0x00000008   Code   RO         4872    i.drv_rtc_overflow_pending  drv_rtc.o
    0x00028752   0x00028752   0x00000008   Code   RO         4873    i.drv_rtc_start     drv_rtc.o
    0x0002875a   0x0002875a   0x00000008   Code   RO         4874    i.drv_rtc_stop      drv_rtc.o
    0x00028762   0x00028762   0x000000de   Code   RO         4879    i.drv_rtc_windowed_compare_set  drv_rtc.o
    0x00028840   0x00028840   0x0000000a   Code   RO         2813    i.encryption_failure  security_dispatcher.o
    0x0002884a   0x0002884a   0x00000002   PAD
    0x0002884c   0x0002884c   0x0000004c   Code   RO         5872    i.erase             nrf_fstorage_sd.o
    0x00028898   0x00028898   0x00000074   Code   RO         5031    i.event_prepare     fds.o
    0x0002890c   0x0002890c   0x00000020   Code   RO         5032    i.event_send        fds.o
    0x0002892c   0x0002892c   0x00000054   Code   RO         5873    i.event_send        nrf_fstorage_sd.o
    0x00028980   0x00028980   0x00000098   Code   RO         2951    i.events_send_from_err_code  security_manager.o
    0x00028a18   0x00028a18   0x00000012   Code   RO         4880    i.evt_enable        drv_rtc.o
    0x00028a2a   0x00028a2a   0x00000002   PAD
    0x00028a2c   0x00028a2c   0x000000e0   Code   RO         4371    i.evt_handle        app_button.o
    0x00028b0c   0x00028b0c   0x00000014   Code   RO         4881    i.evt_pending       drv_rtc.o
    0x00028b20   0x00028b20   0x0000001c   Code   RO         1405    i.evt_send          gatt_cache_manager.o
    0x00028b3c   0x00028b3c   0x0000001c   Code   RO         1589    i.evt_send          gatts_cache_manager.o
    0x00028b58   0x00028b58   0x0000002c   Code   RO         2355    i.evt_send          peer_manager.o
    0x00028b84   0x00028b84   0x0000001c   Code   RO         2814    i.evt_send          security_dispatcher.o
    0x00028ba0   0x00028ba0   0x0000000c   Code   RO         2952    i.evt_send          security_manager.o
    0x00028bac   0x00028bac   0x000000e0   Code   RO         2002    i.fds_evt_handler   peer_data_storage.o
    0x00028c8c   0x00028c8c   0x00000048   Code   RO         5034    i.fds_file_delete   fds.o
    0x00028cd4   0x00028cd4   0x00000040   Code   RO         5035    i.fds_gc            fds.o
    0x00028d14   0x00028d14   0x000000e4   Code   RO         5036    i.fds_init          fds.o
    0x00028df8   0x00028df8   0x00000048   Code   RO         5037    i.fds_record_close  fds.o
    0x00028e40   0x00028e40   0x0000000e   Code   RO         5039    i.fds_record_find   fds.o
    0x00028e4e   0x00028e4e   0x00000010   Code   RO         5040    i.fds_record_find_by_key  fds.o
    0x00028e5e   0x00028e5e   0x00000010   Code   RO         5041    i.fds_record_find_in_file  fds.o
    0x00028e6e   0x00028e6e   0x00000012   Code   RO         5042    i.fds_record_id_from_desc  fds.o
    0x00028e80   0x00028e80   0x0000004c   Code   RO         5044    i.fds_record_open   fds.o
    0x00028ecc   0x00028ecc   0x00000010   Code   RO         5045    i.fds_record_update  fds.o
    0x00028edc   0x00028edc   0x00000008   Code   RO         5046    i.fds_record_write  fds.o
    0x00028ee4   0x00028ee4   0x00000030   Code   RO         5048    i.fds_register      fds.o
    0x00028f14   0x00028f14   0x000000a0   Code   RO         5051    i.fds_stat          fds.o
    0x00028fb4   0x00028fb4   0x00000014   Code   RO         2003    i.file_id_within_pm_range  peer_data_storage.o
    0x00028fc8   0x00028fc8   0x00000012   Code   RO         2815    i.flag_id_init      security_dispatcher.o
    0x00028fda   0x00028fda   0x00000012   Code   RO         2953    i.flag_id_init      security_manager.o
    0x00028fec   0x00028fec   0x0000000a   Code   RO         1181    i.flag_toggle       ble_conn_state.o
    0x00028ff6   0x00028ff6   0x00000028   Code   RO          947    i.flags_set         ble_advertising.o
    0x0002901e   0x0002901e   0x00000002   PAD
    0x00029020   0x00029020   0x00000030   Code   RO         2954    i.flags_set_from_err_code  security_manager.o
    0x00029050   0x00029050   0x00000030   Code   RO         1182    i.for_each_set_flag  ble_conn_state.o
    0x00029080   0x00029080   0x00000006   Code   RO         5052    i.fs_event_handler  fds.o
    0x00029086   0x00029086   0x00000002   PAD
    0x00029088   0x00029088   0x00000080   Code   RO         5053    i.gc_execute        fds.o
    0x00029108   0x00029108   0x0000004c   Code   RO         5054    i.gc_next_page      fds.o
    0x00029154   0x00029154   0x00000040   Code   RO         5055    i.gc_page_erase     fds.o
    0x00029194   0x00029194   0x00000034   Code   RO         5056    i.gc_record_copy    fds.o
    0x000291c8   0x000291c8   0x00000024   Code   RO         5057    i.gc_record_find_next  fds.o
    0x000291ec   0x000291ec   0x00000070   Code   RO         5058    i.gc_state_advance  fds.o
    0x0002925c   0x0002925c   0x00000030   Code   RO         5059    i.gc_swap_pages     fds.o
    0x0002928c   0x0002928c   0x00000230   Code   RO         1406    i.gcm_ble_evt_handler  gatt_cache_manager.o
    0x000294bc   0x000294bc   0x0000003c   Code   RO         1407    i.gcm_im_evt_handler  gatt_cache_manager.o
    0x000294f8   0x000294f8   0x00000094   Code   RO         1408    i.gcm_init          gatt_cache_manager.o
    0x0002958c   0x0002958c   0x00000088   Code   RO         1411    i.gcm_pdb_evt_handler  gatt_cache_manager.o
    0x00029614   0x00029614   0x00000034   Code   RO         4634    i.get_now           app_timer2.o
    0x00029648   0x00029648   0x0000003c   Code   RO         4372    i.gpiote_event_handler  app_button.o
    0x00029684   0x00029684   0x0000001c   Code   RO         1590    i.gscm_db_change_notification_done  gatts_cache_manager.o
    0x000296a0   0x000296a0   0x00000014   Code   RO         1591    i.gscm_init         gatts_cache_manager.o
    0x000296b4   0x000296b4   0x00000090   Code   RO         1593    i.gscm_local_db_cache_apply  gatts_cache_manager.o
    0x00029744   0x00029744   0x000000ac   Code   RO         1594    i.gscm_local_db_cache_update  gatts_cache_manager.o
    0x000297f0   0x000297f0   0x00000018   Code   RO         1595    i.gscm_pdb_evt_handler  gatts_cache_manager.o
    0x00029808   0x00029808   0x0000001e   Code   RO         1596    i.gscm_service_changed_ind_needed  gatts_cache_manager.o
    0x00029826   0x00029826   0x00000002   PAD
    0x00029828   0x00029828   0x0000005c   Code   RO         1597    i.gscm_service_changed_ind_send  gatts_cache_manager.o
    0x00029884   0x00029884   0x0000002c   Code   RO         5060    i.header_check      fds.o
    0x000298b0   0x000298b0   0x00000012   Code   RO         5061    i.header_has_next   fds.o
    0x000298c2   0x000298c2   0x00000046   Code   RO         1686    i.im_address_resolve  id_manager.o
    0x00029908   0x00029908   0x00000038   Code   RO         1687    i.im_ble_addr_get   id_manager.o
    0x00029940   0x00029940   0x000000dc   Code   RO         1688    i.im_ble_evt_handler  id_manager.o
    0x00029a1c   0x00029a1c   0x00000040   Code   RO         1689    i.im_conn_handle_get  id_manager.o
    0x00029a5c   0x00029a5c   0x00000038   Code   RO         1691    i.im_find_duplicate_bonding_data  id_manager.o
    0x00029a94   0x00029a94   0x00000072   Code   RO         1694    i.im_is_duplicate_bonding_data  id_manager.o
    0x00029b06   0x00029b06   0x00000018   Code   RO         1695    i.im_master_id_is_valid  id_manager.o
    0x00029b1e   0x00029b1e   0x0000002a   Code   RO         1696    i.im_master_ids_compare  id_manager.o
    0x00029b48   0x00029b48   0x00000014   Code   RO         1697    i.im_new_peer_id    id_manager.o
    0x00029b5c   0x00029b5c   0x0000002c   Code   RO         1698    i.im_peer_free      id_manager.o
    0x00029b88   0x00029b88   0x00000024   Code   RO         1699    i.im_peer_id_get_by_conn_handle  id_manager.o
    0x00029bac   0x00029bac   0x0000003c   Code   RO         1700    i.im_peer_id_get_by_master_id  id_manager.o
    0x00029be8   0x00029be8   0x00000034   Code   RO         5874    i.init              nrf_fstorage_sd.o
    0x00029c1c   0x00029c1c   0x000000c8   Code   RO         5062    i.init_execute      fds.o
    0x00029ce4   0x00029ce4   0x00000014   Code   RO         1072    i.instance_get      ble_conn_params.o
    0x00029cf8   0x00029cf8   0x000000a6   Code   RO         5746    i.int_print         nrf_fprintf_format.o
    0x00029d9e   0x00029d9e   0x00000002   PAD
    0x00029da0   0x00029da0   0x00000088   Code   RO         4206    i.interrupts_enable  nrfx_uarte.o
    0x00029e28   0x00029e28   0x00000034   Code   RO         6527    i.invalid_packets_omit  nrf_log_frontend.o
    0x00029e5c   0x00029e5c   0x00000010   Code   RO         5875    i.is_busy           nrf_fstorage_sd.o
    0x00029e6c   0x00029e6c   0x00000044   Code   RO         1073    i.is_conn_params_ok  ble_conn_params.o
    0x00029eb0   0x00029eb0   0x00000014   Code   RO         1705    i.is_valid_irk      id_manager.o
    0x00029ec4   0x00029ec4   0x0000000c   Code   RO         5063    i.is_word_aligned   fds.o
    0x00029ed0   0x00029ed0   0x00000030   Code   RO          531    i.leds_off          bsp.o
    0x00029f00   0x00029f00   0x00000014   Code   RO          532    i.leds_timer_handler  bsp.o
    0x00029f14   0x00029f14   0x00000014   Code   RO         1857    i.link_init         nrf_ble_gatt.o
    0x00029f28   0x00029f28   0x000000d0   Code   RO         2955    i.link_secure       security_manager.o
    0x00029ff8   0x00029ff8   0x0000003c   Code   RO         2816    i.link_secure_failure  security_dispatcher.o
    0x0002a034   0x0002a034   0x0000002c   Code   RO         2956    i.link_secure_pending_handle  security_manager.o
    0x0002a060   0x0002a060   0x000000a8   Code   RO         1412    i.local_db_apply_in_evt  gatt_cache_manager.o
    0x0002a108   0x0002a108   0x00000010   Code   RO         1413    i.local_db_update   gatt_cache_manager.o
    0x0002a118   0x0002a118   0x0000010c   Code   RO         1414    i.local_db_update_in_evt  gatt_cache_manager.o
    0x0002a224   0x0002a224   0x000000a4   Code   RO         6528    i.log_skip          nrf_log_frontend.o
    0x0002a2c8   0x0002a2c8   0x00000198   Code   RO           10    i.main              main.o
    0x0002a460   0x0002a460   0x00000064   Code   RO          806    i.manuf_specific_data_encode  ble_advdata.o
    0x0002a4c4   0x0002a4c4   0x0000007e   Code   RO         5984    i.memobj_op         nrf_memobj.o
    0x0002a542   0x0002a542   0x00000002   PAD
    0x0002a544   0x0002a544   0x00000030   Code   RO         6529    i.module_idx_get    nrf_log_frontend.o
    0x0002a574   0x0002a574   0x00000008   Code   RO         2763    i.mutex_lock_status_get  pm_buffer.o
    0x0002a57c   0x0002a57c   0x000000a6   Code   RO          807    i.name_encode       ble_advdata.o
    0x0002a622   0x0002a622   0x00000002   PAD
    0x0002a624   0x0002a624   0x00000014   Code   RO         2957    i.new_context_get   security_manager.o
    0x0002a638   0x0002a638   0x00000032   Code   RO         2958    i.new_evt           security_manager.o
    0x0002a66a   0x0002a66a   0x00000030   Code   RO         2265    i.next_id_get       peer_id.o
    0x0002a69a   0x0002a69a   0x00000010   Code   RO         5399    i.nrf_atfifo_clear  nrf_atfifo.o
    0x0002a6aa   0x0002a6aa   0x00000026   Code   RO         5401    i.nrf_atfifo_init   nrf_atfifo.o
    0x0002a6d0   0x0002a6d0   0x00000016   Code   RO         5402    i.nrf_atfifo_item_alloc  nrf_atfifo.o
    0x0002a6e6   0x0002a6e6   0x00000016   Code   RO         5403    i.nrf_atfifo_item_free  nrf_atfifo.o
    0x0002a6fc   0x0002a6fc   0x00000016   Code   RO         5404    i.nrf_atfifo_item_get  nrf_atfifo.o
    0x0002a712   0x0002a712   0x00000016   Code   RO         5405    i.nrf_atfifo_item_put  nrf_atfifo.o
    0x0002a728   0x0002a728   0x00000016   Code   RO         5467    i.nrf_atflags_clear  nrf_atflags.o
    0x0002a73e   0x0002a73e   0x00000020   Code   RO         5469    i.nrf_atflags_fetch_set  nrf_atflags.o
    0x0002a75e   0x0002a75e   0x0000004a   Code   RO         5471    i.nrf_atflags_find_and_set_flag  nrf_atflags.o
    0x0002a7a8   0x0002a7a8   0x00000016   Code   RO         5472    i.nrf_atflags_get   nrf_atflags.o
    0x0002a7be   0x0002a7be   0x00000014   Code   RO         5474    i.nrf_atflags_set   nrf_atflags.o
    0x0002a7d2   0x0002a7d2   0x00000006   Code   RO         5535    i.nrf_atomic_flag_clear_fetch  nrf_atomic.o
    0x0002a7d8   0x0002a7d8   0x00000006   Code   RO         5536    i.nrf_atomic_flag_set  nrf_atomic.o
    0x0002a7de   0x0002a7de   0x00000006   Code   RO         5537    i.nrf_atomic_flag_set_fetch  nrf_atomic.o
    0x0002a7e4   0x0002a7e4   0x0000000c   Code   RO         5538    i.nrf_atomic_u32_add  nrf_atomic.o
    0x0002a7f0   0x0002a7f0   0x0000000c   Code   RO         5539    i.nrf_atomic_u32_and  nrf_atomic.o
    0x0002a7fc   0x0002a7fc   0x0000000a   Code   RO         5541    i.nrf_atomic_u32_fetch_add  nrf_atomic.o
    0x0002a806   0x0002a806   0x0000000a   Code   RO         5542    i.nrf_atomic_u32_fetch_and  nrf_atomic.o
    0x0002a810   0x0002a810   0x0000000a   Code   RO         5543    i.nrf_atomic_u32_fetch_or  nrf_atomic.o
    0x0002a81a   0x0002a81a   0x0000000a   Code   RO         5544    i.nrf_atomic_u32_fetch_store  nrf_atomic.o
    0x0002a824   0x0002a824   0x0000000c   Code   RO         5548    i.nrf_atomic_u32_or  nrf_atomic.o
    0x0002a830   0x0002a830   0x0000000c   Code   RO         5550    i.nrf_atomic_u32_sub  nrf_atomic.o
    0x0002a83c   0x0002a83c   0x00000044   Code   RO         5669    i.nrf_balloc_alloc  nrf_balloc.o
    0x0002a880   0x0002a880   0x00000030   Code   RO         5670    i.nrf_balloc_free   nrf_balloc.o
    0x0002a8b0   0x0002a8b0   0x00000030   Code   RO         5671    i.nrf_balloc_init   nrf_balloc.o
    0x0002a8e0   0x0002a8e0   0x00000010   Code   RO         3662    i.nrf_bitmask_bit_is_set  nrfx_gpiote.o
    0x0002a8f0   0x0002a8f0   0x00000022   Code   RO         1863    i.nrf_ble_gatt_init  nrf_ble_gatt.o
    0x0002a912   0x0002a912   0x00000002   PAD
    0x0002a914   0x0002a914   0x00000150   Code   RO         1864    i.nrf_ble_gatt_on_ble_evt  nrf_ble_gatt.o
    0x0002aa64   0x0002aa64   0x00000016   Code   RO         1958    i.nrf_ble_qwr_conn_handle_assign  nrf_ble_qwr.o
    0x0002aa7a   0x0002aa7a   0x00000024   Code   RO         1959    i.nrf_ble_qwr_init  nrf_ble_qwr.o
    0x0002aa9e   0x0002aa9e   0x000000b6   Code   RO         1960    i.nrf_ble_qwr_on_ble_evt  nrf_ble_qwr.o
    0x0002ab54   0x0002ab54   0x0000000e   Code   RO         3520    i.nrf_clock_event_check  nrfx_clock.o
    0x0002ab62   0x0002ab62   0x00000010   Code   RO         3521    i.nrf_clock_event_clear  nrfx_clock.o
    0x0002ab72   0x0002ab72   0x00000002   PAD
    0x0002ab74   0x0002ab74   0x00000040   Code   RO         3134    i.nrf_drv_clock_init  nrf_drv_clock.o
    0x0002abb4   0x0002abb4   0x00000034   Code   RO         3138    i.nrf_drv_clock_lfclk_release  nrf_drv_clock.o
    0x0002abe8   0x0002abe8   0x00000068   Code   RO         3328    i.nrf_drv_uart_init  nrf_drv_uart.o
    0x0002ac50   0x0002ac50   0x0000001a   Code   RO         5706    i.nrf_fprintf       nrf_fprintf.o
    0x0002ac6a   0x0002ac6a   0x00000018   Code   RO         5707    i.nrf_fprintf_buffer_flush  nrf_fprintf.o
    0x0002ac82   0x0002ac82   0x000001da   Code   RO         5747    i.nrf_fprintf_fmt   nrf_fprintf_format.o
    0x0002ae5c   0x0002ae5c   0x00000138   Code   RO         5787    i.nrf_fstorage_erase  nrf_fstorage.o
    0x0002af94   0x0002af94   0x00000094   Code   RO         5788    i.nrf_fstorage_init  nrf_fstorage.o
    0x0002b028   0x0002b028   0x00000018   Code   RO         5876    i.nrf_fstorage_sdh_req_handler  nrf_fstorage_sd.o
    0x0002b040   0x0002b040   0x00000020   Code   RO         5877    i.nrf_fstorage_sdh_state_handler  nrf_fstorage_sd.o
    0x0002b060   0x0002b060   0x000000a4   Code   RO         5878    i.nrf_fstorage_sys_evt_handler  nrf_fstorage_sd.o
    0x0002b104   0x0002b104   0x000001dc   Code   RO         5794    i.nrf_fstorage_write  nrf_fstorage.o
    0x0002b2e0   0x0002b2e0   0x00000024   Code   RO          418    i.nrf_gpio_cfg      boards.o
    0x0002b304   0x0002b304   0x00000024   Code   RO         3663    i.nrf_gpio_cfg      nrfx_gpiote.o
    0x0002b328   0x0002b328   0x00000024   Code   RO         4018    i.nrf_gpio_cfg      nrfx_uart.o
    0x0002b34c   0x0002b34c   0x00000024   Code   RO         4207    i.nrf_gpio_cfg      nrfx_uarte.o
    0x0002b370   0x0002b370   0x00000012   Code   RO         4019    i.nrf_gpio_cfg_default  nrfx_uart.o
    0x0002b382   0x0002b382   0x00000012   Code   RO         4208    i.nrf_gpio_cfg_default  nrfx_uarte.o
    0x0002b394   0x0002b394   0x00000012   Code   RO         4020    i.nrf_gpio_cfg_input  nrfx_uart.o
    0x0002b3a6   0x0002b3a6   0x00000012   Code   RO         4209    i.nrf_gpio_cfg_input  nrfx_uarte.o
    0x0002b3b8   0x0002b3b8   0x00000014   Code   RO         4021    i.nrf_gpio_cfg_output  nrfx_uart.o
    0x0002b3cc   0x0002b3cc   0x00000014   Code   RO         4210    i.nrf_gpio_cfg_output  nrfx_uarte.o
    0x0002b3e0   0x0002b3e0   0x00000022   Code   RO         3665    i.nrf_gpio_cfg_sense_set  nrfx_gpiote.o
    0x0002b402   0x0002b402   0x00000002   PAD
    0x0002b404   0x0002b404   0x0000002c   Code   RO         3666    i.nrf_gpio_latches_read_and_clear  nrfx_gpiote.o
    0x0002b430   0x0002b430   0x0000001e   Code   RO         3667    i.nrf_gpio_pin_present_check  nrfx_gpiote.o
    0x0002b44e   0x0002b44e   0x00000016   Code   RO          419    i.nrf_gpio_pin_write  boards.o
    0x0002b464   0x0002b464   0x00000014   Code   RO         3668    i.nrf_gpiote_event_clear  nrfx_gpiote.o
    0x0002b478   0x0002b478   0x00000010   Code   RO         3669    i.nrf_gpiote_event_is_set  nrfx_gpiote.o
    0x0002b488   0x0002b488   0x0000005c   Code   RO         6530    i.nrf_log_backend_add  nrf_log_frontend.o
    0x0002b4e4   0x0002b4e4   0x000000c2   Code   RO         6372    i.nrf_log_backend_serial_put  nrf_log_backend_serial.o
    0x0002b5a6   0x0002b5a6   0x00000002   Code   RO         6412    i.nrf_log_backend_uart_flush  nrf_log_backend_uart.o
    0x0002b5a8   0x0002b5a8   0x00000006   Code   RO         6413    i.nrf_log_backend_uart_init  nrf_log_backend_uart.o
    0x0002b5ae   0x0002b5ae   0x00000002   PAD
    0x0002b5b0   0x0002b5b0   0x0000002c   Code   RO         6414    i.nrf_log_backend_uart_panic_set  nrf_log_backend_uart.o
    0x0002b5dc   0x0002b5dc   0x00000018   Code   RO         6415    i.nrf_log_backend_uart_put  nrf_log_backend_uart.o
    0x0002b5f4   0x0002b5f4   0x00000030   Code   RO         6532    i.nrf_log_color_id_get  nrf_log_frontend.o
    0x0002b624   0x0002b624   0x0000001c   Code   RO         6485    i.nrf_log_default_backends_init  nrf_log_default_backends.o
    0x0002b640   0x0002b640   0x00000234   Code   RO         6533    i.nrf_log_frontend_dequeue  nrf_log_frontend.o
    0x0002b874   0x0002b874   0x00000008   Code   RO         6535    i.nrf_log_frontend_std_0  nrf_log_frontend.o
    0x0002b87c   0x0002b87c   0x0000000e   Code   RO         6536    i.nrf_log_frontend_std_1  nrf_log_frontend.o
    0x0002b88a   0x0002b88a   0x00000010   Code   RO         6537    i.nrf_log_frontend_std_2  nrf_log_frontend.o
    0x0002b89a   0x0002b89a   0x00000012   Code   RO         6538    i.nrf_log_frontend_std_3  nrf_log_frontend.o
    0x0002b8ac   0x0002b8ac   0x00000014   Code   RO         6539    i.nrf_log_frontend_std_4  nrf_log_frontend.o
    0x0002b8c0   0x0002b8c0   0x000000b0   Code   RO         6711    i.nrf_log_hexdump_entry_process  nrf_log_str_formatter.o
    0x0002b970   0x0002b970   0x00000028   Code   RO         6542    i.nrf_log_init      nrf_log_frontend.o
    0x0002b998   0x0002b998   0x00000014   Code   RO         6543    i.nrf_log_module_cnt_get  nrf_log_frontend.o
    0x0002b9ac   0x0002b9ac   0x0000001c   Code   RO         6546    i.nrf_log_module_name_get  nrf_log_frontend.o
    0x0002b9c8   0x0002b9c8   0x00000028   Code   RO         6547    i.nrf_log_panic     nrf_log_frontend.o
    0x0002b9f0   0x0002b9f0   0x000000b6   Code   RO         6712    i.nrf_log_std_entry_process  nrf_log_str_formatter.o
    0x0002baa6   0x0002baa6   0x00000060   Code   RO         5985    i.nrf_memobj_alloc  nrf_memobj.o
    0x0002bb06   0x0002bb06   0x00000032   Code   RO         5986    i.nrf_memobj_free   nrf_memobj.o
    0x0002bb38   0x0002bb38   0x00000008   Code   RO         5987    i.nrf_memobj_get    nrf_memobj.o
    0x0002bb40   0x0002bb40   0x00000004   Code   RO         5988    i.nrf_memobj_pool_init  nrf_memobj.o
    0x0002bb44   0x0002bb44   0x0000001e   Code   RO         5989    i.nrf_memobj_put    nrf_memobj.o
    0x0002bb62   0x0002bb62   0x00000010   Code   RO         5990    i.nrf_memobj_read   nrf_memobj.o
    0x0002bb72   0x0002bb72   0x00000010   Code   RO         5991    i.nrf_memobj_write  nrf_memobj.o
    0x0002bb82   0x0002bb82   0x00000002   PAD
    0x0002bb84   0x0002bb84   0x00000028   Code   RO         6063    i.nrf_pwr_mgmt_init  nrf_pwr_mgmt.o
    0x0002bbac   0x0002bbac   0x00000044   Code   RO         6064    i.nrf_pwr_mgmt_run  nrf_pwr_mgmt.o
    0x0002bbf0   0x0002bbf0   0x00000004   Code   RO           11    i.nrf_qwr_error_handler  main.o
    0x0002bbf4   0x0002bbf4   0x0000001c   Code   RO         6140    i.nrf_ringbuf_init  nrf_ringbuf.o
    0x0002bc10   0x0002bc10   0x0000000c   Code   RO         4882    i.nrf_rtc_event_clear  drv_rtc.o
    0x0002bc1c   0x0002bc1c   0x00000014   Code   RO         7246    i.nrf_sdh_ble_app_ram_start_get  nrf_sdh_ble.o
    0x0002bc30   0x0002bc30   0x00000100   Code   RO         7247    i.nrf_sdh_ble_default_cfg_set  nrf_sdh_ble.o
    0x0002bd30   0x0002bd30   0x00000130   Code   RO         7248    i.nrf_sdh_ble_enable  nrf_sdh_ble.o
    0x0002be60   0x0002be60   0x0000005c   Code   RO         7249    i.nrf_sdh_ble_evts_poll  nrf_sdh_ble.o
    0x0002bebc   0x0002bebc   0x00000054   Code   RO         7127    i.nrf_sdh_disable_request  nrf_sdh.o
    0x0002bf10   0x0002bf10   0x00000074   Code   RO         7128    i.nrf_sdh_enable_request  nrf_sdh.o
    0x0002bf84   0x0002bf84   0x00000024   Code   RO         7129    i.nrf_sdh_evts_poll  nrf_sdh.o
    0x0002bfa8   0x0002bfa8   0x0000000c   Code   RO         7130    i.nrf_sdh_is_enabled  nrf_sdh.o
    0x0002bfb4   0x0002bfb4   0x0000001c   Code   RO         7132    i.nrf_sdh_request_continue  nrf_sdh.o
    0x0002bfd0   0x0002bfd0   0x0000003c   Code   RO         7300    i.nrf_sdh_soc_evts_poll  nrf_sdh_soc.o
    0x0002c00c   0x0002c00c   0x0000000a   Code   RO         6198    i.nrf_section_iter_init  nrf_section_iter.o
    0x0002c016   0x0002c016   0x00000024   Code   RO         6199    i.nrf_section_iter_item_set  nrf_section_iter.o
    0x0002c03a   0x0002c03a   0x00000020   Code   RO         6200    i.nrf_section_iter_next  nrf_section_iter.o
    0x0002c05a   0x0002c05a   0x00000022   Code   RO         6233    i.nrf_sortlist_add  nrf_sortlist.o
    0x0002c07c   0x0002c07c   0x00000006   Code   RO         6235    i.nrf_sortlist_peek  nrf_sortlist.o
    0x0002c082   0x0002c082   0x0000000e   Code   RO         6236    i.nrf_sortlist_pop  nrf_sortlist.o
    0x0002c090   0x0002c090   0x0000001e   Code   RO         6237    i.nrf_sortlist_remove  nrf_sortlist.o
    0x0002c0ae   0x0002c0ae   0x00000002   PAD
    0x0002c0b0   0x0002c0b0   0x00000038   Code   RO         6289    i.nrf_strerror_find  nrf_strerror.o
    0x0002c0e8   0x0002c0e8   0x00000014   Code   RO         6290    i.nrf_strerror_get  nrf_strerror.o
    0x0002c0fc   0x0002c0fc   0x0000000a   Code   RO         4022    i.nrf_uart_event_check  nrfx_uart.o
    0x0002c106   0x0002c106   0x0000000c   Code   RO         4023    i.nrf_uart_event_clear  nrfx_uart.o
    0x0002c112   0x0002c112   0x0000000c   Code   RO         4024    i.nrf_uart_int_enable_check  nrfx_uart.o
    0x0002c11e   0x0002c11e   0x0000000a   Code   RO         4211    i.nrf_uarte_event_check  nrfx_uarte.o
    0x0002c128   0x0002c128   0x0000000c   Code   RO         4212    i.nrf_uarte_event_clear  nrfx_uarte.o
    0x0002c134   0x0002c134   0x00000010   Code   RO         3141    i.nrf_wdt_started   nrf_drv_clock.o
    0x0002c144   0x0002c144   0x0000002c   Code   RO         3526    i.nrfx_clock_enable  nrfx_clock.o
    0x0002c170   0x0002c170   0x00000020   Code   RO         3529    i.nrfx_clock_init   nrfx_clock.o
    0x0002c190   0x0002c190   0x00000030   Code   RO         3532    i.nrfx_clock_lfclk_stop  nrfx_clock.o
    0x0002c1c0   0x0002c1c0   0x00000010   Code   RO         4883    i.nrfx_coredep_delay_us  drv_rtc.o
    0x0002c1d0   0x0002c1d0   0x000000a0   Code   RO         3675    i.nrfx_gpiote_in_event_enable  nrfx_gpiote.o
    0x0002c270   0x0002c270   0x000000cc   Code   RO         3677    i.nrfx_gpiote_in_init  nrfx_gpiote.o
    0x0002c33c   0x0002c33c   0x00000014   Code   RO         3678    i.nrfx_gpiote_in_is_set  nrfx_gpiote.o
    0x0002c350   0x0002c350   0x00000074   Code   RO         3680    i.nrfx_gpiote_init  nrfx_gpiote.o
    0x0002c3c4   0x0002c3c4   0x00000014   Code   RO         3681    i.nrfx_gpiote_is_init  nrfx_gpiote.o
    0x0002c3d8   0x0002c3d8   0x00000010   Code   RO         4213    i.nrfx_is_in_ram    nrfx_uarte.o
    0x0002c3e8   0x0002c3e8   0x0000003a   Code   RO         3964    i.nrfx_prs_acquire  nrfx_prs.o
    0x0002c422   0x0002c422   0x00000012   Code   RO         3965    i.nrfx_prs_release  nrfx_prs.o
    0x0002c434   0x0002c434   0x00000010   Code   RO         4025    i.nrfx_uart_0_irq_handler  nrfx_uart.o
    0x0002c444   0x0002c444   0x000000d4   Code   RO         4027    i.nrfx_uart_init    nrfx_uart.o
    0x0002c518   0x0002c518   0x000000a8   Code   RO         4033    i.nrfx_uart_tx      nrfx_uart.o
    0x0002c5c0   0x0002c5c0   0x00000020   Code   RO         4035    i.nrfx_uart_tx_in_progress  nrfx_uart.o
    0x0002c5e0   0x0002c5e0   0x000000c0   Code   RO         4036    i.nrfx_uart_uninit  nrfx_uart.o
    0x0002c6a0   0x0002c6a0   0x00000010   Code   RO         4214    i.nrfx_uarte_0_irq_handler  nrfx_uarte.o
    0x0002c6b0   0x0002c6b0   0x0000006c   Code   RO         4216    i.nrfx_uarte_init   nrfx_uarte.o
    0x0002c71c   0x0002c71c   0x000000ac   Code   RO         4220    i.nrfx_uarte_tx     nrfx_uarte.o
    0x0002c7c8   0x0002c7c8   0x0000001c   Code   RO         4222    i.nrfx_uarte_tx_in_progress  nrfx_uarte.o
    0x0002c7e4   0x0002c7e4   0x00000108   Code   RO         4223    i.nrfx_uarte_uninit  nrfx_uarte.o
    0x0002c8ec   0x0002c8ec   0x00000018   Code   RO         7344    i.nvmc_config       system_nrf52.o
    0x0002c904   0x0002c904   0x00000054   Code   RO           12    i.on_adv_evt        main.o
    0x0002c958   0x0002c958   0x0000001c   Code   RO           13    i.on_conn_params_evt  main.o
    0x0002c974   0x0002c974   0x000000a8   Code   RO         1865    i.on_connected_evt  nrf_ble_gatt.o
    0x0002ca1c   0x0002ca1c   0x000000ac   Code   RO         1866    i.on_exchange_mtu_request_evt  nrf_ble_gatt.o
    0x0002cac8   0x0002cac8   0x00000024   Code   RO         5064    i.page_identify     fds.o
    0x0002caec   0x0002caec   0x0000001c   Code   RO         5065    i.page_offsets_update  fds.o
    0x0002cb08   0x0002cb08   0x0000006c   Code   RO         5066    i.page_scan         fds.o
    0x0002cb74   0x0002cb74   0x0000001c   Code   RO         5067    i.page_tag_write_data  fds.o
    0x0002cb90   0x0002cb90   0x00000024   Code   RO         5068    i.page_tag_write_swap  fds.o
    0x0002cbb4   0x0002cbb4   0x00000130   Code   RO         5069    i.pages_init        fds.o
    0x0002cce4   0x0002cce4   0x0000000c   Code   RO         2817    i.pairing           security_dispatcher.o
    0x0002ccf0   0x0002ccf0   0x00000074   Code   RO         2818    i.pairing_failure   security_dispatcher.o
    0x0002cd64   0x0002cd64   0x0000002e   Code   RO         2819    i.pairing_success_evt_send  security_dispatcher.o
    0x0002cd92   0x0002cd92   0x00000006   Code   RO         2959    i.params_reply_pending_handle  security_manager.o
    0x0002cd98   0x0002cd98   0x00000020   Code   RO         2960    i.params_req_send   security_manager.o
    0x0002cdb8   0x0002cdb8   0x0000001c   Code   RO         2145    i.pdb_evt_send      peer_database.o
    0x0002cdd4   0x0002cdd4   0x00000090   Code   RO         2146    i.pdb_init          peer_database.o
    0x0002ce64   0x0002ce64   0x0000007c   Code   RO         2147    i.pdb_pds_evt_handler  peer_database.o
    0x0002cee0   0x0002cee0   0x00000006   Code   RO         2148    i.pdb_peer_data_ptr_get  peer_database.o
    0x0002cee6   0x0002cee6   0x00000002   PAD
    0x0002cee8   0x0002cee8   0x0000008c   Code   RO         2149    i.pdb_peer_free     peer_database.o
    0x0002cf74   0x0002cf74   0x000000dc   Code   RO         2150    i.pdb_write_buf_get  peer_database.o
    0x0002d050   0x0002d050   0x00000014   Code   RO         2151    i.pdb_write_buf_release  peer_database.o
    0x0002d064   0x0002d064   0x00000036   Code   RO         2152    i.pdb_write_buf_store  peer_database.o
    0x0002d09a   0x0002d09a   0x00000002   PAD
    0x0002d09c   0x0002d09c   0x00000010   Code   RO         2004    i.pds_evt_send      peer_data_storage.o
    0x0002d0ac   0x0002d0ac   0x000000dc   Code   RO         2005    i.pds_init          peer_data_storage.o
    0x0002d188   0x0002d188   0x00000004   Code   RO         2006    i.pds_next_deleted_peer_id_get  peer_data_storage.o
    0x0002d18c   0x0002d18c   0x00000004   Code   RO         2007    i.pds_next_peer_id_get  peer_data_storage.o
    0x0002d190   0x0002d190   0x00000058   Code   RO         2010    i.pds_peer_data_iterate  peer_data_storage.o
    0x0002d1e8   0x0002d1e8   0x00000010   Code   RO         2011    i.pds_peer_data_iterate_prepare  peer_data_storage.o
    0x0002d1f8   0x0002d1f8   0x00000072   Code   RO         2012    i.pds_peer_data_read  peer_data_storage.o
    0x0002d26a   0x0002d26a   0x00000002   PAD
    0x0002d26c   0x0002d26c   0x000000b4   Code   RO         2013    i.pds_peer_data_store  peer_data_storage.o
    0x0002d320   0x0002d320   0x00000008   Code   RO         2014    i.pds_peer_id_allocate  peer_data_storage.o
    0x0002d328   0x0002d328   0x00000016   Code   RO         2015    i.pds_peer_id_free  peer_data_storage.o
    0x0002d33e   0x0002d33e   0x00000004   Code   RO         2016    i.pds_peer_id_is_allocated  peer_data_storage.o
    0x0002d342   0x0002d342   0x00000002   PAD
    0x0002d344   0x0002d344   0x000000a8   Code   RO         2018    i.peer_data_delete_process  peer_data_storage.o
    0x0002d3ec   0x0002d3ec   0x00000030   Code   RO         2019    i.peer_data_find    peer_data_storage.o
    0x0002d41c   0x0002d41c   0x00000024   Code   RO         2020    i.peer_data_id_is_valid  peer_data_storage.o
    0x0002d440   0x0002d440   0x0000001a   Code   RO         2153    i.peer_data_point_to_buffer  peer_database.o
    0x0002d45a   0x0002d45a   0x00000002   PAD
    0x0002d45c   0x0002d45c   0x0000000c   Code   RO         2266    i.peer_id_allocate  peer_id.o
    0x0002d468   0x0002d468   0x00000024   Code   RO         2267    i.peer_id_delete    peer_id.o
    0x0002d48c   0x0002d48c   0x0000001c   Code   RO         2268    i.peer_id_free      peer_id.o
    0x0002d4a8   0x0002d4a8   0x0000000c   Code   RO         2269    i.peer_id_get_next_deleted  peer_id.o
    0x0002d4b4   0x0002d4b4   0x00000030   Code   RO         2270    i.peer_id_get_next_used  peer_id.o
    0x0002d4e4   0x0002d4e4   0x0000000c   Code   RO         2271    i.peer_id_init      peer_id.o
    0x0002d4f0   0x0002d4f0   0x00000014   Code   RO         2272    i.peer_id_is_allocated  peer_id.o
    0x0002d504   0x0002d504   0x00000014   Code   RO         2273    i.peer_id_is_deleted  peer_id.o
    0x0002d518   0x0002d518   0x0000006c   Code   RO           14    i.peer_manager_init  main.o
    0x0002d584   0x0002d584   0x00000012   Code   RO          948    i.phy_is_valid      ble_advertising.o
    0x0002d596   0x0002d596   0x00000002   PAD
    0x0002d598   0x0002d598   0x0000001c   Code   RO         3699    i.pin_configured_set  nrfx_gpiote.o
    0x0002d5b4   0x0002d5b4   0x00000018   Code   RO         3700    i.pin_in_use_by_port  nrfx_gpiote.o
    0x0002d5cc   0x0002d5cc   0x00000018   Code   RO         3701    i.pin_in_use_by_te  nrfx_gpiote.o
    0x0002d5e4   0x0002d5e4   0x00000064   Code   RO         2764    i.pm_buffer_block_acquire  pm_buffer.o
    0x0002d648   0x0002d648   0x00000024   Code   RO         2765    i.pm_buffer_init    pm_buffer.o
    0x0002d66c   0x0002d66c   0x00000028   Code   RO         2766    i.pm_buffer_ptr_get  pm_buffer.o
    0x0002d694   0x0002d694   0x00000032   Code   RO         2767    i.pm_buffer_release  pm_buffer.o
    0x0002d6c6   0x0002d6c6   0x00000002   PAD
    0x0002d6c8   0x0002d6c8   0x00000014   Code   RO         2360    i.pm_conn_sec_status_get  peer_manager.o
    0x0002d6dc   0x0002d6dc   0x0000001c   Code   RO         2361    i.pm_conn_secure    peer_manager.o
    0x0002d6f8   0x0002d6f8   0x00000020   Code   RO           15    i.pm_evt_handler    main.o
    0x0002d718   0x0002d718   0x00000004   Code   RO         2363    i.pm_gcm_evt_handler  peer_manager.o
    0x0002d71c   0x0002d71c   0x00000004   Code   RO         2364    i.pm_gscm_evt_handler  peer_manager.o
    0x0002d720   0x0002d720   0x00000244   Code   RO         2667    i.pm_handler_flash_clean  peer_manager_handler.o
    0x0002d964   0x0002d964   0x0000001c   Code   RO         2668    i.pm_handler_flash_clean_on_return  peer_manager_handler.o
    0x0002d980   0x0002d980   0x00000054   Code   RO         2669    i.pm_handler_on_pm_evt  peer_manager_handler.o
    0x0002d9d4   0x0002d9d4   0x00000310   Code   RO         2670    i.pm_handler_pm_evt_log  peer_manager_handler.o
    0x0002dce4   0x0002dce4   0x00000004   Code   RO         2367    i.pm_im_evt_handler  peer_manager.o
    0x0002dce8   0x0002dce8   0x000001bc   Code   RO         2368    i.pm_init           peer_manager.o
    0x0002dea4   0x0002dea4   0x00000118   Code   RO         2372    i.pm_pdb_evt_handler  peer_manager.o
    0x0002dfbc   0x0002dfbc   0x00000014   Code   RO         2383    i.pm_peer_delete    peer_manager.o
    0x0002dfd0   0x0002dfd0   0x0000011c   Code   RO         2387    i.pm_peer_rank_highest  peer_manager.o
    0x0002e0ec   0x0002e0ec   0x000000e8   Code   RO         2388    i.pm_peer_ranks_get  peer_manager.o
    0x0002e1d4   0x0002e1d4   0x00000094   Code   RO         2389    i.pm_peers_delete   peer_manager.o
    0x0002e268   0x0002e268   0x0000002c   Code   RO         2392    i.pm_register       peer_manager.o
    0x0002e294   0x0002e294   0x00000014   Code   RO         2394    i.pm_sec_params_set  peer_manager.o
    0x0002e2a8   0x0002e2a8   0x0000000a   Code   RO         2395    i.pm_sm_evt_handler  peer_manager.o
    0x0002e2b2   0x0002e2b2   0x00000002   PAD
    0x0002e2b4   0x0002e2b4   0x000000b4   Code   RO         3702    i.port_event_handle  nrfx_gpiote.o
    0x0002e368   0x0002e368   0x00000010   Code   RO         3703    i.port_handler_polarity_get  nrfx_gpiote.o
    0x0002e378   0x0002e378   0x0000003c   Code   RO         6714    i.postfix_process   nrf_log_str_formatter.o
    0x0002e3b4   0x0002e3b4   0x00000098   Code   RO         6715    i.prefix_process    nrf_log_str_formatter.o
    0x0002e44c   0x0002e44c   0x00000018   Code   RO         3966    i.prs_box_get       nrfx_prs.o
    0x0002e464   0x0002e464   0x0000001c   Code   RO         5070    i.queue_buf_get     fds.o
    0x0002e480   0x0002e480   0x00000010   Code   RO         5071    i.queue_buf_store   fds.o
    0x0002e490   0x0002e490   0x00000014   Code   RO         5879    i.queue_free        nrf_fstorage_sd.o
    0x0002e4a4   0x0002e4a4   0x000000a4   Code   RO         5072    i.queue_process     fds.o
    0x0002e548   0x0002e548   0x000000a0   Code   RO         5880    i.queue_process     nrf_fstorage_sd.o
    0x0002e5e8   0x0002e5e8   0x0000001c   Code   RO         5073    i.queue_start       fds.o
    0x0002e604   0x0002e604   0x00000024   Code   RO         5881    i.queue_start       nrf_fstorage_sd.o
    0x0002e628   0x0002e628   0x0000001c   Code   RO         2673    i.rank_highest      peer_manager_handler.o
    0x0002e644   0x0002e644   0x00000034   Code   RO         2398    i.rank_vars_update  peer_manager.o
    0x0002e678   0x0002e678   0x0000000e   Code   RO         5882    i.read              nrf_fstorage_sd.o
    0x0002e686   0x0002e686   0x00000002   PAD
    0x0002e688   0x0002e688   0x000000a8   Code   RO         2154    i.reattempt_previous_operations  peer_database.o
    0x0002e730   0x0002e730   0x00000090   Code   RO         5074    i.record_find       fds.o
    0x0002e7c0   0x0002e7c0   0x000000a0   Code   RO         5075    i.record_find_by_desc  fds.o
    0x0002e860   0x0002e860   0x0000005c   Code   RO         5076    i.record_find_next  fds.o
    0x0002e8bc   0x0002e8bc   0x0000003c   Code   RO         5077    i.record_header_flag_dirty  fds.o
    0x0002e8f8   0x0002e8f8   0x00000088   Code   RO         5078    i.records_stat      fds.o
    0x0002e980   0x0002e980   0x00000010   Code   RO         2275    i.release           peer_id.o
    0x0002e990   0x0002e990   0x00000004   Code   RO         5883    i.rmap              nrf_fstorage_sd.o
    0x0002e994   0x0002e994   0x0000005c   Code   RO         4635    i.rtc_irq           app_timer2.o
    0x0002e9f0   0x0002e9f0   0x00000064   Code   RO         4636    i.rtc_schedule      app_timer2.o
    0x0002ea54   0x0002ea54   0x00000074   Code   RO         4637    i.rtc_update        app_timer2.o
    0x0002eac8   0x0002eac8   0x00000032   Code   RO         4037    i.rx_byte           nrfx_uart.o
    0x0002eafa   0x0002eafa   0x00000016   Code   RO         4038    i.rx_done_event     nrfx_uart.o
    0x0002eb10   0x0002eb10   0x00000016   Code   RO         4224    i.rx_done_event     nrfx_uarte.o
    0x0002eb26   0x0002eb26   0x00000002   PAD
    0x0002eb28   0x0002eb28   0x00000024   Code   RO         1415    i.sc_send_pending_handle  gatt_cache_manager.o
    0x0002eb4c   0x0002eb4c   0x00000058   Code   RO         3142    i.sd_state_evt_handler  nrf_drv_clock.o
    0x0002eba4   0x0002eba4   0x00000030   Code   RO         7135    i.sdh_request_observer_notify  nrf_sdh.o
    0x0002ebd4   0x0002ebd4   0x0000002c   Code   RO         7136    i.sdh_state_observer_notify  nrf_sdh.o
    0x0002ec00   0x0002ec00   0x000000d8   Code   RO         2820    i.sec_info_request_process  security_dispatcher.o
    0x0002ecd8   0x0002ecd8   0x000000f4   Code   RO         2821    i.sec_keyset_fill   security_dispatcher.o
    0x0002edcc   0x0002edcc   0x00000076   Code   RO         2961    i.sec_params_verify  security_manager.o
    0x0002ee42   0x0002ee42   0x00000002   PAD
    0x0002ee44   0x0002ee44   0x00000060   Code   RO         2822    i.sec_proc_start    security_dispatcher.o
    0x0002eea4   0x0002eea4   0x0000005c   Code   RO         2962    i.sec_req_process   security_manager.o
    0x0002ef00   0x0002ef00   0x00000022   Code   RO         2823    i.send_config_req   security_dispatcher.o
    0x0002ef22   0x0002ef22   0x00000002   PAD
    0x0002ef24   0x0002ef24   0x00000010   Code   RO         1074    i.send_error_evt    ble_conn_params.o
    0x0002ef34   0x0002ef34   0x00000028   Code   RO         1416    i.send_unexpected_error  gatt_cache_manager.o
    0x0002ef5c   0x0002ef5c   0x00000028   Code   RO         2824    i.send_unexpected_error  security_dispatcher.o
    0x0002ef84   0x0002ef84   0x00000040   Code   RO         6416    i.serial_tx         nrf_log_backend_uart.o
    0x0002efc4   0x0002efc4   0x00000014   Code   RO         1417    i.service_changed_pending_flags_check  gatt_cache_manager.o
    0x0002efd8   0x0002efd8   0x00000094   Code   RO         1598    i.service_changed_pending_set  gatts_cache_manager.o
    0x0002f06c   0x0002f06c   0x00000168   Code   RO         1418    i.service_changed_send_in_evt  gatt_cache_manager.o
    0x0002f1d4   0x0002f1d4   0x00000088   Code   RO          808    i.service_data_encode  ble_advdata.o
    0x0002f25c   0x0002f25c   0x00000028   Code   RO           16    i.sleep_mode_enter  main.o
    0x0002f284   0x0002f284   0x0000002c   Code   RO         2963    i.sm_ble_evt_handler  security_manager.o
    0x0002f2b0   0x0002f2b0   0x000000a2   Code   RO         2965    i.sm_conn_sec_status_get  security_manager.o
    0x0002f352   0x0002f352   0x00000002   PAD
    0x0002f354   0x0002f354   0x00000058   Code   RO         2966    i.sm_init           security_manager.o
    0x0002f3ac   0x0002f3ac   0x0000000a   Code   RO         2968    i.sm_link_secure    security_manager.o
    0x0002f3b6   0x0002f3b6   0x00000002   PAD
    0x0002f3b8   0x0002f3b8   0x00000044   Code   RO         2969    i.sm_pdb_evt_handler  security_manager.o
    0x0002f3fc   0x0002f3fc   0x00000028   Code   RO         2970    i.sm_sec_is_sufficient  security_manager.o
    0x0002f424   0x0002f424   0x00000034   Code   RO         2972    i.sm_sec_params_set  security_manager.o
    0x0002f458   0x0002f458   0x0000002c   Code   RO         2973    i.sm_smd_evt_handler  security_manager.o
    0x0002f484   0x0002f484   0x000000f4   Code   RO         2825    i.smd_ble_evt_handler  security_dispatcher.o
    0x0002f578   0x0002f578   0x00000068   Code   RO         2827    i.smd_init          security_dispatcher.o
    0x0002f5e0   0x0002f5e0   0x00000028   Code   RO         2828    i.smd_link_secure   security_dispatcher.o
    0x0002f608   0x0002f608   0x000000ac   Code   RO         2829    i.smd_params_reply  security_dispatcher.o
    0x0002f6b4   0x0002f6b4   0x00000040   Code   RO         2974    i.smd_params_reply_perform  security_manager.o
    0x0002f6f4   0x0002f6f4   0x00000018   Code   RO         3143    i.soc_evt_handler   nrf_drv_clock.o
    0x0002f70c   0x0002f70c   0x00000040   Code   RO         7137    i.softdevice_evt_irq_disable  nrf_sdh.o
    0x0002f74c   0x0002f74c   0x00000058   Code   RO         7138    i.softdevices_evt_irq_enable  nrf_sdh.o
    0x0002f7a4   0x0002f7a4   0x0000000c   Code   RO         4638    i.sortlist_pop      app_timer2.o
    0x0002f7b0   0x0002f7b0   0x00000030   Code   RO         4373    i.state_set         app_button.o
    0x0002f7e0   0x0002f7e0   0x00000094   Code   RO         6549    i.std_n             nrf_log_frontend.o
    0x0002f874   0x0002f874   0x0000006c   Code   RO         1419    i.store_car_value   gatt_cache_manager.o
    0x0002f8e0   0x0002f8e0   0x00000058   Code   RO         4639    i.timer_expire      app_timer2.o
    0x0002f938   0x0002f938   0x00000078   Code   RO         4640    i.timer_req_process  app_timer2.o
    0x0002f9b0   0x0002f9b0   0x00000038   Code   RO         4641    i.timer_req_schedule  app_timer2.o
    0x0002f9e8   0x0002f9e8   0x00000018   Code   RO         4374    i.timer_start       app_button.o
    0x0002fa00   0x0002fa00   0x00000020   Code   RO         4040    i.tx_byte           nrfx_uart.o
    0x0002fa20   0x0002fa20   0x0000001a   Code   RO         4041    i.tx_done_event     nrfx_uart.o
    0x0002fa3a   0x0002fa3a   0x0000001a   Code   RO         4225    i.tx_done_event     nrfx_uarte.o
    0x0002fa54   0x0002fa54   0x00000030   Code   RO         3329    i.uart_evt_handler  nrf_drv_uart.o
    0x0002fa84   0x0002fa84   0x0000000c   Code   RO         6417    i.uart_evt_handler  nrf_log_backend_uart.o
    0x0002fa90   0x0002fa90   0x00000050   Code   RO         6418    i.uart_init         nrf_log_backend_uart.o
    0x0002fae0   0x0002fae0   0x0000012a   Code   RO         4042    i.uart_irq_handler  nrfx_uart.o
    0x0002fc0a   0x0002fc0a   0x00000002   PAD
    0x0002fc0c   0x0002fc0c   0x00000030   Code   RO         3330    i.uarte_evt_handler  nrf_drv_uart.o
    0x0002fc3c   0x0002fc3c   0x00000112   Code   RO         4226    i.uarte_irq_handler  nrfx_uarte.o
    0x0002fd4e   0x0002fd4e   0x0000000a   Code   RO          809    i.uint16_encode     ble_advdata.o
    0x0002fd58   0x0002fd58   0x00000020   Code   RO         5884    i.uninit            nrf_fstorage_sd.o
    0x0002fd78   0x0002fd78   0x000000b4   Code   RO         5748    i.unsigned_print    nrf_fprintf_format.o
    0x0002fe2c   0x0002fe2c   0x00000030   Code   RO         1420    i.update_pending_flags_check  gatt_cache_manager.o
    0x0002fe5c   0x0002fe5c   0x00000068   Code   RO         1075    i.update_timeout_handler  ble_conn_params.o
    0x0002fec4   0x0002fec4   0x00000018   Code   RO          949    i.use_whitelist     ble_advertising.o
    0x0002fedc   0x0002fedc   0x0000000c   Code   RO         1183    i.user_flag_is_acquired  ble_conn_state.o
    0x0002fee8   0x0002fee8   0x00000024   Code   RO         1961    i.user_mem_reply    nrf_ble_qwr.o
    0x0002ff0c   0x0002ff0c   0x00000020   Code   RO         4375    i.usr_event         app_button.o
    0x0002ff2c   0x0002ff2c   0x00000030   Code   RO          810    i.uuid_list_encode  ble_advdata.o
    0x0002ff5c   0x0002ff5c   0x0000009e   Code   RO          811    i.uuid_list_sized_encode  ble_advdata.o
    0x0002fffa   0x0002fffa   0x0000003a   Code   RO          533    i.wakeup_button_cfg  bsp.o
    0x00030034   0x00030034   0x00000004   Code   RO         5885    i.wmap              nrf_fstorage_sd.o
    0x00030038   0x00030038   0x00000050   Code   RO         5886    i.write             nrf_fstorage_sd.o
    0x00030088   0x00030088   0x0000014c   Code   RO         2155    i.write_buf_store   peer_database.o
    0x000301d4   0x000301d4   0x00000034   Code   RO         2156    i.write_buffer_record_find  peer_database.o
    0x00030208   0x00030208   0x00000030   Code   RO         2157    i.write_buffer_record_find_next  peer_database.o
    0x00030238   0x00030238   0x0000001c   Code   RO         2158    i.write_buffer_record_invalidate  peer_database.o
    0x00030254   0x00030254   0x0000002c   Code   RO         2159    i.write_buffer_record_release  peer_database.o
    0x00030280   0x00030280   0x000000f4   Code   RO         5079    i.write_enqueue     fds.o
    0x00030374   0x00030374   0x000000f8   Code   RO         5080    i.write_execute     fds.o
    0x0003046c   0x0003046c   0x00000018   Code   RO         5081    i.write_space_free  fds.o
    0x00030484   0x00030484   0x00000060   Code   RO         5082    i.write_space_reserve  fds.o
    0x000304e4   0x000304e4   0x00000008   Data   RO          420    .constdata          boards.o
    0x000304ec   0x000304ec   0x0000002c   Data   RO          538    .constdata          bsp.o
    0x00030518   0x00030518   0x0000006c   Data   RO         1421    .constdata          gatt_cache_manager.o
    0x00030584   0x00030584   0x00000004   Data   RO         1599    .constdata          gatts_cache_manager.o
    0x00030588   0x00030588   0x00000010   Data   RO         1600    .constdata          gatts_cache_manager.o
    0x00030598   0x00030598   0x00000004   Data   RO         1601    .constdata          gatts_cache_manager.o
    0x0003059c   0x0003059c   0x00000008   Data   RO         1708    .constdata          id_manager.o
    0x000305a4   0x000305a4   0x00000016   Data   RO         1867    .constdata          nrf_ble_gatt.o
    0x000305ba   0x000305ba   0x00000002   PAD
    0x000305bc   0x000305bc   0x00000018   Data   RO         2021    .constdata          peer_data_storage.o
    0x000305d4   0x000305d4   0x00000010   Data   RO         2161    .constdata          peer_database.o
    0x000305e4   0x000305e4   0x0000002c   Data   RO         2400    .constdata          peer_manager.o
    0x00030610   0x00030610   0x00000014   Data   RO         2676    .constdata          peer_manager_handler.o
    0x00030624   0x00030624   0x00000078   Data   RO         2831    .constdata          security_dispatcher.o
    0x0003069c   0x0003069c   0x00000008   Data   RO         2975    .constdata          security_manager.o
    0x000306a4   0x000306a4   0x00000004   Data   RO         3705    .constdata          nrfx_gpiote.o
    0x000306a8   0x000306a8   0x00000004   Data   RO         4045    .constdata          nrfx_uart.o
    0x000306ac   0x000306ac   0x00000004   Data   RO         4229    .constdata          nrfx_uarte.o
    0x000306b0   0x000306b0   0x00000008   Data   RO         4378    .constdata          app_button.o
    0x000306b8   0x000306b8   0x00000014   Data   RO         4644    .constdata          app_timer2.o
    0x000306cc   0x000306cc   0x00000004   PAD
    0x000306d0   0x000306d0   0x00000006   Data   RO         4884    .constdata          drv_rtc.o
    0x000306d6   0x000306d6   0x00000002   PAD
    0x000306d8   0x000306d8   0x00000018   Data   RO         5085    .constdata          fds.o
    0x000306f0   0x000306f0   0x00000010   Data   RO         5749    .constdata          nrf_fprintf_format.o
    0x00030700   0x00030700   0x0000005e   Data   RO         5795    .constdata          nrf_fstorage.o
    0x0003075e   0x0003075e   0x00000002   PAD
    0x00030760   0x00030760   0x00000010   Data   RO         5889    .constdata          nrf_fstorage_sd.o
    0x00030770   0x00030770   0x00000020   Data   RO         5890    .constdata          nrf_fstorage_sd.o
    0x00030790   0x00030790   0x00000018   Data   RO         6068    .constdata          nrf_pwr_mgmt.o
    0x000307a8   0x000307a8   0x0000000c   Data   RO         6069    .constdata          nrf_pwr_mgmt.o
    0x000307b4   0x000307b4   0x0000013c   Data   RO         6291    .constdata          nrf_strerror.o
    0x000308f0   0x000308f0   0x0000000c   Data   RO         6420    .constdata          nrf_log_backend_uart.o
    0x000308fc   0x000308fc   0x00000020   Data   RO         6421    .constdata          nrf_log_backend_uart.o
    0x0003091c   0x0003091c   0x0000000c   Data   RO         6554    .constdata          nrf_log_frontend.o
    0x00030928   0x00030928   0x00000010   Data   RO         7139    .constdata          nrf_sdh.o
    0x00030938   0x00030938   0x00000028   Data   RO         7140    .constdata          nrf_sdh.o
    0x00030960   0x00030960   0x00000010   Data   RO         7141    .constdata          nrf_sdh.o
    0x00030970   0x00030970   0x00000010   Data   RO         7142    .constdata          nrf_sdh.o
    0x00030980   0x00030980   0x00000020   Data   RO         7250    .constdata          nrf_sdh_ble.o
    0x000309a0   0x000309a0   0x00000010   Data   RO         7251    .constdata          nrf_sdh_ble.o
    0x000309b0   0x000309b0   0x00000010   Data   RO         7301    .constdata          nrf_sdh_soc.o
    0x000309c0   0x000309c0   0x0000000c   Data   RO         7302    .constdata          nrf_sdh_soc.o
    0x000309cc   0x000309cc   0x00000081   Data   RO         7413    .constdata          mc_w.l(ctype_o.o)
    0x00030a4d   0x00030a4d   0x00000003   PAD
    0x00030a50   0x00030a50   0x00000004   Data   RO         7414    .constdata          mc_w.l(ctype_o.o)
    0x00030a54   0x00030a54   0x000001a4   Data   RO         1422    .conststring        gatt_cache_manager.o
    0x00030bf8   0x00030bf8   0x0000019c   Data   RO         1602    .conststring        gatts_cache_manager.o
    0x00030d94   0x00030d94   0x000000a2   Data   RO         1868    .conststring        nrf_ble_gatt.o
    0x00030e36   0x00030e36   0x00000002   PAD
    0x00030e38   0x00030e38   0x000000e8   Data   RO         2022    .conststring        peer_data_storage.o
    0x00030f20   0x00030f20   0x00000180   Data   RO         2162    .conststring        peer_database.o
    0x000310a0   0x000310a0   0x00000090   Data   RO         2401    .conststring        peer_manager.o
    0x00031130   0x00031130   0x0000030f   Data   RO         2677    .conststring        peer_manager_handler.o
    0x0003143f   0x0003143f   0x00000001   PAD
    0x00031440   0x00031440   0x000002b2   Data   RO         2832    .conststring        security_dispatcher.o
    0x000316f2   0x000316f2   0x00000002   PAD
    0x000316f4   0x000316f4   0x0000017b   Data   RO         2976    .conststring        security_manager.o
    0x0003186f   0x0003186f   0x00000001   PAD
    0x00031870   0x00031870   0x0000004f   Data   RO         5796    .conststring        nrf_fstorage.o
    0x000318bf   0x000318bf   0x00000001   PAD
    0x000318c0   0x000318c0   0x000003eb   Data   RO         6292    .conststring        nrf_strerror.o
    0x00031cab   0x00031cab   0x00000001   PAD
    0x00031cac   0x00031cac   0x00000066   Data   RO         6716    .conststring        nrf_log_str_formatter.o
    0x00031d12   0x00031d12   0x00000002   PAD
    0x00031d14   0x00031d14   0x00000188   Data   RO         7252    .conststring        nrf_sdh_ble.o
    0x00031e9c   0x00031e9c   0x00000011   Data   RO         1423    .conststrlit        gatt_cache_manager.o
    0x00031ead   0x00031ead   0x00000003   PAD
    0x00031eb0   0x00031eb0   0x00000012   Data   RO         1603    .conststrlit        gatts_cache_manager.o
    0x00031ec2   0x00031ec2   0x00000002   PAD
    0x00031ec4   0x00031ec4   0x00000010   Data   RO         1710    .conststrlit        id_manager.o
    0x00031ed4   0x00031ed4   0x0000000d   Data   RO         1869    .conststrlit        nrf_ble_gatt.o
    0x00031ee1   0x00031ee1   0x00000003   PAD
    0x00031ee4   0x00031ee4   0x00000011   Data   RO         2023    .conststrlit        peer_data_storage.o
    0x00031ef5   0x00031ef5   0x00000003   PAD
    0x00031ef8   0x00031ef8   0x00000011   Data   RO         2163    .conststrlit        peer_database.o
    0x00031f09   0x00031f09   0x00000003   PAD
    0x00031f0c   0x00031f0c   0x0000000d   Data   RO         2402    .conststrlit        peer_manager.o
    0x00031f19   0x00031f19   0x00000003   PAD
    0x00031f1c   0x00031f1c   0x00000015   Data   RO         2680    .conststrlit        peer_manager_handler.o
    0x00031f31   0x00031f31   0x00000003   PAD
    0x00031f34   0x00031f34   0x00000011   Data   RO         2833    .conststrlit        security_dispatcher.o
    0x00031f45   0x00031f45   0x00000003   PAD
    0x00031f48   0x00031f48   0x00000010   Data   RO         2977    .conststrlit        security_manager.o
    0x00031f58   0x00031f58   0x00000006   Data   RO         3149    .conststrlit        nrf_drv_clock.o
    0x00031f5e   0x00031f5e   0x00000002   PAD
    0x00031f60   0x00031f60   0x00000006   Data   RO         3536    .conststrlit        nrfx_clock.o
    0x00031f66   0x00031f66   0x00000002   PAD
    0x00031f68   0x00031f68   0x00000007   Data   RO         3709    .conststrlit        nrfx_gpiote.o
    0x00031f6f   0x00031f6f   0x00000001   PAD
    0x00031f70   0x00031f70   0x00000004   Data   RO         3968    .conststrlit        nrfx_prs.o
    0x00031f74   0x00031f74   0x00000005   Data   RO         4048    .conststrlit        nrfx_uart.o
    0x00031f79   0x00031f79   0x00000003   PAD
    0x00031f7c   0x00031f7c   0x00000006   Data   RO         4232    .conststrlit        nrfx_uarte.o
    0x00031f82   0x00031f82   0x00000002   PAD
    0x00031f84   0x00031f84   0x0000000b   Data   RO         4379    .conststrlit        app_button.o
    0x00031f8f   0x00031f8f   0x00000001   PAD
    0x00031f90   0x00031f90   0x0000000a   Data   RO         4645    .conststrlit        app_timer2.o
    0x00031f9a   0x00031f9a   0x00000002   PAD
    0x00031f9c   0x00031f9c   0x0000000d   Data   RO         5797    .conststrlit        nrf_fstorage.o
    0x00031fa9   0x00031fa9   0x00000003   PAD
    0x00031fac   0x00031fac   0x00000009   Data   RO         6070    .conststrlit        nrf_pwr_mgmt.o
    0x00031fb5   0x00031fb5   0x00000003   PAD
    0x00031fb8   0x00031fb8   0x00000009   Data   RO         6238    .conststrlit        nrf_sortlist.o
    0x00031fc1   0x00031fc1   0x00000003   PAD
    0x00031fc4   0x00031fc4   0x00000011   Data   RO         6486    .conststrlit        nrf_log_default_backends.o
    0x00031fd5   0x00031fd5   0x00000003   PAD
    0x00031fd8   0x00031fd8   0x00000004   Data   RO         6555    .conststrlit        nrf_log_frontend.o
    0x00031fdc   0x00031fdc   0x00000008   Data   RO         7143    .conststrlit        nrf_sdh.o
    0x00031fe4   0x00031fe4   0x0000000c   Data   RO         7253    .conststrlit        nrf_sdh_ble.o
    0x00031ff0   0x00031ff0   0x0000000c   Data   RO         7303    .conststrlit        nrf_sdh_soc.o
    0x00031ffc   0x00031ffc   0x00000020   Data   RO         7476    Region$$Table       anon$$obj.o
    0x0003201c   0x0003201c   0x00000010   Data   RO         6488    log_backends        nrf_log_default_backends.o
    0x0003202c   0x0003202c   0x00000008   Data   RO         1425    log_const_data      gatt_cache_manager.o
    0x00032034   0x00032034   0x00000008   Data   RO         1605    log_const_data      gatts_cache_manager.o
    0x0003203c   0x0003203c   0x00000008   Data   RO         1712    log_const_data      id_manager.o
    0x00032044   0x00032044   0x00000008   Data   RO         1870    log_const_data      nrf_ble_gatt.o
    0x0003204c   0x0003204c   0x00000008   Data   RO         2025    log_const_data      peer_data_storage.o
    0x00032054   0x00032054   0x00000008   Data   RO         2165    log_const_data      peer_database.o
    0x0003205c   0x0003205c   0x00000008   Data   RO         2404    log_const_data      peer_manager.o
    0x00032064   0x00032064   0x00000008   Data   RO         2683    log_const_data      peer_manager_handler.o
    0x0003206c   0x0003206c   0x00000008   Data   RO         2835    log_const_data      security_dispatcher.o
    0x00032074   0x00032074   0x00000008   Data   RO         2979    log_const_data      security_manager.o
    0x0003207c   0x0003207c   0x00000008   Data   RO         3150    log_const_data      nrf_drv_clock.o
    0x00032084   0x00032084   0x00000008   Data   RO         3538    log_const_data      nrfx_clock.o
    0x0003208c   0x0003208c   0x00000008   Data   RO         3710    log_const_data      nrfx_gpiote.o
    0x00032094   0x00032094   0x00000008   Data   RO         3970    log_const_data      nrfx_prs.o
    0x0003209c   0x0003209c   0x00000008   Data   RO         4049    log_const_data      nrfx_uart.o
    0x000320a4   0x000320a4   0x00000008   Data   RO         4233    log_const_data      nrfx_uarte.o
    0x000320ac   0x000320ac   0x00000008   Data   RO         4381    log_const_data      app_button.o
    0x000320b4   0x000320b4   0x00000008   Data   RO         4648    log_const_data      app_timer2.o
    0x000320bc   0x000320bc   0x00000008   Data   RO         5798    log_const_data      nrf_fstorage.o
    0x000320c4   0x000320c4   0x00000008   Data   RO         6072    log_const_data      nrf_pwr_mgmt.o
    0x000320cc   0x000320cc   0x00000008   Data   RO         6239    log_const_data      nrf_sortlist.o
    0x000320d4   0x000320d4   0x00000008   Data   RO         6559    log_const_data      nrf_log_frontend.o
    0x000320dc   0x000320dc   0x00000008   Data   RO         7145    log_const_data      nrf_sdh.o
    0x000320e4   0x000320e4   0x00000008   Data   RO         7255    log_const_data      nrf_sdh_ble.o
    0x000320ec   0x000320ec   0x00000008   Data   RO         7304    log_const_data      nrf_sdh_soc.o
    0x000320f4   0x000320f4   0x00000014   Data   RO         6560    nrf_balloc          nrf_log_frontend.o
    0x00032108   0x00032108   0x00000008   Data   RO         1185    sdh_ble_observers0  ble_conn_state.o
    0x00032110   0x00032110   0x00000010   Data   RO           19    sdh_ble_observers1  main.o
    0x00032120   0x00032120   0x00000008   Data   RO          641    sdh_ble_observers1  bsp_btn_ble.o
    0x00032128   0x00032128   0x00000008   Data   RO         1078    sdh_ble_observers1  ble_conn_params.o
    0x00032130   0x00032130   0x00000008   Data   RO         2405    sdh_ble_observers1  peer_manager.o
    0x00032138   0x00032138   0x00000008   Data   RO           20    sdh_ble_observers2  main.o
    0x00032140   0x00032140   0x00000008   Data   RO           21    sdh_ble_observers3  main.o
    0x00032148   0x00032148   0x00000008   Data   RO         5892    sdh_req_observers0  nrf_fstorage_sd.o
    0x00032150   0x00032150   0x00000008   Data   RO         3151    sdh_soc_observers0  nrf_drv_clock.o
    0x00032158   0x00032158   0x00000008   Data   RO         5893    sdh_soc_observers0  nrf_fstorage_sd.o
    0x00032160   0x00032160   0x00000008   Data   RO         7256    sdh_stack_observers0  nrf_sdh_ble.o
    0x00032168   0x00032168   0x00000008   Data   RO         7305    sdh_stack_observers0  nrf_sdh_soc.o
    0x00032170   0x00032170   0x00000008   Data   RO         3152    sdh_state_observers0  nrf_drv_clock.o
    0x00032178   0x00032178   0x00000008   Data   RO         5894    sdh_state_observers0  nrf_fstorage_sd.o


    Execution Region RW_IRAM1 (Exec base: 0x20002250, Load base: 0x00032180, Size: 0x00003358, Max: 0x0000ddb0, ABSOLUTE, COMPRESSED[0x00000098])

    Exec Addr    Load Addr    Size         Type   Attr      Idx    E Section Name        Object

    0x20002250   COMPRESSED   0x00000002   Data   RW           18    .data               main.o
    0x20002252   COMPRESSED   0x00000002   PAD
    0x20002254   COMPRESSED   0x00000010   Data   RW          539    .data               bsp.o
    0x20002264   COMPRESSED   0x00000008   Data   RW          640    .data               bsp_btn_ble.o
    0x2000226c   COMPRESSED   0x00000008   Data   RW         1077    .data               ble_conn_params.o
    0x20002274   COMPRESSED   0x00000010   Data   RW         1424    .data               gatt_cache_manager.o
    0x20002284   COMPRESSED   0x0000000c   Data   RW         1604    .data               gatts_cache_manager.o
    0x20002290   COMPRESSED   0x0000000c   Data   RW         2024    .data               peer_data_storage.o
    0x2000229c   COMPRESSED   0x00000008   Data   RW         2164    .data               peer_database.o
    0x200022a4   COMPRESSED   0x00000010   Data   RW         2403    .data               peer_manager.o
    0x200022b4   COMPRESSED   0x00000060   Data   RW         2681    .data               peer_manager_handler.o
    0x20002314   COMPRESSED   0x00000005   Data   RW         2834    .data               security_dispatcher.o
    0x20002319   COMPRESSED   0x00000003   PAD
    0x2000231c   COMPRESSED   0x00000015   Data   RW         2978    .data               security_manager.o
    0x20002331   COMPRESSED   0x00000003   PAD
    0x20002334   COMPRESSED   0x0000000c   Data   RW         3331    .data               nrf_drv_uart.o
    0x20002340   COMPRESSED   0x00000008   Data   RW         3537    .data               nrfx_clock.o
    0x20002348   COMPRESSED   0x00000008   Data   RW         3969    .data               nrfx_prs.o
    0x20002350   COMPRESSED   0x00000018   Data   RW         4380    .data               app_button.o
    0x20002368   COMPRESSED   0x00000020   Data   RW         4646    .data               app_timer2.o
    0x20002388   COMPRESSED   0x00000004   Data   RW         4647    .data               app_timer2.o
    0x2000238c   COMPRESSED   0x0000000c   Data   RW         4885    .data               drv_rtc.o
    0x20002398   COMPRESSED   0x00000030   Data   RW         5086    .data               fds.o
    0x200023c8   COMPRESSED   0x00000008   Data   RW         5891    .data               nrf_fstorage_sd.o
    0x200023d0   COMPRESSED   0x00000008   Data   RW         6071    .data               nrf_pwr_mgmt.o
    0x200023d8   COMPRESSED   0x00000018   Data   RW         6422    .data               nrf_log_backend_uart.o
    0x200023f0   COMPRESSED   0x00000008   Data   RW         6487    .data               nrf_log_default_backends.o
    0x200023f8   COMPRESSED   0x00000004   Data   RW         6556    .data               nrf_log_frontend.o
    0x200023fc   COMPRESSED   0x00000008   Data   RW         6557    .data               nrf_log_frontend.o
    0x20002404   COMPRESSED   0x00000008   Data   RW         6558    .data               nrf_log_frontend.o
    0x2000240c   COMPRESSED   0x00000040   Data   RW         6717    .data               nrf_log_str_formatter.o
    0x2000244c   COMPRESSED   0x00000003   Data   RW         7144    .data               nrf_sdh.o
    0x2000244f   COMPRESSED   0x00000001   Data   RW         7254    .data               nrf_sdh_ble.o
    0x20002450   COMPRESSED   0x00000004   Data   RW         7346    .data               system_nrf52.o
    0x20002454   COMPRESSED   0x00000014   Data   RW         5087    fs_data             fds.o
    0x20002468        -       0x00000454   Zero   RW           17    .bss                main.o
    0x200028bc   COMPRESSED   0x00000004   PAD
    0x200028c0        -       0x00000020   Zero   RW          534    .bss                bsp.o
    0x200028e0        -       0x00000020   Zero   RW          535    .bss                bsp.o
    0x20002900        -       0x0000000c   Zero   RW          536    .bss                bsp.o
    0x2000290c   COMPRESSED   0x00000004   PAD
    0x20002910        -       0x00000020   Zero   RW          537    .bss                bsp.o
    0x20002930        -       0x00000050   Zero   RW         1076    .bss                ble_conn_params.o
    0x20002980        -       0x0000007c   Zero   RW         1184    .bss                ble_conn_state.o
    0x200029fc        -       0x000000d8   Zero   RW         1707    .bss                id_manager.o
    0x20002ad4        -       0x00000180   Zero   RW         2160    .bss                peer_database.o
    0x20002c54        -       0x00000040   Zero   RW         2276    .bss                peer_id.o
    0x20002c94        -       0x0000000c   Zero   RW         2399    .bss                peer_manager.o
    0x20002ca0        -       0x00000040   Zero   RW         2830    .bss                security_dispatcher.o
    0x20002ce0        -       0x00000014   Zero   RW         3144    .bss                nrf_drv_clock.o
    0x20002cf4        -       0x0000005c   Zero   RW         3704    .bss                nrfx_gpiote.o
    0x20002d50        -       0x0000002c   Zero   RW         4043    .bss                nrfx_uart.o
    0x20002d7c        -       0x00000024   Zero   RW         4227    .bss                nrfx_uarte.o
    0x20002da0        -       0x00000020   Zero   RW         4376    .bss                app_button.o
    0x20002dc0        -       0x00000010   Zero   RW         4377    .bss                app_button.o
    0x20002dd0        -       0x00000010   Zero   RW         4642    .bss                app_timer2.o
    0x20002de0        -       0x00000058   Zero   RW         4643    .bss                app_timer2.o
    0x20002e38        -       0x0000000c   Zero   RW         4772    .bss                app_util_platform.o
    0x20002e44        -       0x00000010   Zero   RW         5083    .bss                fds.o
    0x20002e54        -       0x000000e0   Zero   RW         5084    .bss                fds.o
    0x20002f34        -       0x00000010   Zero   RW         5887    .bss                nrf_fstorage_sd.o
    0x20002f44        -       0x000000a0   Zero   RW         5888    .bss                nrf_fstorage_sd.o
    0x20002fe4        -       0x0000000c   Zero   RW         6067    .bss                nrf_pwr_mgmt.o
    0x20002ff0        -       0x00000040   Zero   RW         6419    .bss                nrf_log_backend_uart.o
    0x20003030        -       0x000000c0   Zero   RW         6550    .bss                nrf_log_frontend.o
    0x200030f0        -       0x00000080   Zero   RW         6551    .bss                nrf_log_frontend.o
    0x20003170        -       0x00000018   Zero   RW         6552    .bss                nrf_log_frontend.o
    0x20003188        -       0x00000420   Zero   RW         6553    .bss                nrf_log_frontend.o
    0x200035a8        -       0x00002000   Zero   RW         7332    STACK               arm_startup_nrf52.o


==============================================================================

Image component sizes


      Code (inc. data)   RO Data    RW Data    ZI Data      Debug   Object Name

       664         66         27         24         48      22650   app_button.o
        22          0          0          0          0       2541   app_error.o
       132         46          0          0          0      34197   app_error_weak.o
         0          0          0          0          0      37190   app_scheduler.o
       846         88         38         36        104      16769   app_timer2.o
       124         14          0          0         12      10762   app_util_platform.o
        36          8        512          0       8192        936   arm_startup_nrf52.o
         0          0          0          0          0      39454   auth_status_tracker.o
      1338          0          0          0          0     104072   ble_advdata.o
      1076          6          0          0          0      26815   ble_advertising.o
       636         44          8          8         80      16135   ble_conn_params.o
       772         62          8          0        124      15813   ble_conn_state.o
         8          0          0          0          0       1470   ble_srv_common.o
       358         40          8          0          0      14627   boards.o
      1006         84         44         16        108      16243   bsp.o
       252         10          8          8          0       4896   bsp_btn_ble.o
       704         76          6         12          0      48817   drv_rtc.o
      3872        348         24         68        240      51190   fds.o
      2152        552        553         16          0      43392   gatt_cache_manager.o
       686         84        462         12          0      16739   gatts_cache_manager.o
       946         34         32          0        216      21760   id_manager.o
      1208        226         32          2       1108     160417   main.o
       342          0          0          0          0       6774   nrf_atfifo.o
       170          0          0          0          0       4880   nrf_atflags.o
       332          0          0          0          0      10246   nrf_atomic.o
       164          0          0          0          0       3664   nrf_balloc.o
       922        272        205          0          0      37299   nrf_ble_gatt.o
       276          0          0          0          0       6249   nrf_ble_qwr.o
       312         36         30          0         20      53308   nrf_drv_clock.o
       200         26          0         12          0      17908   nrf_drv_uart.o
        50          0          0          0          0       3561   nrf_fprintf.o
       866          4         16          0          0       6594   nrf_fprintf_format.o
       972        432        194          0          0       8100   nrf_fstorage.o
       798         82         72          8        176      16155   nrf_fstorage_sd.o
       194          0          0          0          0      11653   nrf_log_backend_serial.o
       232         44         44         24         64      16002   nrf_log_backend_uart.o
        28          4         33          8          0       3369   nrf_log_default_backends.o
      1512        128         44         20       1400      31676   nrf_log_frontend.o
       570        108        102         64          0       5708   nrf_log_str_formatter.o
       346          0          0          0          0       9643   nrf_memobj.o
       108         16         53          8         12      41466   nrf_pwr_mgmt.o
        28          0          0          0          0       2387   nrf_ringbuf.o
       560         60        104          3          0      45476   nrf_sdh.o
       672        232        468          1          0       5917   nrf_sdh_ble.o
        60          4         56          0          0       2492   nrf_sdh_soc.o
        78          0          0          0          0       2816   nrf_section_iter.o
        84          0         17          0          0       4161   nrf_sortlist.o
        76         10       1319          0          0       2775   nrf_strerror.o
       242         32         14          8          0      47252   nrfx_clock.o
      1268        106         19          0         92      66093   nrfx_gpiote.o
       112         16         12          8          0       4536   nrfx_prs.o
      1310         42         17          0         44      30793   nrfx_uart.o
      1312         42         18          0         36      26243   nrfx_uarte.o
      1172        144        281         12          0      18410   peer_data_storage.o
      1434        260        425          8        384      19670   peer_database.o
       314         38          0          0         64       9251   peer_id.o
      1678        454        217         16         12      20079   peer_manager.o
      1824        842        832         96          0       9440   peer_manager_handler.o
       234          0          0          0          0       5495   pm_buffer.o
      1944        268        835          5         64      27151   security_dispatcher.o
      1372        122        411         21          0      54790   security_manager.o
       156         30          0          4          0       2573   system_nrf52.o

    ----------------------------------------------------------------------
     41240       5642       7700        536      12608    1408940   Object Totals
         0          0         32          0          0          0   (incl. Generated)
        78          0         68          8          8          0   (incl. Padding)

    ----------------------------------------------------------------------

      Code (inc. data)   RO Data    RW Data    ZI Data      Debug   Library Member Name

        86          0          0          0          0          0   __dczerorl2.o
         8          4        133          0          0         68   ctype_o.o
         0          0          0          0          0          0   entry.o
         0          0          0          0          0          0   entry10a.o
         0          0          0          0          0          0   entry11a.o
         4          0          0          0          0          0   entry12b.o
         8          4          0          0          0          0   entry2.o
         4          0          0          0          0          0   entry5.o
         0          0          0          0          0          0   entry7b.o
         0          0          0          0          0          0   entry8b.o
         8          4          0          0          0          0   entry9a.o
        30          0          0          0          0          0   handlers.o
        36          8          0          0          0         68   init.o
        30          0          0          0          0         68   llshl.o
        32          0          0          0          0         68   llushr.o
        26          0          0          0          0         80   memcmp.o
        36          0          0          0          0         68   memcpya.o
        36          0          0          0          0        108   memseta.o
        14          0          0          0          0         68   strlen.o
        98          0          0          0          0         92   uldiv.o

    ----------------------------------------------------------------------
       460         20        136          0          0        688   Library Totals
         4          0          3          0          0          0   (incl. Padding)

    ----------------------------------------------------------------------

      Code (inc. data)   RO Data    RW Data    ZI Data      Debug   Library Name

       456         20        133          0          0        688   mc_w.l

    ----------------------------------------------------------------------
       460         20        136          0          0        688   Library Totals

    ----------------------------------------------------------------------

==============================================================================


      Code (inc. data)   RO Data    RW Data    ZI Data      Debug   

     41700       5662       7836        536      12608    1356804   Grand Totals
     41700       5662       7836        152      12608    1356804   ELF Image Totals (compressed)
     41700       5662       7836        152          0          0   ROM Totals

==============================================================================

    Total RO  Size (Code + RO Data)                49536 (  48.38kB)
    Total RW  Size (RW Data + ZI Data)             13144 (  12.84kB)
    Total ROM Size (Code + RO Data + RW Data)      49688 (  48.52kB)

==============================================================================

